Archive member included to satisfy reference by file (symbol)

C:/ST/STM32CubeIDE_1.16.0/STM32CubeIDE/plugins/com.st.stm32cube.ide.mcu.externaltools.gnu-tools-for-stm32.12.3.rel1.win32_1.0.200.202406191623/tools/bin/../lib/gcc/arm-none-eabi/12.3.1/../../../../arm-none-eabi/lib/thumb/v7e-m+fp/hard\libc_nano.a(libc_a-exit.o)
                              C:/ST/STM32CubeIDE_1.16.0/STM32CubeIDE/plugins/com.st.stm32cube.ide.mcu.externaltools.gnu-tools-for-stm32.12.3.rel1.win32_1.0.200.202406191623/tools/bin/../lib/gcc/arm-none-eabi/12.3.1/../../../../arm-none-eabi/lib/thumb/v7e-m+fp/hard/crt0.o (exit)
C:/ST/STM32CubeIDE_1.16.0/STM32CubeIDE/plugins/com.st.stm32cube.ide.mcu.externaltools.gnu-tools-for-stm32.12.3.rel1.win32_1.0.200.202406191623/tools/bin/../lib/gcc/arm-none-eabi/12.3.1/../../../../arm-none-eabi/lib/thumb/v7e-m+fp/hard\libc_nano.a(libc_a-findfp.o)
                              C:/ST/STM32CubeIDE_1.16.0/STM32CubeIDE/plugins/com.st.stm32cube.ide.mcu.externaltools.gnu-tools-for-stm32.12.3.rel1.win32_1.0.200.202406191623/tools/bin/../lib/gcc/arm-none-eabi/12.3.1/../../../../arm-none-eabi/lib/thumb/v7e-m+fp/hard\libc_nano.a(libc_a-exit.o) (__stdio_exit_handler)
C:/ST/STM32CubeIDE_1.16.0/STM32CubeIDE/plugins/com.st.stm32cube.ide.mcu.externaltools.gnu-tools-for-stm32.12.3.rel1.win32_1.0.200.202406191623/tools/bin/../lib/gcc/arm-none-eabi/12.3.1/../../../../arm-none-eabi/lib/thumb/v7e-m+fp/hard\libc_nano.a(libc_a-fwalk.o)
                              C:/ST/STM32CubeIDE_1.16.0/STM32CubeIDE/plugins/com.st.stm32cube.ide.mcu.externaltools.gnu-tools-for-stm32.12.3.rel1.win32_1.0.200.202406191623/tools/bin/../lib/gcc/arm-none-eabi/12.3.1/../../../../arm-none-eabi/lib/thumb/v7e-m+fp/hard\libc_nano.a(libc_a-findfp.o) (_fwalk_sglue)
C:/ST/STM32CubeIDE_1.16.0/STM32CubeIDE/plugins/com.st.stm32cube.ide.mcu.externaltools.gnu-tools-for-stm32.12.3.rel1.win32_1.0.200.202406191623/tools/bin/../lib/gcc/arm-none-eabi/12.3.1/../../../../arm-none-eabi/lib/thumb/v7e-m+fp/hard\libc_nano.a(libc_a-stdio.o)
                              C:/ST/STM32CubeIDE_1.16.0/STM32CubeIDE/plugins/com.st.stm32cube.ide.mcu.externaltools.gnu-tools-for-stm32.12.3.rel1.win32_1.0.200.202406191623/tools/bin/../lib/gcc/arm-none-eabi/12.3.1/../../../../arm-none-eabi/lib/thumb/v7e-m+fp/hard\libc_nano.a(libc_a-findfp.o) (__sread)
C:/ST/STM32CubeIDE_1.16.0/STM32CubeIDE/plugins/com.st.stm32cube.ide.mcu.externaltools.gnu-tools-for-stm32.12.3.rel1.win32_1.0.200.202406191623/tools/bin/../lib/gcc/arm-none-eabi/12.3.1/../../../../arm-none-eabi/lib/thumb/v7e-m+fp/hard\libc_nano.a(libc_a-memset.o)
                              C:/ST/STM32CubeIDE_1.16.0/STM32CubeIDE/plugins/com.st.stm32cube.ide.mcu.externaltools.gnu-tools-for-stm32.12.3.rel1.win32_1.0.200.202406191623/tools/bin/../lib/gcc/arm-none-eabi/12.3.1/../../../../arm-none-eabi/lib/thumb/v7e-m+fp/hard/crt0.o (memset)
C:/ST/STM32CubeIDE_1.16.0/STM32CubeIDE/plugins/com.st.stm32cube.ide.mcu.externaltools.gnu-tools-for-stm32.12.3.rel1.win32_1.0.200.202406191623/tools/bin/../lib/gcc/arm-none-eabi/12.3.1/../../../../arm-none-eabi/lib/thumb/v7e-m+fp/hard\libc_nano.a(libc_a-closer.o)
                              C:/ST/STM32CubeIDE_1.16.0/STM32CubeIDE/plugins/com.st.stm32cube.ide.mcu.externaltools.gnu-tools-for-stm32.12.3.rel1.win32_1.0.200.202406191623/tools/bin/../lib/gcc/arm-none-eabi/12.3.1/../../../../arm-none-eabi/lib/thumb/v7e-m+fp/hard\libc_nano.a(libc_a-stdio.o) (_close_r)
C:/ST/STM32CubeIDE_1.16.0/STM32CubeIDE/plugins/com.st.stm32cube.ide.mcu.externaltools.gnu-tools-for-stm32.12.3.rel1.win32_1.0.200.202406191623/tools/bin/../lib/gcc/arm-none-eabi/12.3.1/../../../../arm-none-eabi/lib/thumb/v7e-m+fp/hard\libc_nano.a(libc_a-reent.o)
                              C:/ST/STM32CubeIDE_1.16.0/STM32CubeIDE/plugins/com.st.stm32cube.ide.mcu.externaltools.gnu-tools-for-stm32.12.3.rel1.win32_1.0.200.202406191623/tools/bin/../lib/gcc/arm-none-eabi/12.3.1/../../../../arm-none-eabi/lib/thumb/v7e-m+fp/hard\libc_nano.a(libc_a-closer.o) (errno)
C:/ST/STM32CubeIDE_1.16.0/STM32CubeIDE/plugins/com.st.stm32cube.ide.mcu.externaltools.gnu-tools-for-stm32.12.3.rel1.win32_1.0.200.202406191623/tools/bin/../lib/gcc/arm-none-eabi/12.3.1/../../../../arm-none-eabi/lib/thumb/v7e-m+fp/hard\libc_nano.a(libc_a-impure.o)
                              C:/ST/STM32CubeIDE_1.16.0/STM32CubeIDE/plugins/com.st.stm32cube.ide.mcu.externaltools.gnu-tools-for-stm32.12.3.rel1.win32_1.0.200.202406191623/tools/bin/../lib/gcc/arm-none-eabi/12.3.1/../../../../arm-none-eabi/lib/thumb/v7e-m+fp/hard\libc_nano.a(libc_a-reent.o) (_impure_ptr)
C:/ST/STM32CubeIDE_1.16.0/STM32CubeIDE/plugins/com.st.stm32cube.ide.mcu.externaltools.gnu-tools-for-stm32.12.3.rel1.win32_1.0.200.202406191623/tools/bin/../lib/gcc/arm-none-eabi/12.3.1/../../../../arm-none-eabi/lib/thumb/v7e-m+fp/hard\libc_nano.a(libc_a-lseekr.o)
[...]
Memory Configuration

Name             Origin             Length             Attributes
CCMRAM           0x10000000         0x00010000         xrw
RAM              0x20000000         0x00030000         xrw
FLASH            0x08000000         0x00200000         xr
*default*        0x00000000         0xffffffff

Linker script and memory map

LOAD C:/ST/STM32CubeIDE_1.16.0/STM32CubeIDE/plugins/com.st.stm32cube.ide.mcu.externaltools.gnu-tools-for-stm32.12.3.rel1.win32_1.0.200.202406191623/tools/bin/../lib/gcc/arm-none-eabi/12.3.1/thumb/v7e-m+fp/hard/crti.o
LOAD C:/ST/STM32CubeIDE_1.16.0/STM32CubeIDE/plugins/com.st.stm32cube.ide.mcu.externaltools.gnu-tools-for-stm32.12.3.rel1.win32_1.0.200.202406191623/tools/bin/../lib/gcc/arm-none-eabi/12.3.1/thumb/v7e-m+fp/hard/crtbegin.o
LOAD C:/ST/STM32CubeIDE_1.16.0/STM32CubeIDE/plugins/com.st.stm32cube.ide.mcu.externaltools.gnu-tools-for-stm32.12.3.rel1.win32_1.0.200.202406191623/tools/bin/../lib/gcc/arm-none-eabi/12.3.1/../../../../arm-none-eabi/lib/thumb/v7e-m+fp/hard/crt0.o
LOAD ./Core/Src/ApplicationCode.o
LOAD ./Core/Src/LCD_Driver.o
LOAD ./Core/Src/fonts.o
LOAD ./Core/Src/ili9341.o
LOAD ./Core/Src/main.o
LOAD ./Core/Src/stm32f4xx_hal_msp.o
LOAD ./Core/Src/stm32f4xx_it.o
LOAD ./Core/Src/stmpe811.o
LOAD ./Core/Src/syscalls.o
LOAD ./Core/Src/sysmem.o
LOAD ./Core/Src/system_stm32f4xx.o
LOAD ./Core/Startup/startup_stm32f429zitx.o
LOAD ./Drivers/STM32F4xx_HAL_Driver/Src/stm32f4xx_hal.o
LOAD ./Drivers/STM32F4xx_HAL_Driver/Src/stm32f4xx_hal_cortex.o
LOAD ./Drivers/STM32F4xx_HAL_Driver/Src/stm32f4xx_hal_dma.o
LOAD ./Drivers/STM32F4xx_HAL_Driver/Src/stm32f4xx_hal_dma_ex.o
LOAD ./Drivers/STM32F4xx_HAL_Driver/Src/stm32f4xx_hal_dsi.o
LOAD ./Drivers/STM32F4xx_HAL_Driver/Src/stm32f4xx_hal_exti.o
LOAD ./Drivers/STM32F4xx_HAL_Driver/Src/stm32f4xx_hal_flash.o
LOAD ./Drivers/STM32F4xx_HAL_Driver/Src/stm32f4xx_hal_flash_ex.o
LOAD ./Drivers/STM32F4xx_HAL_Driver/Src/stm32f4xx_hal_flash_ramfunc.o
LOAD ./Drivers/STM32F4xx_HAL_Driver/Src/stm32f4xx_hal_gpio.o
LOAD ./Drivers/STM32F4xx_HAL_Driver/Src/stm32f4xx_hal_i2c.o
LOAD ./Drivers/STM32F4xx_HAL_Driver/Src/stm32f4xx_hal_i2c_ex.o
LOAD ./Drivers/STM32F4xx_HAL_Driver/Src/stm32f4xx_hal_ltdc.o
LOAD ./Drivers/STM32F4xx_HAL_Driver/Src/stm32f4xx_hal_ltdc_ex.o
LOAD ./Drivers/STM32F4xx_HAL_Driver/Src/stm32f4xx_hal_pwr.o
LOAD ./Drivers/STM32F4xx_HAL_Driver/Src/stm32f4xx_hal_pwr_ex.o
LOAD ./Drivers/STM32F4xx_HAL_Driver/Src/stm32f4xx_hal_rcc.o
LOAD ./Drivers/STM32F4xx_HAL_Driver/Src/stm32f4xx_hal_rcc_ex.o
LOAD ./Drivers/STM32F4xx_HAL_Driver/Src/stm32f4xx_hal_rng.o
LOAD ./Drivers/STM32F4xx_HAL_Driver/Src/stm32f4xx_hal_spi.o
LOAD ./Drivers/STM32F4xx_HAL_Driver/Src/stm32f4xx_hal_tim.o
LOAD ./Drivers/STM32F4xx_HAL_Driver/Src/stm32f4xx_hal_tim_ex.o
START GROUP
LOAD C:/ST/STM32CubeIDE_1.16.0/STM32CubeIDE/plugins/com.st.stm32cube.ide.mcu.externaltools.gnu-tools-for-stm32.12.3.rel1.win32_1.0.200.202406191623/tools/bin/../lib/gcc/arm-none-eabi/12.3.1/../../../../arm-none-eabi/lib/thumb/v7e-m+fp/hard\libc_nano.a
LOAD C:/ST/STM32CubeIDE_1.16.0/STM32CubeIDE/plugins/com.st.stm32cube.ide.mcu.externaltools.gnu-tools-for-stm32.12.3.rel1.win32_1.0.200.202406191623/tools/bin/../lib/gcc/arm-none-eabi/12.3.1/../../../../arm-none-eabi/lib/thumb/v7e-m+fp/hard\libm.a
END GROUP
START GROUP
LOAD C:/ST/STM32CubeIDE_1.16.0/STM32CubeIDE/plugins/com.st.stm32cube.ide.mcu.externaltools.gnu-tools-for-stm32.12.3.rel1.win32_1.0.200.202406191623/tools/bin/../lib/gcc/arm-none-eabi/12.3.1/thumb/v7e-m+fp/hard\libgcc.a
LOAD C:/ST/STM32CubeIDE_1.16.0/STM32CubeIDE/plugins/com.st.stm32cube.ide.mcu.externaltools.gnu-tools-for-stm32.12.3.rel1.win32_1.0.200.202406191623/tools/bin/../lib/gcc/arm-none-eabi/12.3.1/../../../../arm-none-eabi/lib/thumb/v7e-m+fp/hard\libc_nano.a
END GROUP
START GROUP
LOAD C:/ST/STM32CubeIDE_1.16.0/STM32CubeIDE/plugins/com.st.stm32cube.ide.mcu.externaltools.gnu-tools-for-stm32.12.3.rel1.win32_1.0.200.202406191623/tools/bin/../lib/gcc/arm-none-eabi/12.3.1/thumb/v7e-m+fp/hard\libgcc.a
LOAD C:/ST/STM32CubeIDE_1.16.0/STM32CubeIDE/plugins/com.st.stm32cube.ide.mcu.externaltools.gnu-tools-for-stm32.12.3.rel1.win32_1.0.200.202406191623/tools/bin/../lib/gcc/arm-none-eabi/12.3.1/../../../../arm-none-eabi/lib/thumb/v7e-m+fp/hard\libc_nano.a
LOAD C:/ST/STM32CubeIDE_1.16.0/STM32CubeIDE/plugins/com.st.stm32cube.ide.mcu.externaltools.gnu-tools-for-stm32.12.3.rel1.win32_1.0.200.202406191623/tools/bin/../lib/gcc/arm-none-eabi/12.3.1/../../../../arm-none-eabi/lib/thumb/v7e-m+fp/hard\libnosys.a
END GROUP
START GROUP
LOAD C:/ST/STM32CubeIDE_1.16.0/STM32CubeIDE/plugins/com.st.stm32cube.ide.mcu.externaltools.gnu-tools-for-stm32.12.3.rel1.win32_1.0.200.202406191623/tools/bin/../lib/gcc/arm-none-eabi/12.3.1/thumb/v7e-m+fp/hard\libgcc.a
LOAD C:/ST/STM32CubeIDE_1.16.0/STM32CubeIDE/plugins/com.st.stm32cube.ide.mcu.externaltools.gnu-tools-for-stm32.12.3.rel1.win32_1.0.200.202406191623/tools/bin/../lib/gcc/arm-none-eabi/12.3.1/../../../../arm-none-eabi/lib/thumb/v7e-m+fp/hard\libc_nano.a
LOAD C:/ST/STM32CubeIDE_1.16.0/STM32CubeIDE/plugins/com.st.stm32cube.ide.mcu.externaltools.gnu-tools-for-stm32.12.3.rel1.win32_1.0.200.202406191623/tools/bin/../lib/gcc/arm-none-eabi/12.3.1/../../../../arm-none-eabi/lib/thumb/v7e-m+fp/hard\libnosys.a
END GROUP
LOAD C:/ST/STM32CubeIDE_1.16.0/STM32CubeIDE/plugins/com.st.stm32cube.ide.mcu.externaltools.gnu-tools-for-stm32.12.3.rel1.win32_1.0.200.202406191623/tools/bin/../lib/gcc/arm-none-eabi/12.3.1/thumb/v7e-m+fp/hard/crtend.o
LOAD C:/ST/STM32CubeIDE_1.16.0/STM32CubeIDE/plugins/com.st.stm32cube.ide.mcu.externaltools.gnu-tools-for-stm32.12.3.rel1.win32_1.0.200.202406191623/tools/bin/../lib/gcc/arm-none-eabi/12.3.1/thumb/v7e-m+fp/hard/crtn.o
                0x20030000                        _estack = (ORIGIN (RAM) + LENGTH (RAM))
                0x00000200                        _Min_Heap_Size = 0x200
                0x00000400                        _Min_Stack_Size = 0x400

.isr_vector     0x08000000      0x1ac
                0x08000000                        . = ALIGN (0x4)
 *(.isr_vector)
 .isr_vector    0x08000000      0x1ac ./Core/Startup/startup_stm32f429zitx.o
                0x08000000                g_pfnVectors
                0x080001ac                        . = ALIGN (0x4)

.text           0x080001ac     0x352c
                0x080001ac                        . = ALIGN (0x4)
 *(.text)
 .text          0x080001ac       0x40 C:/ST/STM32CubeIDE_1.16.0/STM32CubeIDE/plugins/com.st.stm32cube.ide.mcu.externaltools.gnu-tools-for-stm32.12.3.rel1.win32_1.0.200.202406191623/tools/bin/../lib/gcc/arm-none-eabi/12.3.1/thumb/v7e-m+fp/hard/crtbegin.o
 *(.text*)
 .text.ApplicationInit
                0x080001ec       0x20 ./Core/Src/ApplicationCode.o
                0x080001ec                ApplicationInit
 .text.LCD_GPIO_Init
                0x0800020c      0x190 ./Core/Src/LCD_Driver.o
                0x0800020c                LCD_GPIO_Init
 .text.LTCD_Layer_Init
                0x0800039c       0x80 ./Core/Src/LCD_Driver.o
                0x0800039c                LTCD_Layer_Init
 .text.LTCD__Init
                0x0800041c       0xbc ./Core/Src/LCD_Driver.o
                0x0800041c                LTCD__Init
 .text.LCD_Draw_Pixel
                0x080004d8       0x3c ./Core/Src/LCD_Driver.o
                0x080004d8                LCD_Draw_Pixel
 .text.LCD_Draw_Square_Fill
                0x08000514       0x74 ./Core/Src/LCD_Driver.o
                0x08000514                LCD_Draw_Square_Fill
 .text.LCD_Clear
                0x08000588       0x44 ./Core/Src/LCD_Driver.o
                0x08000588                LCD_Clear
 .text.LCD_Error_Handler
                0x080005cc        0xc ./Core/Src/LCD_Driver.o
                0x080005cc                LCD_Error_Handler
 .text.ili9341_Init
                0x080005d8      0x294 ./Core/Src/ili9341.o
                0x080005d8                ili9341_Init
 .text.ili9341_Write_Reg
                0x0800086c       0x1a ./Core/Src/ili9341.o
                0x0800086c                ili9341_Write_Reg
 .text.ili9341_Send_Data
                0x08000886       0x1a ./Core/Src/ili9341.o
                0x08000886                ili9341_Send_Data
 .text.SPI_Init
                0x080008a0       0x74 ./Core/Src/ili9341.o
 .text.SPI_Write
                0x08000914       0x3c ./Core/Src/ili9341.o
 .text.SPI_Error
                0x08000950       0x18 ./Core/Src/ili9341.o
 .text.SPI_MspInit
                0x08000968       0x74 ./Core/Src/ili9341.o
 .text.LCD_IO_Init
                0x080009dc       0xf0 ./Core/Src/ili9341.o
                0x080009dc                LCD_IO_Init
 .text.LCD_IO_WriteData
                0x08000acc       0x44 ./Core/Src/ili9341.o
                0x08000acc                LCD_IO_WriteData
 .text.LCD_IO_WriteReg
                0x08000b10       0x44 ./Core/Src/ili9341.o
                0x08000b10                LCD_IO_WriteReg
 .text.LCD_Delay
                0x08000b54       0x16 ./Core/Src/ili9341.o
                0x08000b54                LCD_Delay
 .text.main     0x08000b6a       0x40 ./Core/Src/main.o
                0x08000b6a                main
 *fill*         0x08000baa        0x2 
 .text.MX_I2C3_Init
                0x08000bac       0x80 ./Core/Src/main.o
 .text.MX_LTDC_Init
                0x08000c2c      0x164 ./Core/Src/main.o
 .text.MX_RNG_Init
                0x08000d90       0x28 ./Core/Src/main.o
 .text.MX_SPI5_Init
                0x08000db8       0x6c ./Core/Src/main.o
 .text.MX_TIM6_Init
                0x08000e24       0x6c ./Core/Src/main.o
 .text.MX_TIM7_Init
                0x08000e90       0x6c ./Core/Src/main.o
 .text.MX_GPIO_Init
                0x08000efc      0x35c ./Core/Src/main.o
 .text.Error_Handler
                0x08001258        0xc ./Core/Src/main.o
                0x08001258                Error_Handler
 .text.HAL_MspInit
                0x08001264       0x50 ./Core/Src/stm32f4xx_hal_msp.o
                0x08001264                HAL_MspInit
 .text.HAL_I2C_MspInit
                0x080012b4       0xd4 ./Core/Src/stm32f4xx_hal_msp.o
                0x080012b4                HAL_I2C_MspInit
 .text.HAL_LTDC_MspInit
                0x08001388      0x250 ./Core/Src/stm32f4xx_hal_msp.o
                0x08001388                HAL_LTDC_MspInit
 .text.HAL_RNG_MspInit
                0x080015d8       0x44 ./Core/Src/stm32f4xx_hal_msp.o
                0x080015d8                HAL_RNG_MspInit
 .text.HAL_SPI_MspInit
                0x0800161c       0x90 ./Core/Src/stm32f4xx_hal_msp.o
                0x0800161c                HAL_SPI_MspInit
 .text.HAL_SPI_MspDeInit
                0x080016ac       0x3c ./Core/Src/stm32f4xx_hal_msp.o
                0x080016ac                HAL_SPI_MspDeInit
 .text.HAL_TIM_Base_MspInit
                0x080016e8       0x70 ./Core/Src/stm32f4xx_hal_msp.o
                0x080016e8                HAL_TIM_Base_MspInit
 .text.NMI_Handler
                0x08001758        0x8 ./Core/Src/stm32f4xx_it.o
                0x08001758                NMI_Handler
 .text.HardFault_Handler
                0x08001760        0x8 ./Core/Src/stm32f4xx_it.o
                0x08001760                HardFault_Handler
 .text.MemManage_Handler
                0x08001768        0x8 ./Core/Src/stm32f4xx_it.o
                0x08001768                MemManage_Handler
 .text.BusFault_Handler
                0x08001770        0x8 ./Core/Src/stm32f4xx_it.o
                0x08001770                BusFault_Handler
 .text.UsageFault_Handler
                0x08001778        0x8 ./Core/Src/stm32f4xx_it.o
                0x08001778                UsageFault_Handler
 .text.SVC_Handler
                0x08001780        0xe ./Core/Src/stm32f4xx_it.o
                0x08001780                SVC_Handler
 .text.DebugMon_Handler
                0x0800178e        0xe ./Core/Src/stm32f4xx_it.o
                0x0800178e                DebugMon_Handler
 .text.PendSV_Handler
                0x0800179c        0xe ./Core/Src/stm32f4xx_it.o
                0x0800179c                PendSV_Handler
 .text.SysTick_Handler
                0x080017aa        0xc ./Core/Src/stm32f4xx_it.o
                0x080017aa                SysTick_Handler
 .text.initialise_monitor_handles
                0x080017b6        0xe ./Core/Src/syscalls.o
                0x080017b6                initialise_monitor_handles
 .text.SystemInit
                0x080017c4       0x24 ./Core/Src/system_stm32f4xx.o
                0x080017c4                SystemInit
 .text.Reset_Handler
                0x080017e8       0x50 ./Core/Startup/startup_stm32f429zitx.o
                0x080017e8                Reset_Handler
 .text.Default_Handler
                0x08001838        0x2 ./Core/Startup/startup_stm32f429zitx.o
                0x08001838                RTC_Alarm_IRQHandler
                0x08001838                HASH_RNG_IRQHandler
                0x08001838                EXTI2_IRQHandler
                0x08001838                TIM8_CC_IRQHandler
                0x08001838                UART8_IRQHandler
                0x08001838                SPI4_IRQHandler
                0x08001838                TIM1_CC_IRQHandler
                0x08001838                DMA2_Stream5_IRQHandler
                0x08001838                DMA1_Stream5_IRQHandler
                0x08001838                PVD_IRQHandler
                0x08001838                SDIO_IRQHandler
                0x08001838                TAMP_STAMP_IRQHandler
                0x08001838                CAN2_RX1_IRQHandler
                0x08001838                EXTI3_IRQHandler
                0x08001838                TIM8_TRG_COM_TIM14_IRQHandler
                0x08001838                TIM1_UP_TIM10_IRQHandler
                0x08001838                TIM8_UP_TIM13_IRQHandler
                0x08001838                I2C3_ER_IRQHandler
                0x08001838                EXTI0_IRQHandler
                0x08001838                I2C2_EV_IRQHandler
                0x08001838                DMA1_Stream2_IRQHandler
                0x08001838                CAN1_RX0_IRQHandler
                0x08001838                FPU_IRQHandler
                0x08001838                OTG_HS_WKUP_IRQHandler
                0x08001838                LTDC_ER_IRQHandler
                0x08001838                CAN2_SCE_IRQHandler
                0x08001838                DMA2_Stream2_IRQHandler
                0x08001838                SPI1_IRQHandler
                0x08001838                TIM6_DAC_IRQHandler
                0x08001838                TIM1_BRK_TIM9_IRQHandler
                0x08001838                DCMI_IRQHandler
                0x08001838                CAN2_RX0_IRQHandler
                0x08001838                DMA2_Stream3_IRQHandler
                0x08001838                USART6_IRQHandler
                0x08001838                USART3_IRQHandler
                0x08001838                CAN1_RX1_IRQHandler
                0x08001838                UART5_IRQHandler
                0x08001838                DMA2_Stream0_IRQHandler
                0x08001838                TIM4_IRQHandler
                0x08001838                I2C1_EV_IRQHandler
                0x08001838                DMA1_Stream6_IRQHandler
                0x08001838                DMA1_Stream1_IRQHandler
                0x08001838                UART4_IRQHandler
                0x08001838                TIM3_IRQHandler
                0x08001838                RCC_IRQHandler
                0x08001838                TIM8_BRK_TIM12_IRQHandler
                0x08001838                Default_Handler
                0x08001838                EXTI15_10_IRQHandler
                0x08001838                ADC_IRQHandler
                0x08001838                DMA1_Stream7_IRQHandler
                0x08001838                SPI5_IRQHandler
                0x08001838                TIM7_IRQHandler
                0x08001838                CAN2_TX_IRQHandler
                0x08001838                TIM5_IRQHandler
                0x08001838                DMA2_Stream7_IRQHandler
                0x08001838                I2C3_EV_IRQHandler
                0x08001838                EXTI9_5_IRQHandler
                0x08001838                RTC_WKUP_IRQHandler
                0x08001838                LTDC_IRQHandler
                0x08001838                ETH_WKUP_IRQHandler
                0x08001838                SPI2_IRQHandler
                0x08001838                OTG_HS_EP1_IN_IRQHandler
                0x08001838                DMA1_Stream0_IRQHandler
                0x08001838                CAN1_TX_IRQHandler
                0x08001838                EXTI4_IRQHandler
                0x08001838                ETH_IRQHandler
                0x08001838                OTG_HS_EP1_OUT_IRQHandler
                0x08001838                WWDG_IRQHandler
                0x08001838                SPI6_IRQHandler
                0x08001838                TIM2_IRQHandler
                0x08001838                OTG_FS_WKUP_IRQHandler
                0x08001838                TIM1_TRG_COM_TIM11_IRQHandler
                0x08001838                OTG_HS_IRQHandler
                0x08001838                DMA2D_IRQHandler
                0x08001838                EXTI1_IRQHandler
                0x08001838                UART7_IRQHandler
                0x08001838                USART2_IRQHandler
                0x08001838                I2C2_ER_IRQHandler
                0x08001838                DMA2_Stream1_IRQHandler
                0x08001838                CAN1_SCE_IRQHandler
                0x08001838                FLASH_IRQHandler
                0x08001838                DMA2_Stream4_IRQHandler
                0x08001838                USART1_IRQHandler
                0x08001838                OTG_FS_IRQHandler
                0x08001838                SPI3_IRQHandler
                0x08001838                DMA1_Stream4_IRQHandler
                0x08001838                I2C1_ER_IRQHandler
                0x08001838                FMC_IRQHandler
                0x08001838                DMA2_Stream6_IRQHandler
                0x08001838                SAI1_IRQHandler
                0x08001838                DMA1_Stream3_IRQHandler
 *fill*         0x0800183a        0x2 
 .text.HAL_Init
                0x0800183c       0x44 ./Drivers/STM32F4xx_HAL_Driver/Src/stm32f4xx_hal.o
                0x0800183c                HAL_Init
 .text.HAL_InitTick
                0x08001880       0x60 ./Drivers/STM32F4xx_HAL_Driver/Src/stm32f4xx_hal.o
                0x08001880                HAL_InitTick
 .text.HAL_IncTick
                0x080018e0       0x28 ./Drivers/STM32F4xx_HAL_Driver/Src/stm32f4xx_hal.o
                0x080018e0                HAL_IncTick
 .text.HAL_GetTick
                0x08001908       0x18 ./Drivers/STM32F4xx_HAL_Driver/Src/stm32f4xx_hal.o
                0x08001908                HAL_GetTick
 .text.HAL_Delay
                0x08001920       0x48 ./Drivers/STM32F4xx_HAL_Driver/Src/stm32f4xx_hal.o
                0x08001920                HAL_Delay
 .text.__NVIC_SetPriorityGrouping
                0x08001968       0x48 ./Drivers/STM32F4xx_HAL_Driver/Src/stm32f4xx_hal_cortex.o
 .text.__NVIC_GetPriorityGrouping
                0x080019b0       0x1c ./Drivers/STM32F4xx_HAL_Driver/Src/stm32f4xx_hal_cortex.o
 .text.__NVIC_SetPriority
                0x080019cc       0x54 ./Drivers/STM32F4xx_HAL_Driver/Src/stm32f4xx_hal_cortex.o
 .text.NVIC_EncodePriority
                0x08001a20       0x66 ./Drivers/STM32F4xx_HAL_Driver/Src/stm32f4xx_hal_cortex.o
 *fill*         0x08001a86        0x2 
 .text.SysTick_Config
                0x08001a88       0x44 ./Drivers/STM32F4xx_HAL_Driver/Src/stm32f4xx_hal_cortex.o
 .text.HAL_NVIC_SetPriorityGrouping
                0x08001acc       0x16 ./Drivers/STM32F4xx_HAL_Driver/Src/stm32f4xx_hal_cortex.o
                0x08001acc                HAL_NVIC_SetPriorityGrouping
 .text.HAL_NVIC_SetPriority
                0x08001ae2       0x38 ./Drivers/STM32F4xx_HAL_Driver/Src/stm32f4xx_hal_cortex.o
                0x08001ae2                HAL_NVIC_SetPriority
 .text.HAL_SYSTICK_Config
                0x08001b1a       0x18 ./Drivers/STM32F4xx_HAL_Driver/Src/stm32f4xx_hal_cortex.o
                0x08001b1a                HAL_SYSTICK_Config
 *fill*         0x08001b32        0x2 
 .text.HAL_GPIO_Init
                0x08001b34      0x358 ./Drivers/STM32F4xx_HAL_Driver/Src/stm32f4xx_hal_gpio.o
                0x08001b34                HAL_GPIO_Init
 .text.HAL_GPIO_DeInit
                0x08001e8c      0x218 ./Drivers/STM32F4xx_HAL_Driver/Src/stm32f4xx_hal_gpio.o
                0x08001e8c                HAL_GPIO_DeInit
 .text.HAL_GPIO_WritePin
                0x080020a4       0x32 ./Drivers/STM32F4xx_HAL_Driver/Src/stm32f4xx_hal_gpio.o
                0x080020a4                HAL_GPIO_WritePin
 *fill*         0x080020d6        0x2 
 .text.HAL_I2C_Init
                0x080020d8      0x288 ./Drivers/STM32F4xx_HAL_Driver/Src/stm32f4xx_hal_i2c.o
                0x080020d8                HAL_I2C_Init
 .text.HAL_I2CEx_ConfigAnalogFilter
                0x08002360       0x78 ./Drivers/STM32F4xx_HAL_Driver/Src/stm32f4xx_hal_i2c_ex.o
                0x08002360                HAL_I2CEx_ConfigAnalogFilter
 .text.HAL_I2CEx_ConfigDigitalFilter
                0x080023d8       0x7e ./Drivers/STM32F4xx_HAL_Driver/Src/stm32f4xx_hal_i2c_ex.o
                0x080023d8                HAL_I2CEx_ConfigDigitalFilter
 *fill*         0x08002456        0x2 
 .text.HAL_LTDC_Init
                0x08002458      0x1a0 ./Drivers/STM32F4xx_HAL_Driver/Src/stm32f4xx_hal_ltdc.o
                0x08002458                HAL_LTDC_Init
 .text.HAL_LTDC_ConfigLayer
                0x080025f8       0x7c ./Drivers/STM32F4xx_HAL_Driver/Src/stm32f4xx_hal_ltdc.o
                0x080025f8                HAL_LTDC_ConfigLayer
 .text.LTDC_SetConfig
                0x08002674      0x32e ./Drivers/STM32F4xx_HAL_Driver/Src/stm32f4xx_hal_ltdc.o
 *fill*         0x080029a2        0x2 
 .text.HAL_RCC_GetHCLKFreq
                0x080029a4       0x18 ./Drivers/STM32F4xx_HAL_Driver/Src/stm32f4xx_hal_rcc.o
                0x080029a4                HAL_RCC_GetHCLKFreq
 .text.HAL_RCC_GetPCLK1Freq
                0x080029bc       0x28 ./Drivers/STM32F4xx_HAL_Driver/Src/stm32f4xx_hal_rcc.o
                0x080029bc                HAL_RCC_GetPCLK1Freq
 .text.HAL_RCCEx_PeriphCLKConfig
                0x080029e4      0x380 ./Drivers/STM32F4xx_HAL_Driver/Src/stm32f4xx_hal_rcc_ex.o
                0x080029e4                HAL_RCCEx_PeriphCLKConfig
 .text.HAL_RNG_Init
                0x08002d64       0x54 ./Drivers/STM32F4xx_HAL_Driver/Src/stm32f4xx_hal_rng.o
                0x08002d64                HAL_RNG_Init
 .text.HAL_SPI_Init
                0x08002db8      0x112 ./Drivers/STM32F4xx_HAL_Driver/Src/stm32f4xx_hal_spi.o
                0x08002db8                HAL_SPI_Init
 .text.HAL_SPI_DeInit
                0x08002eca       0x50 ./Drivers/STM32F4xx_HAL_Driver/Src/stm32f4xx_hal_spi.o
                0x08002eca                HAL_SPI_DeInit
 .text.HAL_SPI_Transmit
                0x08002f1a      0x288 ./Drivers/STM32F4xx_HAL_Driver/Src/stm32f4xx_hal_spi.o
                0x08002f1a                HAL_SPI_Transmit
 .text.HAL_SPI_GetState
                0x080031a2       0x1c ./Drivers/STM32F4xx_HAL_Driver/Src/stm32f4xx_hal_spi.o
                0x080031a2                HAL_SPI_GetState
 *fill*         0x080031be        0x2 
 .text.SPI_WaitFlagStateUntilTimeout
                0x080031c0      0x110 ./Drivers/STM32F4xx_HAL_Driver/Src/stm32f4xx_hal_spi.o
 .text.SPI_EndRxTxTransaction
                0x080032d0       0xa8 ./Drivers/STM32F4xx_HAL_Driver/Src/stm32f4xx_hal_spi.o
 .text.HAL_TIM_Base_Init
                0x08003378       0x9e ./Drivers/STM32F4xx_HAL_Driver/Src/stm32f4xx_hal_tim.o
                0x08003378                HAL_TIM_Base_Init
 *fill*         0x08003416        0x2 
 .text.TIM_Base_SetConfig
                0x08003418      0x158 ./Drivers/STM32F4xx_HAL_Driver/Src/stm32f4xx_hal_tim.o
                0x08003418                TIM_Base_SetConfig
 .text.HAL_TIMEx_MasterConfigSynchronization
                0x08003570       0xf8 ./Drivers/STM32F4xx_HAL_Driver/Src/stm32f4xx_hal_tim_ex.o
                0x08003570                HAL_TIMEx_MasterConfigSynchronization
 .text.memset   0x08003668       0x10 C:/ST/STM32CubeIDE_1.16.0/STM32CubeIDE/plugins/com.st.stm32cube.ide.mcu.externaltools.gnu-tools-for-stm32.12.3.rel1.win32_1.0.200.202406191623/tools/bin/../lib/gcc/arm-none-eabi/12.3.1/../../../../arm-none-eabi/lib/thumb/v7e-m+fp/hard\libc_nano.a(libc_a-memset.o)
                0x08003668                memset
 .text.__libc_init_array
                0x08003678       0x48 C:/ST/STM32CubeIDE_1.16.0/STM32CubeIDE/plugins/com.st.stm32cube.ide.mcu.externaltools.gnu-tools-for-stm32.12.3.rel1.win32_1.0.200.202406191623/tools/bin/../lib/gcc/arm-none-eabi/12.3.1/../../../../arm-none-eabi/lib/thumb/v7e-m+fp/hard\libc_nano.a(libc_a-init.o)
                0x08003678                __libc_init_array
 *(.glue_7)
 .glue_7        0x080036c0        0x0 linker stubs
 *(.glue_7t)
 .glue_7t       0x080036c0        0x0 linker stubs
 *(.eh_frame)
 .eh_frame      0x080036c0        0x0 C:/ST/STM32CubeIDE_1.16.0/STM32CubeIDE/plugins/com.st.stm32cube.ide.mcu.externaltools.gnu-tools-for-stm32.12.3.rel1.win32_1.0.200.202406191623/tools/bin/../lib/gcc/arm-none-eabi/12.3.1/thumb/v7e-m+fp/hard/crtbegin.o
 *(.init)
 .init          0x080036c0        0x4 C:/ST/STM32CubeIDE_1.16.0/STM32CubeIDE/plugins/com.st.stm32cube.ide.mcu.externaltools.gnu-tools-for-stm32.12.3.rel1.win32_1.0.200.202406191623/tools/bin/../lib/gcc/arm-none-eabi/12.3.1/thumb/v7e-m+fp/hard/crti.o
                0x080036c0                _init
 .init          0x080036c4        0x8 C:/ST/STM32CubeIDE_1.16.0/STM32CubeIDE/plugins/com.st.stm32cube.ide.mcu.externaltools.gnu-tools-for-stm32.12.3.rel1.win32_1.0.200.202406191623/tools/bin/../lib/gcc/arm-none-eabi/12.3.1/thumb/v7e-m+fp/hard/crtn.o
 *(.fini)
 .fini          0x080036cc        0x4 C:/ST/STM32CubeIDE_1.16.0/STM32CubeIDE/plugins/com.st.stm32cube.ide.mcu.externaltools.gnu-tools-for-stm32.12.3.rel1.win32_1.0.200.202406191623/tools/bin/../lib/gcc/arm-none-eabi/12.3.1/thumb/v7e-m+fp/hard/crti.o
                0x080036cc                _fini
 .fini          0x080036d0        0x8 C:/ST/STM32CubeIDE_1.16.0/STM32CubeIDE/plugins/com.st.stm32cube.ide.mcu.externaltools.gnu-tools-for-stm32.12.3.rel1.win32_1.0.200.202406191623/tools/bin/../lib/gcc/arm-none-eabi/12.3.1/thumb/v7e-m+fp/hard/crtn.o
                0x080036d8                        . = ALIGN (0x4)
                0x080036d8                        _etext = .

.vfp11_veneer   0x080036d8        0x0
 .vfp11_veneer  0x080036d8        0x0 linker stubs

.v4_bx          0x080036d8        0x0
 .v4_bx         0x080036d8        0x0 linker stubs

.iplt           0x080036d8        0x0
 .iplt          0x080036d8        0x0 C:/ST/STM32CubeIDE_1.16.0/STM32CubeIDE/plugins/com.st.stm32cube.ide.mcu.externaltools.gnu-tools-for-stm32.12.3.rel1.win32_1.0.200.202406191623/tools/bin/../lib/gcc/arm-none-eabi/12.3.1/thumb/v7e-m+fp/hard/crtbegin.o

.rodata         0x080036d8        0x8
                0x080036d8                        . = ALIGN (0x4)
 *(.rodata)
 *(.rodata*)
 .rodata.APBPrescTable
                0x080036d8        0x8 ./Core/Src/system_stm32f4xx.o
                0x080036d8                APBPrescTable
                0x080036e0                        . = ALIGN (0x4)

.ARM.extab      0x080036e0        0x0
                0x080036e0                        . = ALIGN (0x4)
 *(.ARM.extab* .gnu.linkonce.armextab.*)
                0x080036e0                        . = ALIGN (0x4)

.ARM            0x080036e0        0x0
                0x080036e0                        . = ALIGN (0x4)
                0x080036e0                        __exidx_start = .
 *(.ARM.exidx*)
                0x080036e0                        __exidx_end = .
                0x080036e0                        . = ALIGN (0x4)

.preinit_array  0x080036e0        0x0
                0x080036e0                        . = ALIGN (0x4)
                0x080036e0                        PROVIDE (__preinit_array_start = .)
 *(.preinit_array*)
                0x080036e0                        PROVIDE (__preinit_array_end = .)
                0x080036e0                        . = ALIGN (0x4)

.init_array     0x080036e0        0x4
                0x080036e0                        . = ALIGN (0x4)
                0x080036e0                        PROVIDE (__init_array_start = .)
 *(SORT_BY_NAME(.init_array.*))
 *(.init_array*)
 .init_array    0x080036e0        0x4 C:/ST/STM32CubeIDE_1.16.0/STM32CubeIDE/plugins/com.st.stm32cube.ide.mcu.externaltools.gnu-tools-for-stm32.12.3.rel1.win32_1.0.200.202406191623/tools/bin/../lib/gcc/arm-none-eabi/12.3.1/thumb/v7e-m+fp/hard/crtbegin.o
                0x080036e4                        PROVIDE (__init_array_end = .)
                0x080036e4                        . = ALIGN (0x4)

.fini_array     0x080036e4        0x4
                0x080036e4                        . = ALIGN (0x4)
                [!provide]                        PROVIDE (__fini_array_start = .)
 *(SORT_BY_NAME(.fini_array.*))
 *(.fini_array*)
 .fini_array    0x080036e4        0x4 C:/ST/STM32CubeIDE_1.16.0/STM32CubeIDE/plugins/com.st.stm32cube.ide.mcu.externaltools.gnu-tools-for-stm32.12.3.rel1.win32_1.0.200.202406191623/tools/bin/../lib/gcc/arm-none-eabi/12.3.1/thumb/v7e-m+fp/hard/crtbegin.o
                [!provide]                        PROVIDE (__fini_array_end = .)
                0x080036e8                        . = ALIGN (0x4)
                0x080036e8                        _sidata = LOADADDR (.data)

.rel.dyn        0x080036e8        0x0
 .rel.iplt      0x080036e8        0x0 C:/ST/STM32CubeIDE_1.16.0/STM32CubeIDE/plugins/com.st.stm32cube.ide.mcu.externaltools.gnu-tools-for-stm32.12.3.rel1.win32_1.0.200.202406191623/tools/bin/../lib/gcc/arm-none-eabi/12.3.1/thumb/v7e-m+fp/hard/crtbegin.o

.data           0x20000000       0x10 load address 0x080036e8
                0x20000000                        . = ALIGN (0x4)
                0x20000000                        _sdata = .
 *(.data)
 *(.data*)
 .data.SpiTimeout
                0x20000000        0x4 ./Core/Src/ili9341.o
                0x20000000                SpiTimeout
 .data.SystemCoreClock
                0x20000004        0x4 ./Core/Src/system_stm32f4xx.o
                0x20000004                SystemCoreClock
 .data.uwTickPrio
                0x20000008        0x4 ./Drivers/STM32F4xx_HAL_Driver/Src/stm32f4xx_hal.o
                0x20000008                uwTickPrio
 .data.uwTickFreq
                0x2000000c        0x1 ./Drivers/STM32F4xx_HAL_Driver/Src/stm32f4xx_hal.o
                0x2000000c                uwTickFreq
 *(.RamFunc)
 *(.RamFunc*)
                0x20000010                        . = ALIGN (0x4)
 *fill*         0x2000000d        0x3 
                0x20000010                        _edata = .
                0x080036f8                        _siccmram = LOADADDR (.ccmram)

.igot.plt       0x20000010        0x0 load address 0x080036f8
 .igot.plt      0x20000010        0x0 C:/ST/STM32CubeIDE_1.16.0/STM32CubeIDE/plugins/com.st.stm32cube.ide.mcu.externaltools.gnu-tools-for-stm32.12.3.rel1.win32_1.0.200.202406191623/tools/bin/../lib/gcc/arm-none-eabi/12.3.1/thumb/v7e-m+fp/hard/crtbegin.o

.ccmram         0x10000000        0x0 load address 0x080036f8
                0x10000000                        . = ALIGN (0x4)
                0x10000000                        _sccmram = .
 *(.ccmram)
 *(.ccmram*)
                0x10000000                        . = ALIGN (0x4)
                0x10000000                        _eccmram = .
                0x10000000                        . = ALIGN (0x4)

.bss            0x20000010    0x25b48
                0x20000010                        _sbss = .
                0x20000010                        __bss_start__ = _sbss
 *(.bss)
 .bss           0x20000010       0x1c C:/ST/STM32CubeIDE_1.16.0/STM32CubeIDE/plugins/com.st.stm32cube.ide.mcu.externaltools.gnu-tools-for-stm32.12.3.rel1.win32_1.0.200.202406191623/tools/bin/../lib/gcc/arm-none-eabi/12.3.1/thumb/v7e-m+fp/hard/crtbegin.o
 *(.bss*)
 .bss.hltdc     0x2000002c       0xa8 ./Core/Src/LCD_Driver.o
 .bss.PeriphClkInitStruct
                0x200000d4       0x30 ./Core/Src/LCD_Driver.o
 .bss.frameBuffer
                0x20000104    0x25800 ./Core/Src/LCD_Driver.o
                0x20000104                frameBuffer
 .bss.SpiHandle
                0x20025904       0x58 ./Core/Src/ili9341.o
 .bss.Is_LCD_IO_Initialized
                0x2002595c        0x1 ./Core/Src/ili9341.o
 *fill*         0x2002595d        0x3 
 .bss.hi2c3     0x20025960       0x54 ./Core/Src/main.o
                0x20025960                hi2c3
 .bss.hltdc     0x200259b4       0xa8 ./Core/Src/main.o
                0x200259b4                hltdc
 .bss.hrng      0x20025a5c       0x10 ./Core/Src/main.o
                0x20025a5c                hrng
 .bss.hspi5     0x20025a6c       0x58 ./Core/Src/main.o
                0x20025a6c                hspi5
 .bss.htim6     0x20025ac4       0x48 ./Core/Src/main.o
                0x20025ac4                htim6
 .bss.htim7     0x20025b0c       0x48 ./Core/Src/main.o
                0x20025b0c                htim7
 .bss.uwTick    0x20025b54        0x4 ./Drivers/STM32F4xx_HAL_Driver/Src/stm32f4xx_hal.o
                0x20025b54                uwTick
 *(COMMON)
                0x20025b58                        . = ALIGN (0x4)
                0x20025b58                        _ebss = .
                0x20025b58                        __bss_end__ = _ebss

._user_heap_stack
                0x20025b58      0x600
                0x20025b58                        . = ALIGN (0x8)
                [!provide]                        PROVIDE (end = .)
                0x20025b58                        PROVIDE (_end = .)
                0x20025d58                        . = (. + _Min_Heap_Size)
 *fill*         0x20025b58      0x200 
                0x20026158                        . = (. + _Min_Stack_Size)
 *fill*         0x20025d58      0x400 
                0x20026158                        . = ALIGN (0x8)

/DISCARD/
 libc.a(*)
 libm.a(*)
 libgcc.a(*)

.ARM.attributes
                0x00000000       0x30
 *(.ARM.attributes)
 .ARM.attributes
                0x00000000       0x22 C:/ST/STM32CubeIDE_1.16.0/STM32CubeIDE/plugins/com.st.stm32cube.ide.mcu.externaltools.gnu-tools-for-stm32.12.3.rel1.win32_1.0.200.202406191623/tools/bin/../lib/gcc/arm-none-eabi/12.3.1/thumb/v7e-m+fp/hard/crti.o
 .ARM.attributes
                0x00000022       0x34 C:/ST/STM32CubeIDE_1.16.0/STM32CubeIDE/plugins/com.st.stm32cube.ide.mcu.externaltools.gnu-tools-for-stm32.12.3.rel1.win32_1.0.200.202406191623/tools/bin/../lib/gcc/arm-none-eabi/12.3.1/thumb/v7e-m+fp/hard/crtbegin.o
 .ARM.attributes
                0x00000056       0x34 ./Core/Src/ApplicationCode.o
 .ARM.attributes
                0x0000008a       0x34 ./Core/Src/LCD_Driver.o
 .ARM.attributes
                0x000000be       0x34 ./Core/Src/ili9341.o
 .ARM.attributes
                0x000000f2       0x34 ./Core/Src/main.o
 .ARM.attributes
                0x00000126       0x34 ./Core/Src/stm32f4xx_hal_msp.o
 .ARM.attributes
                0x0000015a       0x34 ./Core/Src/stm32f4xx_it.o
 .ARM.attributes
                0x0000018e       0x34 ./Core/Src/syscalls.o
 .ARM.attributes
                0x000001c2       0x34 ./Core/Src/system_stm32f4xx.o
 .ARM.attributes
                0x000001f6       0x21 ./Core/Startup/startup_stm32f429zitx.o
 .ARM.attributes
                0x00000217       0x34 ./Drivers/STM32F4xx_HAL_Driver/Src/stm32f4xx_hal.o
 .ARM.attributes
                0x0000024b       0x34 ./Drivers/STM32F4xx_HAL_Driver/Src/stm32f4xx_hal_cortex.o
 .ARM.attributes
                0x0000027f       0x34 ./Drivers/STM32F4xx_HAL_Driver/Src/stm32f4xx_hal_gpio.o
 .ARM.attributes
                0x000002b3       0x34 ./Drivers/STM32F4xx_HAL_Driver/Src/stm32f4xx_hal_i2c.o
 .ARM.attributes
                0x000002e7       0x34 ./Drivers/STM32F4xx_HAL_Driver/Src/stm32f4xx_hal_i2c_ex.o
 .ARM.attributes
                0x0000031b       0x34 ./Drivers/STM32F4xx_HAL_Driver/Src/stm32f4xx_hal_ltdc.o
 .ARM.attributes
                0x0000034f       0x34 ./Drivers/STM32F4xx_HAL_Driver/Src/stm32f4xx_hal_rcc.o
 .ARM.attributes
                0x00000383       0x34 ./Drivers/STM32F4xx_HAL_Driver/Src/stm32f4xx_hal_rcc_ex.o
 .ARM.attributes
                0x000003b7       0x34 ./Drivers/STM32F4xx_HAL_Driver/Src/stm32f4xx_hal_rng.o
 .ARM.attributes
                0x000003eb       0x34 ./Drivers/STM32F4xx_HAL_Driver/Src/stm32f4xx_hal_spi.o
 .ARM.attributes
                0x0000041f       0x34 ./Drivers/STM32F4xx_HAL_Driver/Src/stm32f4xx_hal_tim.o
 .ARM.attributes
                0x00000453       0x34 ./Drivers/STM32F4xx_HAL_Driver/Src/stm32f4xx_hal_tim_ex.o
 .ARM.attributes
                0x00000487       0x34 C:/ST/STM32CubeIDE_1.16.0/STM32CubeIDE/plugins/com.st.stm32cube.ide.mcu.externaltools.gnu-tools-for-stm32.12.3.rel1.win32_1.0.200.202406191623/tools/bin/../lib/gcc/arm-none-eabi/12.3.1/../../../../arm-none-eabi/lib/thumb/v7e-m+fp/hard\libc_nano.a(libc_a-memset.o)
 .ARM.attributes
                0x000004bb       0x34 C:/ST/STM32CubeIDE_1.16.0/STM32CubeIDE/plugins/com.st.stm32cube.ide.mcu.externaltools.gnu-tools-for-stm32.12.3.rel1.win32_1.0.200.202406191623/tools/bin/../lib/gcc/arm-none-eabi/12.3.1/../../../../arm-none-eabi/lib/thumb/v7e-m+fp/hard\libc_nano.a(libc_a-init.o)
 .ARM.attributes
                0x000004ef       0x22 C:/ST/STM32CubeIDE_1.16.0/STM32CubeIDE/plugins/com.st.stm32cube.ide.mcu.externaltools.gnu-tools-for-stm32.12.3.rel1.win32_1.0.200.202406191623/tools/bin/../lib/gcc/arm-none-eabi/12.3.1/thumb/v7e-m+fp/hard/crtn.o
OUTPUT(DJeungFinalProject.elf elf32-littlearm)
LOAD linker stubs
LOAD C:/ST/STM32CubeIDE_1.16.0/STM32CubeIDE/plugins/com.st.stm32cube.ide.mcu.externaltools.gnu-tools-for-stm32.12.3.rel1.win32_1.0.200.202406191623/tools/bin/../lib/gcc/arm-none-eabi/12.3.1/../../../../arm-none-eabi/lib/thumb/v7e-m+fp/hard\libc.a
LOAD C:/ST/STM32CubeIDE_1.16.0/STM32CubeIDE/plugins/com.st.stm32cube.ide.mcu.externaltools.gnu-tools-for-stm32.12.3.rel1.win32_1.0.200.202406191623/tools/bin/../lib/gcc/arm-none-eabi/12.3.1/../../../../arm-none-eabi/lib/thumb/v7e-m+fp/hard\libm.a
LOAD C:/ST/STM32CubeIDE_1.16.0/STM32CubeIDE/plugins/com.st.stm32cube.ide.mcu.externaltools.gnu-tools-for-stm32.12.3.rel1.win32_1.0.200.202406191623/tools/bin/../lib/gcc/arm-none-eabi/12.3.1/thumb/v7e-m+fp/hard\libgcc.a

.debug_info     0x00000000    0x11a7b
 .debug_info    0x00000000      0x10c ./Core/Src/ApplicationCode.o
 .debug_info    0x0000010c      0xe51 ./Core/Src/LCD_Driver.o
 .debug_info    0x00000f5d      0xc85 ./Core/Src/ili9341.o
 .debug_info    0x00001be2     0x1956 ./Core/Src/main.o
 .debug_info    0x00003538     0x17da ./Core/Src/stm32f4xx_hal_msp.o
 .debug_info    0x00004d12      0x119 ./Core/Src/stm32f4xx_it.o
 .debug_info    0x00004e2b      0x6a3 ./Core/Src/syscalls.o
 .debug_info    0x000054ce      0x52e ./Core/Src/system_stm32f4xx.o
 .debug_info    0x000059fc       0x30 ./Core/Startup/startup_stm32f429zitx.o
 .debug_info    0x00005a2c      0x9ba ./Drivers/STM32F4xx_HAL_Driver/Src/stm32f4xx_hal.o
 .debug_info    0x000063e6      0xdc2 ./Drivers/STM32F4xx_HAL_Driver/Src/stm32f4xx_hal_cortex.o
 .debug_info    0x000071a8      0x6db ./Drivers/STM32F4xx_HAL_Driver/Src/stm32f4xx_hal_gpio.o
 .debug_info    0x00007883     0x2421 ./Drivers/STM32F4xx_HAL_Driver/Src/stm32f4xx_hal_i2c.o
 .debug_info    0x00009ca4      0x672 ./Drivers/STM32F4xx_HAL_Driver/Src/stm32f4xx_hal_i2c_ex.o
 .debug_info    0x0000a316     0x1022 ./Drivers/STM32F4xx_HAL_Driver/Src/stm32f4xx_hal_ltdc.o
 .debug_info    0x0000b338      0x8c7 ./Drivers/STM32F4xx_HAL_Driver/Src/stm32f4xx_hal_rcc.o
 .debug_info    0x0000bbff      0x64c ./Drivers/STM32F4xx_HAL_Driver/Src/stm32f4xx_hal_rcc_ex.o
 .debug_info    0x0000c24b      0x493 ./Drivers/STM32F4xx_HAL_Driver/Src/stm32f4xx_hal_rng.o
 .debug_info    0x0000c6de     0x1525 ./Drivers/STM32F4xx_HAL_Driver/Src/stm32f4xx_hal_spi.o
 .debug_info    0x0000dc03     0x299d ./Drivers/STM32F4xx_HAL_Driver/Src/stm32f4xx_hal_tim.o
 .debug_info    0x000105a0     0x14db ./Drivers/STM32F4xx_HAL_Driver/Src/stm32f4xx_hal_tim_ex.o

.debug_abbrev   0x00000000     0x299c
 .debug_abbrev  0x00000000       0x87 ./Core/Src/ApplicationCode.o
 .debug_abbrev  0x00000087      0x2c7 ./Core/Src/LCD_Driver.o
 .debug_abbrev  0x0000034e      0x2c9 ./Core/Src/ili9341.o
 .debug_abbrev  0x00000617      0x2e6 ./Core/Src/main.o
 .debug_abbrev  0x000008fd      0x25c ./Core/Src/stm32f4xx_hal_msp.o
 .debug_abbrev  0x00000b59       0x73 ./Core/Src/stm32f4xx_it.o
 .debug_abbrev  0x00000bcc      0x1b6 ./Core/Src/syscalls.o
 .debug_abbrev  0x00000d82      0x11a ./Core/Src/system_stm32f4xx.o
 .debug_abbrev  0x00000e9c       0x24 ./Core/Startup/startup_stm32f429zitx.o
 .debug_abbrev  0x00000ec0      0x214 ./Drivers/STM32F4xx_HAL_Driver/Src/stm32f4xx_hal.o
 .debug_abbrev  0x000010d4      0x31d ./Drivers/STM32F4xx_HAL_Driver/Src/stm32f4xx_hal_cortex.o
 .debug_abbrev  0x000013f1      0x1d4 ./Drivers/STM32F4xx_HAL_Driver/Src/stm32f4xx_hal_gpio.o
 .debug_abbrev  0x000015c5      0x2ad ./Drivers/STM32F4xx_HAL_Driver/Src/stm32f4xx_hal_i2c.o
 .debug_abbrev  0x00001872      0x157 ./Drivers/STM32F4xx_HAL_Driver/Src/stm32f4xx_hal_i2c_ex.o
 .debug_abbrev  0x000019c9      0x233 ./Drivers/STM32F4xx_HAL_Driver/Src/stm32f4xx_hal_ltdc.o
 .debug_abbrev  0x00001bfc      0x2b7 ./Drivers/STM32F4xx_HAL_Driver/Src/stm32f4xx_hal_rcc.o
 .debug_abbrev  0x00001eb3      0x1b0 ./Drivers/STM32F4xx_HAL_Driver/Src/stm32f4xx_hal_rcc_ex.o
 .debug_abbrev  0x00002063      0x1c4 ./Drivers/STM32F4xx_HAL_Driver/Src/stm32f4xx_hal_rng.o
 .debug_abbrev  0x00002227      0x27a ./Drivers/STM32F4xx_HAL_Driver/Src/stm32f4xx_hal_spi.o
 .debug_abbrev  0x000024a1      0x278 ./Drivers/STM32F4xx_HAL_Driver/Src/stm32f4xx_hal_tim.o
 .debug_abbrev  0x00002719      0x283 ./Drivers/STM32F4xx_HAL_Driver/Src/stm32f4xx_hal_tim_ex.o

.debug_aranges  0x00000000     0x12a8
 .debug_aranges
                0x00000000       0x28 ./Core/Src/ApplicationCode.o
 .debug_aranges
                0x00000028       0x90 ./Core/Src/LCD_Driver.o
 .debug_aranges
                0x000000b8       0x98 ./Core/Src/ili9341.o
 .debug_aranges
                0x00000150       0x70 ./Core/Src/main.o
 .debug_aranges
                0x000001c0       0x70 ./Core/Src/stm32f4xx_hal_msp.o
 .debug_aranges
                0x00000230       0x60 ./Core/Src/stm32f4xx_it.o
 .debug_aranges
                0x00000290       0xa8 ./Core/Src/syscalls.o
 .debug_aranges
                0x00000338       0x28 ./Core/Src/system_stm32f4xx.o
 .debug_aranges
                0x00000360       0x28 ./Core/Startup/startup_stm32f429zitx.o
 .debug_aranges
                0x00000388      0x100 ./Drivers/STM32F4xx_HAL_Driver/Src/stm32f4xx_hal.o
 .debug_aranges
                0x00000488      0x130 ./Drivers/STM32F4xx_HAL_Driver/Src/stm32f4xx_hal_cortex.o
 .debug_aranges
                0x000005b8       0x58 ./Drivers/STM32F4xx_HAL_Driver/Src/stm32f4xx_hal_gpio.o
 .debug_aranges
                0x00000610      0x2a8 ./Drivers/STM32F4xx_HAL_Driver/Src/stm32f4xx_hal_i2c.o
 .debug_aranges
                0x000008b8       0x28 ./Drivers/STM32F4xx_HAL_Driver/Src/stm32f4xx_hal_i2c_ex.o
 .debug_aranges
                0x000008e0      0x158 ./Drivers/STM32F4xx_HAL_Driver/Src/stm32f4xx_hal_ltdc.o
 .debug_aranges
                0x00000a38       0x88 ./Drivers/STM32F4xx_HAL_Driver/Src/stm32f4xx_hal_rcc.o
 .debug_aranges
                0x00000ac0       0x58 ./Drivers/STM32F4xx_HAL_Driver/Src/stm32f4xx_hal_rcc_ex.o
 .debug_aranges
                0x00000b18       0x88 ./Drivers/STM32F4xx_HAL_Driver/Src/stm32f4xx_hal_rng.o
 .debug_aranges
                0x00000ba0      0x1d0 ./Drivers/STM32F4xx_HAL_Driver/Src/stm32f4xx_hal_spi.o
 .debug_aranges
                0x00000d70      0x3d0 ./Drivers/STM32F4xx_HAL_Driver/Src/stm32f4xx_hal_tim.o
 .debug_aranges
                0x00001140      0x168 ./Drivers/STM32F4xx_HAL_Driver/Src/stm32f4xx_hal_tim_ex.o

.debug_rnglists
                0x00000000      0xe7e
 .debug_rnglists
                0x00000000       0x19 ./Core/Src/ApplicationCode.o
 .debug_rnglists
                0x00000019       0x6d ./Core/Src/LCD_Driver.o
 .debug_rnglists
                0x00000086       0x6f ./Core/Src/ili9341.o
 .debug_rnglists
                0x000000f5       0x54 ./Core/Src/main.o
 .debug_rnglists
                0x00000149       0x53 ./Core/Src/stm32f4xx_hal_msp.o
 .debug_rnglists
                0x0000019c       0x43 ./Core/Src/stm32f4xx_it.o
 .debug_rnglists
                0x000001df       0x79 ./Core/Src/syscalls.o
 .debug_rnglists
                0x00000258       0x1a ./Core/Src/system_stm32f4xx.o
 .debug_rnglists
                0x00000272       0x19 ./Core/Startup/startup_stm32f429zitx.o
 .debug_rnglists
                0x0000028b       0xbb ./Drivers/STM32F4xx_HAL_Driver/Src/stm32f4xx_hal.o
 .debug_rnglists
                0x00000346       0xe0 ./Drivers/STM32F4xx_HAL_Driver/Src/stm32f4xx_hal_cortex.o
 .debug_rnglists
                0x00000426       0x3f ./Drivers/STM32F4xx_HAL_Driver/Src/stm32f4xx_hal_gpio.o
 .debug_rnglists
                0x00000465      0x23c ./Drivers/STM32F4xx_HAL_Driver/Src/stm32f4xx_hal_i2c.o
 .debug_rnglists
                0x000006a1       0x19 ./Drivers/STM32F4xx_HAL_Driver/Src/stm32f4xx_hal_i2c_ex.o
 .debug_rnglists
                0x000006ba      0x10a ./Drivers/STM32F4xx_HAL_Driver/Src/stm32f4xx_hal_ltdc.o
 .debug_rnglists
                0x000007c4       0x66 ./Drivers/STM32F4xx_HAL_Driver/Src/stm32f4xx_hal_rcc.o
 .debug_rnglists
                0x0000082a       0x43 ./Drivers/STM32F4xx_HAL_Driver/Src/stm32f4xx_hal_rcc_ex.o
 .debug_rnglists
                0x0000086d       0x63 ./Drivers/STM32F4xx_HAL_Driver/Src/stm32f4xx_hal_rng.o
 .debug_rnglists
                0x000008d0      0x16f ./Drivers/STM32F4xx_HAL_Driver/Src/stm32f4xx_hal_spi.o
 .debug_rnglists
                0x00000a3f      0x31a ./Drivers/STM32F4xx_HAL_Driver/Src/stm32f4xx_hal_tim.o
 .debug_rnglists
                0x00000d59      0x125 ./Drivers/STM32F4xx_HAL_Driver/Src/stm32f4xx_hal_tim_ex.o

.debug_macro    0x00000000    0x2685f
 .debug_macro   0x00000000      0x327 ./Core/Src/ApplicationCode.o
 .debug_macro   0x00000327      0xab4 ./Core/Src/ApplicationCode.o
 .debug_macro   0x00000ddb      0x2ad ./Core/Src/ApplicationCode.o
 .debug_macro   0x00001088       0x2e ./Core/Src/ApplicationCode.o
 .debug_macro   0x000010b6       0x28 ./Core/Src/ApplicationCode.o
 .debug_macro   0x000010de       0x22 ./Core/Src/ApplicationCode.o
 .debug_macro   0x00001100       0x8e ./Core/Src/ApplicationCode.o
 .debug_macro   0x0000118e       0x51 ./Core/Src/ApplicationCode.o
 .debug_macro   0x000011df      0x103 ./Core/Src/ApplicationCode.o
 .debug_macro   0x000012e2       0x6a ./Core/Src/ApplicationCode.o
 .debug_macro   0x0000134c      0x1df ./Core/Src/ApplicationCode.o
 .debug_macro   0x0000152b       0x1c ./Core/Src/ApplicationCode.o
 .debug_macro   0x00001547       0x22 ./Core/Src/ApplicationCode.o
 .debug_macro   0x00001569       0xfb ./Core/Src/ApplicationCode.o
 .debug_macro   0x00001664     0x1011 ./Core/Src/ApplicationCode.o
 .debug_macro   0x00002675      0x11f ./Core/Src/ApplicationCode.o
 .debug_macro   0x00002794    0x17fd8 ./Core/Src/ApplicationCode.o
 .debug_macro   0x0001a76c       0x6d ./Core/Src/ApplicationCode.o
 .debug_macro   0x0001a7d9     0x3711 ./Core/Src/ApplicationCode.o
 .debug_macro   0x0001deea      0x189 ./Core/Src/ApplicationCode.o
 .debug_macro   0x0001e073       0x5c ./Core/Src/ApplicationCode.o
 .debug_macro   0x0001e0cf      0xcba ./Core/Src/ApplicationCode.o
 .debug_macro   0x0001ed89      0x9e9 ./Core/Src/ApplicationCode.o
 .debug_macro   0x0001f772      0x115 ./Core/Src/ApplicationCode.o
 .debug_macro   0x0001f887      0x156 ./Core/Src/ApplicationCode.o
 .debug_macro   0x0001f9dd       0xa5 ./Core/Src/ApplicationCode.o
 .debug_macro   0x0001fa82      0x182 ./Core/Src/ApplicationCode.o
 .debug_macro   0x0001fc04      0x287 ./Core/Src/ApplicationCode.o
 .debug_macro   0x0001fe8b       0x5f ./Core/Src/ApplicationCode.o
 .debug_macro   0x0001feea      0x236 ./Core/Src/ApplicationCode.o
 .debug_macro   0x00020120      0x132 ./Core/Src/ApplicationCode.o
 .debug_macro   0x00020252      0x41d ./Core/Src/ApplicationCode.o
 .debug_macro   0x0002066f       0x2e ./Core/Src/ApplicationCode.o
 .debug_macro   0x0002069d      0x1b5 ./Core/Src/ApplicationCode.o
 .debug_macro   0x00020852       0x22 ./Core/Src/ApplicationCode.o
 .debug_macro   0x00020874       0xd6 ./Core/Src/ApplicationCode.o
 .debug_macro   0x0002094a      0x198 ./Core/Src/ApplicationCode.o
 .debug_macro   0x00020ae2       0xd6 ./Core/Src/ApplicationCode.o
 .debug_macro   0x00020bb8      0x127 ./Core/Src/ApplicationCode.o
 .debug_macro   0x00020cdf       0xe2 ./Core/Src/ApplicationCode.o
 .debug_macro   0x00020dc1       0x89 ./Core/Src/ApplicationCode.o
 .debug_macro   0x00020e4a       0xa4 ./Core/Src/ApplicationCode.o
 .debug_macro   0x00020eee      0x225 ./Core/Src/ApplicationCode.o
 .debug_macro   0x00021113      0x8ed ./Core/Src/ApplicationCode.o
 .debug_macro   0x00021a00       0x4d ./Core/Src/ApplicationCode.o
 .debug_macro   0x00021a4d      0x134 ./Core/Src/ApplicationCode.o
 .debug_macro   0x00021b81      0x332 ./Core/Src/ApplicationCode.o
 .debug_macro   0x00021eb3       0x22 ./Core/Src/ApplicationCode.o
 .debug_macro   0x00021ed5      0x179 ./Core/Src/ApplicationCode.o
 .debug_macro   0x0002204e       0x88 ./Core/Src/ApplicationCode.o
 .debug_macro   0x000220d6       0x61 ./Core/Src/ApplicationCode.o
 .debug_macro   0x00022137       0x2a ./Core/Src/ApplicationCode.o
 .debug_macro   0x00022161       0x43 ./Core/Src/ApplicationCode.o
 .debug_macro   0x000221a4       0x34 ./Core/Src/ApplicationCode.o
 .debug_macro   0x000221d8       0x16 ./Core/Src/ApplicationCode.o
 .debug_macro   0x000221ee       0x35 ./Core/Src/ApplicationCode.o
 .debug_macro   0x00022223      0x369 ./Core/Src/ApplicationCode.o
 .debug_macro   0x0002258c       0x10 ./Core/Src/ApplicationCode.o
 .debug_macro   0x0002259c       0x16 ./Core/Src/ApplicationCode.o
 .debug_macro   0x000225b2       0x43 ./Core/Src/ApplicationCode.o
 .debug_macro   0x000225f5       0x34 ./Core/Src/ApplicationCode.o
 .debug_macro   0x00022629       0x10 ./Core/Src/ApplicationCode.o
 .debug_macro   0x00022639       0x58 ./Core/Src/ApplicationCode.o
 .debug_macro   0x00022691       0x8e ./Core/Src/ApplicationCode.o
 .debug_macro   0x0002271f       0x1c ./Core/Src/ApplicationCode.o
 .debug_macro   0x0002273b      0x177 ./Core/Src/ApplicationCode.o
 .debug_macro   0x000228b2       0x16 ./Core/Src/ApplicationCode.o
 .debug_macro   0x000228c8       0x16 ./Core/Src/ApplicationCode.o
 .debug_macro   0x000228de      0x146 ./Core/Src/ApplicationCode.o
 .debug_macro   0x00022a24      0x245 ./Core/Src/LCD_Driver.o
 .debug_macro   0x00022c69      0x21a ./Core/Src/ili9341.o
 .debug_macro   0x00022e83      0x32c ./Core/Src/ili9341.o
 .debug_macro   0x000231af      0x336 ./Core/Src/main.o
 .debug_macro   0x000234e5      0x4c9 ./Core/Src/main.o
 .debug_macro   0x000239ae      0x336 ./Core/Src/stm32f4xx_hal_msp.o
 .debug_macro   0x00023ce4      0x340 ./Core/Src/stm32f4xx_it.o
 .debug_macro   0x00024024      0x274 ./Core/Src/syscalls.o
 .debug_macro   0x00024298       0x5b ./Core/Src/syscalls.o
 .debug_macro   0x000242f3       0x94 ./Core/Src/syscalls.o
 .debug_macro   0x00024387       0x57 ./Core/Src/syscalls.o
 .debug_macro   0x000243de       0x10 ./Core/Src/syscalls.o
 .debug_macro   0x000243ee       0x10 ./Core/Src/syscalls.o
 .debug_macro   0x000243fe       0x10 ./Core/Src/syscalls.o
 .debug_macro   0x0002440e       0x10 ./Core/Src/syscalls.o
 .debug_macro   0x0002441e       0x1c ./Core/Src/syscalls.o
 .debug_macro   0x0002443a       0x52 ./Core/Src/syscalls.o
 .debug_macro   0x0002448c       0x22 ./Core/Src/syscalls.o
 .debug_macro   0x000244ae       0x10 ./Core/Src/syscalls.o
 .debug_macro   0x000244be       0x52 ./Core/Src/syscalls.o
 .debug_macro   0x00024510       0xcf ./Core/Src/syscalls.o
 .debug_macro   0x000245df       0x1c ./Core/Src/syscalls.o
 .debug_macro   0x000245fb       0x3d ./Core/Src/syscalls.o
 .debug_macro   0x00024638       0x35 ./Core/Src/syscalls.o
 .debug_macro   0x0002466d      0x12c ./Core/Src/syscalls.o
 .debug_macro   0x00024799       0x16 ./Core/Src/syscalls.o
 .debug_macro   0x000247af       0x16 ./Core/Src/syscalls.o
 .debug_macro   0x000247c5       0x29 ./Core/Src/syscalls.o
 .debug_macro   0x000247ee       0x10 ./Core/Src/syscalls.o
 .debug_macro   0x000247fe      0x242 ./Core/Src/syscalls.o
 .debug_macro   0x00024a40       0x1c ./Core/Src/syscalls.o
 .debug_macro   0x00024a5c       0x10 ./Core/Src/syscalls.o
 .debug_macro   0x00024a6c      0x18a ./Core/Src/syscalls.o
 .debug_macro   0x00024bf6       0x16 ./Core/Src/syscalls.o
 .debug_macro   0x00024c0c       0xce ./Core/Src/syscalls.o
 .debug_macro   0x00024cda      0x20b ./Core/Src/system_stm32f4xx.o
 .debug_macro   0x00024ee5      0x26b ./Drivers/STM32F4xx_HAL_Driver/Src/stm32f4xx_hal.o
 .debug_macro   0x00025150      0x20b ./Drivers/STM32F4xx_HAL_Driver/Src/stm32f4xx_hal_cortex.o
 .debug_macro   0x0002535b      0x211 ./Drivers/STM32F4xx_HAL_Driver/Src/stm32f4xx_hal_gpio.o
 .debug_macro   0x0002556c      0x259 ./Drivers/STM32F4xx_HAL_Driver/Src/stm32f4xx_hal_i2c.o
 .debug_macro   0x000257c5      0x20b ./Drivers/STM32F4xx_HAL_Driver/Src/stm32f4xx_hal_i2c_ex.o
 .debug_macro   0x000259d0      0x213 ./Drivers/STM32F4xx_HAL_Driver/Src/stm32f4xx_hal_ltdc.o
 .debug_macro   0x00025be3      0x22f ./Drivers/STM32F4xx_HAL_Driver/Src/stm32f4xx_hal_rcc.o
 .debug_macro   0x00025e12      0x20b ./Drivers/STM32F4xx_HAL_Driver/Src/stm32f4xx_hal_rcc_ex.o
 .debug_macro   0x0002601d      0x211 ./Drivers/STM32F4xx_HAL_Driver/Src/stm32f4xx_hal_rng.o
 .debug_macro   0x0002622e      0x21a ./Drivers/STM32F4xx_HAL_Driver/Src/stm32f4xx_hal_spi.o
 .debug_macro   0x00026448      0x20c ./Drivers/STM32F4xx_HAL_Driver/Src/stm32f4xx_hal_tim.o
 .debug_macro   0x00026654      0x20b ./Drivers/STM32F4xx_HAL_Driver/Src/stm32f4xx_hal_tim_ex.o

.debug_line     0x00000000    0x16b2f
 .debug_line    0x00000000      0x984 ./Core/Src/ApplicationCode.o
 .debug_line    0x00000984      0xbb9 ./Core/Src/LCD_Driver.o
 .debug_line    0x0000153d      0xa0a ./Core/Src/ili9341.o
 .debug_line    0x00001f47      0xd10 ./Core/Src/main.o
 .debug_line    0x00002c57      0xb94 ./Core/Src/stm32f4xx_hal_msp.o
 .debug_line    0x000037eb      0xa36 ./Core/Src/stm32f4xx_it.o
 .debug_line    0x00004221      0x8b2 ./Core/Src/syscalls.o
 .debug_line    0x00004ad3      0x84d ./Core/Src/system_stm32f4xx.o
 .debug_line    0x00005320       0x7a ./Core/Startup/startup_stm32f429zitx.o
 .debug_line    0x0000539a      0xaec ./Drivers/STM32F4xx_HAL_Driver/Src/stm32f4xx_hal.o
 .debug_line    0x00005e86      0xda8 ./Drivers/STM32F4xx_HAL_Driver/Src/stm32f4xx_hal_cortex.o
 .debug_line    0x00006c2e      0xc6a ./Drivers/STM32F4xx_HAL_Driver/Src/stm32f4xx_hal_gpio.o
 .debug_line    0x00007898     0x3bfc ./Drivers/STM32F4xx_HAL_Driver/Src/stm32f4xx_hal_i2c.o
 .debug_line    0x0000b494      0x843 ./Drivers/STM32F4xx_HAL_Driver/Src/stm32f4xx_hal_i2c_ex.o
 .debug_line    0x0000bcd7     0x186d ./Drivers/STM32F4xx_HAL_Driver/Src/stm32f4xx_hal_ltdc.o
 .debug_line    0x0000d544      0xe41 ./Drivers/STM32F4xx_HAL_Driver/Src/stm32f4xx_hal_rcc.o
 .debug_line    0x0000e385      0xc8b ./Drivers/STM32F4xx_HAL_Driver/Src/stm32f4xx_hal_rcc_ex.o
 .debug_line    0x0000f010      0xa45 ./Drivers/STM32F4xx_HAL_Driver/Src/stm32f4xx_hal_rng.o
 .debug_line    0x0000fa55     0x1dd4 ./Drivers/STM32F4xx_HAL_Driver/Src/stm32f4xx_hal_spi.o
 .debug_line    0x00011829     0x385a ./Drivers/STM32F4xx_HAL_Driver/Src/stm32f4xx_hal_tim.o
 .debug_line    0x00015083     0x1aac ./Drivers/STM32F4xx_HAL_Driver/Src/stm32f4xx_hal_tim_ex.o

.debug_str      0x00000000    0xe2525
 .debug_str     0x00000000    0xda16d ./Core/Src/ApplicationCode.o
                              0xda439 (size before relaxing)
 .debug_str     0x000da16d      0x6e6 ./Core/Src/LCD_Driver.o
                              0xd743d (size before relaxing)
 .debug_str     0x000da853      0x537 ./Core/Src/ili9341.o
                              0xd6bd3 (size before relaxing)
 .debug_str     0x000dad8a     0x16ec ./Core/Src/main.o
                              0xdc47c (size before relaxing)
 .debug_str     0x000dc476      0x11e ./Core/Src/stm32f4xx_hal_msp.o
                              0xdc31a (size before relaxing)
 .debug_str     0x000dc594       0xc9 ./Core/Src/stm32f4xx_it.o
                              0xdb336 (size before relaxing)
 .debug_str     0x000dc65d     0x20a2 ./Core/Src/syscalls.o
                               0x98bf (size before relaxing)
 .debug_str     0x000de6ff       0xdb ./Core/Src/system_stm32f4xx.o
                              0xd59c5 (size before relaxing)
 .debug_str     0x000de7da       0x44 ./Core/Startup/startup_stm32f429zitx.o
                                 0x8a (size before relaxing)
 .debug_str     0x000de81e      0xb7a ./Drivers/STM32F4xx_HAL_Driver/Src/stm32f4xx_hal.o
                              0xd65e8 (size before relaxing)
 .debug_str     0x000df398      0x392 ./Drivers/STM32F4xx_HAL_Driver/Src/stm32f4xx_hal_cortex.o
                              0xd6316 (size before relaxing)
 .debug_str     0x000df72a      0x121 ./Drivers/STM32F4xx_HAL_Driver/Src/stm32f4xx_hal_gpio.o
                              0xd5b40 (size before relaxing)
 .debug_str     0x000df84b      0xb57 ./Drivers/STM32F4xx_HAL_Driver/Src/stm32f4xx_hal_i2c.o
                              0xd69d5 (size before relaxing)
 .debug_str     0x000e03a2       0x3b ./Drivers/STM32F4xx_HAL_Driver/Src/stm32f4xx_hal_i2c_ex.o
                              0xd5d94 (size before relaxing)
 .debug_str     0x000e03dd      0x491 ./Drivers/STM32F4xx_HAL_Driver/Src/stm32f4xx_hal_ltdc.o
                              0xd6029 (size before relaxing)
 .debug_str     0x000e086e      0x213 ./Drivers/STM32F4xx_HAL_Driver/Src/stm32f4xx_hal_rcc.o
                              0xd5df9 (size before relaxing)
 .debug_str     0x000e0a81      0x133 ./Drivers/STM32F4xx_HAL_Driver/Src/stm32f4xx_hal_rcc_ex.o
                              0xd5bc0 (size before relaxing)
 .debug_str     0x000e0bb4      0x16f ./Drivers/STM32F4xx_HAL_Driver/Src/stm32f4xx_hal_rng.o
                              0xd5ab2 (size before relaxing)
 .debug_str     0x000e0d23      0x518 ./Drivers/STM32F4xx_HAL_Driver/Src/stm32f4xx_hal_spi.o
                              0xd6270 (size before relaxing)
 .debug_str     0x000e123b      0xe57 ./Drivers/STM32F4xx_HAL_Driver/Src/stm32f4xx_hal_tim.o
                              0xd6d3c (size before relaxing)
 .debug_str     0x000e2092      0x493 ./Drivers/STM32F4xx_HAL_Driver/Src/stm32f4xx_hal_tim_ex.o
                              0xd6548 (size before relaxing)

.comment        0x00000000       0x43
 .comment       0x00000000       0x43 ./Core/Src/ApplicationCode.o
                                 0x44 (size before relaxing)
 .comment       0x00000043       0x44 ./Core/Src/LCD_Driver.o
 .comment       0x00000043       0x44 ./Core/Src/ili9341.o
 .comment       0x00000043       0x44 ./Core/Src/main.o
 .comment       0x00000043       0x44 ./Core/Src/stm32f4xx_hal_msp.o
 .comment       0x00000043       0x44 ./Core/Src/stm32f4xx_it.o
 .comment       0x00000043       0x44 ./Core/Src/syscalls.o
 .comment       0x00000043       0x44 ./Core/Src/system_stm32f4xx.o
 .comment       0x00000043       0x44 ./Drivers/STM32F4xx_HAL_Driver/Src/stm32f4xx_hal.o
 .comment       0x00000043       0x44 ./Drivers/STM32F4xx_HAL_Driver/Src/stm32f4xx_hal_cortex.o
 .comment       0x00000043       0x44 ./Drivers/STM32F4xx_HAL_Driver/Src/stm32f4xx_hal_gpio.o
 .comment       0x00000043       0x44 ./Drivers/STM32F4xx_HAL_Driver/Src/stm32f4xx_hal_i2c.o
 .comment       0x00000043       0x44 ./Drivers/STM32F4xx_HAL_Driver/Src/stm32f4xx_hal_i2c_ex.o
 .comment       0x00000043       0x44 ./Drivers/STM32F4xx_HAL_Driver/Src/stm32f4xx_hal_ltdc.o
 .comment       0x00000043       0x44 ./Drivers/STM32F4xx_HAL_Driver/Src/stm32f4xx_hal_rcc.o
 .comment       0x00000043       0x44 ./Drivers/STM32F4xx_HAL_Driver/Src/stm32f4xx_hal_rcc_ex.o
 .comment       0x00000043       0x44 ./Drivers/STM32F4xx_HAL_Driver/Src/stm32f4xx_hal_rng.o
 .comment       0x00000043       0x44 ./Drivers/STM32F4xx_HAL_Driver/Src/stm32f4xx_hal_spi.o
 .comment       0x00000043       0x44 ./Drivers/STM32F4xx_HAL_Driver/Src/stm32f4xx_hal_tim.o
 .comment       0x00000043       0x44 ./Drivers/STM32F4xx_HAL_Driver/Src/stm32f4xx_hal_tim_ex.o

.debug_frame    0x00000000     0x4e98
 .debug_frame   0x00000000       0x48 ./Core/Src/ApplicationCode.o
 .debug_frame   0x00000048      0x22c ./Core/Src/LCD_Driver.o
 .debug_frame   0x00000274      0x228 ./Core/Src/ili9341.o
 .debug_frame   0x0000049c      0x174 ./Core/Src/main.o
 .debug_frame   0x00000610      0x1b0 ./Core/Src/stm32f4xx_hal_msp.o
 .debug_frame   0x000007c0      0x104 ./Core/Src/stm32f4xx_it.o
 .debug_frame   0x000008c4      0x2ac ./Core/Src/syscalls.o
 .debug_frame   0x00000b70       0x58 ./Core/Src/system_stm32f4xx.o
 .debug_frame   0x00000bc8      0x3b4 ./Drivers/STM32F4xx_HAL_Driver/Src/stm32f4xx_hal.o
 .debug_frame   0x00000f7c      0x508 ./Drivers/STM32F4xx_HAL_Driver/Src/stm32f4xx_hal_cortex.o
 .debug_frame   0x00001484      0x14c ./Drivers/STM32F4xx_HAL_Driver/Src/stm32f4xx_hal_gpio.o
 .debug_frame   0x000015d0      0xc84 ./Drivers/STM32F4xx_HAL_Driver/Src/stm32f4xx_hal_i2c.o
 .debug_frame   0x00002254       0x60 ./Drivers/STM32F4xx_HAL_Driver/Src/stm32f4xx_hal_i2c_ex.o
 .debug_frame   0x000022b4      0x61c ./Drivers/STM32F4xx_HAL_Driver/Src/stm32f4xx_hal_ltdc.o
 .debug_frame   0x000028d0      0x1f4 ./Drivers/STM32F4xx_HAL_Driver/Src/stm32f4xx_hal_rcc.o
 .debug_frame   0x00002ac4      0x13c ./Drivers/STM32F4xx_HAL_Driver/Src/stm32f4xx_hal_rcc_ex.o
 .debug_frame   0x00002c00      0x22c ./Drivers/STM32F4xx_HAL_Driver/Src/stm32f4xx_hal_rng.o
 .debug_frame   0x00002e2c      0x828 ./Drivers/STM32F4xx_HAL_Driver/Src/stm32f4xx_hal_spi.o
 .debug_frame   0x00003654     0x11c0 ./Drivers/STM32F4xx_HAL_Driver/Src/stm32f4xx_hal_tim.o
 .debug_frame   0x00004814      0x638 ./Drivers/STM32F4xx_HAL_Driver/Src/stm32f4xx_hal_tim_ex.o
 .debug_frame   0x00004e4c       0x20 C:/ST/STM32CubeIDE_1.16.0/STM32CubeIDE/plugins/com.st.stm32cube.ide.mcu.externaltools.gnu-tools-for-stm32.12.3.rel1.win32_1.0.200.202406191623/tools/bin/../lib/gcc/arm-none-eabi/12.3.1/../../../../arm-none-eabi/lib/thumb/v7e-m+fp/hard\libc_nano.a(libc_a-memset.o)
 .debug_frame   0x00004e6c       0x2c C:/ST/STM32CubeIDE_1.16.0/STM32CubeIDE/plugins/com.st.stm32cube.ide.mcu.externaltools.gnu-tools-for-stm32.12.3.rel1.win32_1.0.200.202406191623/tools/bin/../lib/gcc/arm-none-eabi/12.3.1/../../../../arm-none-eabi/lib/thumb/v7e-m+fp/hard\libc_nano.a(libc_a-init.o)

.debug_line_str
                0x00000000       0x6e
 .debug_line_str
                0x00000000       0x6e ./Core/Startup/startup_stm32f429zitx.o
