Archive member included to satisfy reference by file (symbol)

C:/ST/STM32CubeIDE_1.16.0/STM32CubeIDE/plugins/com.st.stm32cube.ide.mcu.externaltools.gnu-tools-for-stm32.12.3.rel1.win32_1.0.200.202406191623/tools/bin/../lib/gcc/arm-none-eabi/12.3.1/../../../../arm-none-eabi/lib/thumb/v7e-m+fp/hard\libc_nano.a(libc_a-exit.o)
                              C:/ST/STM32CubeIDE_1.16.0/STM32CubeIDE/plugins/com.st.stm32cube.ide.mcu.externaltools.gnu-tools-for-stm32.12.3.rel1.win32_1.0.200.202406191623/tools/bin/../lib/gcc/arm-none-eabi/12.3.1/../../../../arm-none-eabi/lib/thumb/v7e-m+fp/hard/crt0.o (exit)
C:/ST/STM32CubeIDE_1.16.0/STM32CubeIDE/plugins/com.st.stm32cube.ide.mcu.externaltools.gnu-tools-for-stm32.12.3.rel1.win32_1.0.200.202406191623/tools/bin/../lib/gcc/arm-none-eabi/12.3.1/../../../../arm-none-eabi/lib/thumb/v7e-m+fp/hard\libc_nano.a(libc_a-findfp.o)
                              C:/ST/STM32CubeIDE_1.16.0/STM32CubeIDE/plugins/com.st.stm32cube.ide.mcu.externaltools.gnu-tools-for-stm32.12.3.rel1.win32_1.0.200.202406191623/tools/bin/../lib/gcc/arm-none-eabi/12.3.1/../../../../arm-none-eabi/lib/thumb/v7e-m+fp/hard\libc_nano.a(libc_a-exit.o) (__stdio_exit_handler)
C:/ST/STM32CubeIDE_1.16.0/STM32CubeIDE/plugins/com.st.stm32cube.ide.mcu.externaltools.gnu-tools-for-stm32.12.3.rel1.win32_1.0.200.202406191623/tools/bin/../lib/gcc/arm-none-eabi/12.3.1/../../../../arm-none-eabi/lib/thumb/v7e-m+fp/hard\libc_nano.a(libc_a-fwalk.o)
                              C:/ST/STM32CubeIDE_1.16.0/STM32CubeIDE/plugins/com.st.stm32cube.ide.mcu.externaltools.gnu-tools-for-stm32.12.3.rel1.win32_1.0.200.202406191623/tools/bin/../lib/gcc/arm-none-eabi/12.3.1/../../../../arm-none-eabi/lib/thumb/v7e-m+fp/hard\libc_nano.a(libc_a-findfp.o) (_fwalk_sglue)
C:/ST/STM32CubeIDE_1.16.0/STM32CubeIDE/plugins/com.st.stm32cube.ide.mcu.externaltools.gnu-tools-for-stm32.12.3.rel1.win32_1.0.200.202406191623/tools/bin/../lib/gcc/arm-none-eabi/12.3.1/../../../../arm-none-eabi/lib/thumb/v7e-m+fp/hard\libc_nano.a(libc_a-printf.o)
                              ./Core/Src/ApplicationCode.o (printf)
C:/ST/STM32CubeIDE_1.16.0/STM32CubeIDE/plugins/com.st.stm32cube.ide.mcu.externaltools.gnu-tools-for-stm32.12.3.rel1.win32_1.0.200.202406191623/tools/bin/../lib/gcc/arm-none-eabi/12.3.1/../../../../arm-none-eabi/lib/thumb/v7e-m+fp/hard\libc_nano.a(libc_a-puts.o)
                              ./Core/Src/ApplicationCode.o (puts)
C:/ST/STM32CubeIDE_1.16.0/STM32CubeIDE/plugins/com.st.stm32cube.ide.mcu.externaltools.gnu-tools-for-stm32.12.3.rel1.win32_1.0.200.202406191623/tools/bin/../lib/gcc/arm-none-eabi/12.3.1/../../../../arm-none-eabi/lib/thumb/v7e-m+fp/hard\libc_nano.a(libc_a-stdio.o)
                              C:/ST/STM32CubeIDE_1.16.0/STM32CubeIDE/plugins/com.st.stm32cube.ide.mcu.externaltools.gnu-tools-for-stm32.12.3.rel1.win32_1.0.200.202406191623/tools/bin/../lib/gcc/arm-none-eabi/12.3.1/../../../../arm-none-eabi/lib/thumb/v7e-m+fp/hard\libc_nano.a(libc_a-findfp.o) (__sread)
C:/ST/STM32CubeIDE_1.16.0/STM32CubeIDE/plugins/com.st.stm32cube.ide.mcu.externaltools.gnu-tools-for-stm32.12.3.rel1.win32_1.0.200.202406191623/tools/bin/../lib/gcc/arm-none-eabi/12.3.1/../../../../arm-none-eabi/lib/thumb/v7e-m+fp/hard\libc_nano.a(libc_a-wbuf.o)
                              C:/ST/STM32CubeIDE_1.16.0/STM32CubeIDE/plugins/com.st.stm32cube.ide.mcu.externaltools.gnu-tools-for-stm32.12.3.rel1.win32_1.0.200.202406191623/tools/bin/../lib/gcc/arm-none-eabi/12.3.1/../../../../arm-none-eabi/lib/thumb/v7e-m+fp/hard\libc_nano.a(libc_a-puts.o) (__swbuf_r)
C:/ST/STM32CubeIDE_1.16.0/STM32CubeIDE/plugins/com.st.stm32cube.ide.mcu.externaltools.gnu-tools-for-stm32.12.3.rel1.win32_1.0.200.202406191623/tools/bin/../lib/gcc/arm-none-eabi/12.3.1/../../../../arm-none-eabi/lib/thumb/v7e-m+fp/hard\libc_nano.a(libc_a-wsetup.o)
                              C:/ST/STM32CubeIDE_1.16.0/STM32CubeIDE/plugins/com.st.stm32cube.ide.mcu.externaltools.gnu-tools-for-stm32.12.3.rel1.win32_1.0.200.202406191623/tools/bin/../lib/gcc/arm-none-eabi/12.3.1/../../../../arm-none-eabi/lib/thumb/v7e-m+fp/hard\libc_nano.a(libc_a-puts.o) (__swsetup_r)
C:/ST/STM32CubeIDE_1.16.0/STM32CubeIDE/plugins/com.st.stm32cube.ide.mcu.externaltools.gnu-tools-for-stm32.12.3.rel1.win32_1.0.200.202406191623/tools/bin/../lib/gcc/arm-none-eabi/12.3.1/../../../../arm-none-eabi/lib/thumb/v7e-m+fp/hard\libc_nano.a(libc_a-memset.o)
                              C:/ST/STM32CubeIDE_1.16.0/STM32CubeIDE/plugins/com.st.stm32cube.ide.mcu.externaltools.gnu-tools-for-stm32.12.3.rel1.win32_1.0.200.202406191623/tools/bin/../lib/gcc/arm-none-eabi/12.3.1/../../../../arm-none-eabi/lib/thumb/v7e-m+fp/hard/crt0.o (memset)
C:/ST/STM32CubeIDE_1.16.0/STM32CubeIDE/plugins/com.st.stm32cube.ide.mcu.externaltools.gnu-tools-for-stm32.12.3.rel1.win32_1.0.200.202406191623/tools/bin/../lib/gcc/arm-none-eabi/12.3.1/../../../../arm-none-eabi/lib/thumb/v7e-m+fp/hard\libc_nano.a(libc_a-closer.o)
[...]
Memory Configuration

Name             Origin             Length             Attributes
CCMRAM           0x10000000         0x00010000         xrw
RAM              0x20000000         0x00030000         xrw
FLASH            0x08000000         0x00200000         xr
*default*        0x00000000         0xffffffff

Linker script and memory map

LOAD C:/ST/STM32CubeIDE_1.16.0/STM32CubeIDE/plugins/com.st.stm32cube.ide.mcu.externaltools.gnu-tools-for-stm32.12.3.rel1.win32_1.0.200.202406191623/tools/bin/../lib/gcc/arm-none-eabi/12.3.1/thumb/v7e-m+fp/hard/crti.o
LOAD C:/ST/STM32CubeIDE_1.16.0/STM32CubeIDE/plugins/com.st.stm32cube.ide.mcu.externaltools.gnu-tools-for-stm32.12.3.rel1.win32_1.0.200.202406191623/tools/bin/../lib/gcc/arm-none-eabi/12.3.1/thumb/v7e-m+fp/hard/crtbegin.o
LOAD C:/ST/STM32CubeIDE_1.16.0/STM32CubeIDE/plugins/com.st.stm32cube.ide.mcu.externaltools.gnu-tools-for-stm32.12.3.rel1.win32_1.0.200.202406191623/tools/bin/../lib/gcc/arm-none-eabi/12.3.1/../../../../arm-none-eabi/lib/thumb/v7e-m+fp/hard/crt0.o
LOAD ./Core/Src/ApplicationCode.o
LOAD ./Core/Src/LCD_Driver.o
LOAD ./Core/Src/fonts.o
LOAD ./Core/Src/ili9341.o
LOAD ./Core/Src/main.o
LOAD ./Core/Src/stm32f4xx_hal_msp.o
LOAD ./Core/Src/stm32f4xx_it.o
LOAD ./Core/Src/stmpe811.o
LOAD ./Core/Src/syscalls.o
LOAD ./Core/Src/sysmem.o
LOAD ./Core/Src/system_stm32f4xx.o
LOAD ./Core/Startup/startup_stm32f429zitx.o
LOAD ./Drivers/STM32F4xx_HAL_Driver/Src/stm32f4xx_hal.o
LOAD ./Drivers/STM32F4xx_HAL_Driver/Src/stm32f4xx_hal_cortex.o
LOAD ./Drivers/STM32F4xx_HAL_Driver/Src/stm32f4xx_hal_dma.o
LOAD ./Drivers/STM32F4xx_HAL_Driver/Src/stm32f4xx_hal_dma_ex.o
LOAD ./Drivers/STM32F4xx_HAL_Driver/Src/stm32f4xx_hal_dsi.o
LOAD ./Drivers/STM32F4xx_HAL_Driver/Src/stm32f4xx_hal_exti.o
LOAD ./Drivers/STM32F4xx_HAL_Driver/Src/stm32f4xx_hal_flash.o
LOAD ./Drivers/STM32F4xx_HAL_Driver/Src/stm32f4xx_hal_flash_ex.o
LOAD ./Drivers/STM32F4xx_HAL_Driver/Src/stm32f4xx_hal_flash_ramfunc.o
LOAD ./Drivers/STM32F4xx_HAL_Driver/Src/stm32f4xx_hal_gpio.o
LOAD ./Drivers/STM32F4xx_HAL_Driver/Src/stm32f4xx_hal_i2c.o
LOAD ./Drivers/STM32F4xx_HAL_Driver/Src/stm32f4xx_hal_i2c_ex.o
LOAD ./Drivers/STM32F4xx_HAL_Driver/Src/stm32f4xx_hal_ltdc.o
LOAD ./Drivers/STM32F4xx_HAL_Driver/Src/stm32f4xx_hal_ltdc_ex.o
LOAD ./Drivers/STM32F4xx_HAL_Driver/Src/stm32f4xx_hal_pwr.o
LOAD ./Drivers/STM32F4xx_HAL_Driver/Src/stm32f4xx_hal_pwr_ex.o
LOAD ./Drivers/STM32F4xx_HAL_Driver/Src/stm32f4xx_hal_rcc.o
LOAD ./Drivers/STM32F4xx_HAL_Driver/Src/stm32f4xx_hal_rcc_ex.o
LOAD ./Drivers/STM32F4xx_HAL_Driver/Src/stm32f4xx_hal_rng.o
LOAD ./Drivers/STM32F4xx_HAL_Driver/Src/stm32f4xx_hal_spi.o
LOAD ./Drivers/STM32F4xx_HAL_Driver/Src/stm32f4xx_hal_tim.o
LOAD ./Drivers/STM32F4xx_HAL_Driver/Src/stm32f4xx_hal_tim_ex.o
START GROUP
LOAD C:/ST/STM32CubeIDE_1.16.0/STM32CubeIDE/plugins/com.st.stm32cube.ide.mcu.externaltools.gnu-tools-for-stm32.12.3.rel1.win32_1.0.200.202406191623/tools/bin/../lib/gcc/arm-none-eabi/12.3.1/../../../../arm-none-eabi/lib/thumb/v7e-m+fp/hard\libc_nano.a
LOAD C:/ST/STM32CubeIDE_1.16.0/STM32CubeIDE/plugins/com.st.stm32cube.ide.mcu.externaltools.gnu-tools-for-stm32.12.3.rel1.win32_1.0.200.202406191623/tools/bin/../lib/gcc/arm-none-eabi/12.3.1/../../../../arm-none-eabi/lib/thumb/v7e-m+fp/hard\libm.a
END GROUP
START GROUP
LOAD C:/ST/STM32CubeIDE_1.16.0/STM32CubeIDE/plugins/com.st.stm32cube.ide.mcu.externaltools.gnu-tools-for-stm32.12.3.rel1.win32_1.0.200.202406191623/tools/bin/../lib/gcc/arm-none-eabi/12.3.1/thumb/v7e-m+fp/hard\libgcc.a
LOAD C:/ST/STM32CubeIDE_1.16.0/STM32CubeIDE/plugins/com.st.stm32cube.ide.mcu.externaltools.gnu-tools-for-stm32.12.3.rel1.win32_1.0.200.202406191623/tools/bin/../lib/gcc/arm-none-eabi/12.3.1/../../../../arm-none-eabi/lib/thumb/v7e-m+fp/hard\libc_nano.a
END GROUP
START GROUP
LOAD C:/ST/STM32CubeIDE_1.16.0/STM32CubeIDE/plugins/com.st.stm32cube.ide.mcu.externaltools.gnu-tools-for-stm32.12.3.rel1.win32_1.0.200.202406191623/tools/bin/../lib/gcc/arm-none-eabi/12.3.1/thumb/v7e-m+fp/hard\libgcc.a
LOAD C:/ST/STM32CubeIDE_1.16.0/STM32CubeIDE/plugins/com.st.stm32cube.ide.mcu.externaltools.gnu-tools-for-stm32.12.3.rel1.win32_1.0.200.202406191623/tools/bin/../lib/gcc/arm-none-eabi/12.3.1/../../../../arm-none-eabi/lib/thumb/v7e-m+fp/hard\libc_nano.a
LOAD C:/ST/STM32CubeIDE_1.16.0/STM32CubeIDE/plugins/com.st.stm32cube.ide.mcu.externaltools.gnu-tools-for-stm32.12.3.rel1.win32_1.0.200.202406191623/tools/bin/../lib/gcc/arm-none-eabi/12.3.1/../../../../arm-none-eabi/lib/thumb/v7e-m+fp/hard\libnosys.a
END GROUP
START GROUP
LOAD C:/ST/STM32CubeIDE_1.16.0/STM32CubeIDE/plugins/com.st.stm32cube.ide.mcu.externaltools.gnu-tools-for-stm32.12.3.rel1.win32_1.0.200.202406191623/tools/bin/../lib/gcc/arm-none-eabi/12.3.1/thumb/v7e-m+fp/hard\libgcc.a
LOAD C:/ST/STM32CubeIDE_1.16.0/STM32CubeIDE/plugins/com.st.stm32cube.ide.mcu.externaltools.gnu-tools-for-stm32.12.3.rel1.win32_1.0.200.202406191623/tools/bin/../lib/gcc/arm-none-eabi/12.3.1/../../../../arm-none-eabi/lib/thumb/v7e-m+fp/hard\libc_nano.a
LOAD C:/ST/STM32CubeIDE_1.16.0/STM32CubeIDE/plugins/com.st.stm32cube.ide.mcu.externaltools.gnu-tools-for-stm32.12.3.rel1.win32_1.0.200.202406191623/tools/bin/../lib/gcc/arm-none-eabi/12.3.1/../../../../arm-none-eabi/lib/thumb/v7e-m+fp/hard\libnosys.a
END GROUP
LOAD C:/ST/STM32CubeIDE_1.16.0/STM32CubeIDE/plugins/com.st.stm32cube.ide.mcu.externaltools.gnu-tools-for-stm32.12.3.rel1.win32_1.0.200.202406191623/tools/bin/../lib/gcc/arm-none-eabi/12.3.1/thumb/v7e-m+fp/hard/crtend.o
LOAD C:/ST/STM32CubeIDE_1.16.0/STM32CubeIDE/plugins/com.st.stm32cube.ide.mcu.externaltools.gnu-tools-for-stm32.12.3.rel1.win32_1.0.200.202406191623/tools/bin/../lib/gcc/arm-none-eabi/12.3.1/thumb/v7e-m+fp/hard/crtn.o
                0x20030000                        _estack = (ORIGIN (RAM) + LENGTH (RAM))
                0x00000200                        _Min_Heap_Size = 0x200
                0x00000400                        _Min_Stack_Size = 0x400

.isr_vector     0x08000000      0x1ac
                0x08000000                        . = ALIGN (0x4)
 *(.isr_vector)
 .isr_vector    0x08000000      0x1ac ./Core/Startup/startup_stm32f429zitx.o
                0x08000000                g_pfnVectors
                0x080001ac                        . = ALIGN (0x4)

.text           0x080001b0     0x71fc
                0x080001b0                        . = ALIGN (0x4)
 *(.text)
 .text          0x080001b0       0x40 C:/ST/STM32CubeIDE_1.16.0/STM32CubeIDE/plugins/com.st.stm32cube.ide.mcu.externaltools.gnu-tools-for-stm32.12.3.rel1.win32_1.0.200.202406191623/tools/bin/../lib/gcc/arm-none-eabi/12.3.1/thumb/v7e-m+fp/hard/crtbegin.o
 .text          0x080001f0       0xa0 C:/ST/STM32CubeIDE_1.16.0/STM32CubeIDE/plugins/com.st.stm32cube.ide.mcu.externaltools.gnu-tools-for-stm32.12.3.rel1.win32_1.0.200.202406191623/tools/bin/../lib/gcc/arm-none-eabi/12.3.1/../../../../arm-none-eabi/lib/thumb/v7e-m+fp/hard\libc_nano.a(libc_a-memchr.o)
                0x080001f0                memchr
 .text          0x08000290       0x30 C:/ST/STM32CubeIDE_1.16.0/STM32CubeIDE/plugins/com.st.stm32cube.ide.mcu.externaltools.gnu-tools-for-stm32.12.3.rel1.win32_1.0.200.202406191623/tools/bin/../lib/gcc/arm-none-eabi/12.3.1/thumb/v7e-m+fp/hard\libgcc.a(_aeabi_uldivmod.o)
                0x08000290                __aeabi_uldivmod
 .text          0x080002c0      0x2bc C:/ST/STM32CubeIDE_1.16.0/STM32CubeIDE/plugins/com.st.stm32cube.ide.mcu.externaltools.gnu-tools-for-stm32.12.3.rel1.win32_1.0.200.202406191623/tools/bin/../lib/gcc/arm-none-eabi/12.3.1/thumb/v7e-m+fp/hard\libgcc.a(_udivmoddi4.o)
                0x080002c0                __udivmoddi4
 .text          0x0800057c        0x4 C:/ST/STM32CubeIDE_1.16.0/STM32CubeIDE/plugins/com.st.stm32cube.ide.mcu.externaltools.gnu-tools-for-stm32.12.3.rel1.win32_1.0.200.202406191623/tools/bin/../lib/gcc/arm-none-eabi/12.3.1/thumb/v7e-m+fp/hard\libgcc.a(_dvmd_tls.o)
                0x0800057c                __aeabi_idiv0
                0x0800057c                __aeabi_ldiv0
 *(.text*)
 .text.ApplicationInit
                0x08000580       0x34 ./Core/Src/ApplicationCode.o
                0x08000580                ApplicationInit
 .text.check_grid_empty
                0x080005b4       0x5c ./Core/Src/ApplicationCode.o
                0x080005b4                check_grid_empty
 .text.random_block
                0x08000610       0xf4 ./Core/Src/ApplicationCode.o
                0x08000610                random_block
 .text.hide_numbers
                0x08000704       0x74 ./Core/Src/ApplicationCode.o
                0x08000704                hide_numbers
 .text.generate_block
                0x08000778      0x12c ./Core/Src/ApplicationCode.o
                0x08000778                generate_block
 .text.remove_block
                0x080008a4       0x3a ./Core/Src/ApplicationCode.o
                0x080008a4                remove_block
 *fill*         0x080008de        0x2 
 .text.LCDTouchScreenInterruptGPIOInit
                0x080008e0       0x74 ./Core/Src/ApplicationCode.o
                0x080008e0                LCDTouchScreenInterruptGPIOInit
 .text.EXTI15_10_IRQHandler
                0x08000954      0x208 ./Core/Src/ApplicationCode.o
                0x08000954                EXTI15_10_IRQHandler
 .text.LCD_GPIO_Init
                0x08000b5c      0x190 ./Core/Src/LCD_Driver.o
                0x08000b5c                LCD_GPIO_Init
 .text.LTCD_Layer_Init
                0x08000cec       0x80 ./Core/Src/LCD_Driver.o
                0x08000cec                LTCD_Layer_Init
 .text.LCD_Draw_Square_Fill
                0x08000d6c       0x78 ./Core/Src/LCD_Driver.o
                0x08000d6c                LCD_Draw_Square_Fill
 .text.LTCD__Init
                0x08000de4       0xbc ./Core/Src/LCD_Driver.o
                0x08000de4                LTCD__Init
 .text.LCD_Draw_Pixel
                0x08000ea0       0x3c ./Core/Src/LCD_Driver.o
                0x08000ea0                LCD_Draw_Pixel
 .text.LCD_Draw_Circle_Fill
                0x08000edc       0xa6 ./Core/Src/LCD_Driver.o
                0x08000edc                LCD_Draw_Circle_Fill
 *fill*         0x08000f82        0x2 
 .text.LCD_Clear
                0x08000f84       0x44 ./Core/Src/LCD_Driver.o
                0x08000f84                LCD_Clear
 .text.LCD_SetTextColor
                0x08000fc8       0x20 ./Core/Src/LCD_Driver.o
                0x08000fc8                LCD_SetTextColor
 .text.LCD_SetFont
                0x08000fe8       0x20 ./Core/Src/LCD_Driver.o
                0x08000fe8                LCD_SetFont
 .text.LCD_Draw_Char
                0x08001008       0xdc ./Core/Src/LCD_Driver.o
                0x08001008                LCD_Draw_Char
 .text.LCD_DrawMonkey
                0x080010e4       0xaa ./Core/Src/LCD_Driver.o
                0x080010e4                LCD_DrawMonkey
 *fill*         0x0800118e        0x2 
 .text.LCD_DisplayChar
                0x08001190       0x44 ./Core/Src/LCD_Driver.o
                0x08001190                LCD_DisplayChar
 .text.LCD_Error_Handler
                0x080011d4        0xc ./Core/Src/LCD_Driver.o
                0x080011d4                LCD_Error_Handler
 .text.InitializeLCDTouch
                0x080011e0       0x16 ./Core/Src/LCD_Driver.o
                0x080011e0                InitializeLCDTouch
 .text.DetermineTouchPosition
                0x080011f6       0x16 ./Core/Src/LCD_Driver.o
                0x080011f6                DetermineTouchPosition
 .text.ReadRegisterFromTouchModule
                0x0800120c       0x1c ./Core/Src/LCD_Driver.o
                0x0800120c                ReadRegisterFromTouchModule
 .text.WriteDataToTouchModule
                0x08001228       0x24 ./Core/Src/LCD_Driver.o
                0x08001228                WriteDataToTouchModule
 .text.ili9341_Init
                0x0800124c      0x294 ./Core/Src/ili9341.o
                0x0800124c                ili9341_Init
 .text.ili9341_Write_Reg
                0x080014e0       0x1a ./Core/Src/ili9341.o
                0x080014e0                ili9341_Write_Reg
 .text.ili9341_Send_Data
                0x080014fa       0x1a ./Core/Src/ili9341.o
                0x080014fa                ili9341_Send_Data
 .text.SPI_Init
                0x08001514       0x74 ./Core/Src/ili9341.o
 .text.SPI_Write
                0x08001588       0x3c ./Core/Src/ili9341.o
 .text.SPI_Error
                0x080015c4       0x18 ./Core/Src/ili9341.o
 .text.SPI_MspInit
                0x080015dc       0x74 ./Core/Src/ili9341.o
 .text.LCD_IO_Init
                0x08001650       0xf0 ./Core/Src/ili9341.o
                0x08001650                LCD_IO_Init
 .text.LCD_IO_WriteData
                0x08001740       0x44 ./Core/Src/ili9341.o
                0x08001740                LCD_IO_WriteData
 .text.LCD_IO_WriteReg
                0x08001784       0x44 ./Core/Src/ili9341.o
                0x08001784                LCD_IO_WriteReg
 .text.LCD_Delay
                0x080017c8       0x16 ./Core/Src/ili9341.o
                0x080017c8                LCD_Delay
 *fill*         0x080017de        0x2 
 .text.main     0x080017e0       0x88 ./Core/Src/main.o
                0x080017e0                main
 .text.MX_I2C3_Init
                0x08001868       0x80 ./Core/Src/main.o
 .text.MX_LTDC_Init
                0x080018e8      0x164 ./Core/Src/main.o
 .text.MX_RNG_Init
                0x08001a4c       0x28 ./Core/Src/main.o
 .text.MX_SPI5_Init
                0x08001a74       0x6c ./Core/Src/main.o
 .text.SystemClockOverride
                0x08001ae0       0x80 ./Core/Src/main.o
                0x08001ae0                SystemClockOverride
 .text.MX_TIM6_Init
                0x08001b60       0x6c ./Core/Src/main.o
 .text.MX_TIM7_Init
                0x08001bcc       0x6c ./Core/Src/main.o
 .text.MX_GPIO_Init
                0x08001c38      0x35c ./Core/Src/main.o
 .text.Error_Handler
                0x08001f94        0xc ./Core/Src/main.o
                0x08001f94                Error_Handler
 .text.HAL_MspInit
                0x08001fa0       0x50 ./Core/Src/stm32f4xx_hal_msp.o
                0x08001fa0                HAL_MspInit
 .text.HAL_I2C_MspInit
                0x08001ff0       0xd4 ./Core/Src/stm32f4xx_hal_msp.o
                0x08001ff0                HAL_I2C_MspInit
 .text.HAL_LTDC_MspInit
                0x080020c4      0x250 ./Core/Src/stm32f4xx_hal_msp.o
                0x080020c4                HAL_LTDC_MspInit
 .text.HAL_RNG_MspInit
                0x08002314       0x44 ./Core/Src/stm32f4xx_hal_msp.o
                0x08002314                HAL_RNG_MspInit
 .text.HAL_SPI_MspInit
                0x08002358       0x90 ./Core/Src/stm32f4xx_hal_msp.o
                0x08002358                HAL_SPI_MspInit
 .text.HAL_SPI_MspDeInit
                0x080023e8       0x3c ./Core/Src/stm32f4xx_hal_msp.o
                0x080023e8                HAL_SPI_MspDeInit
 .text.HAL_TIM_Base_MspInit
                0x08002424       0x70 ./Core/Src/stm32f4xx_hal_msp.o
                0x08002424                HAL_TIM_Base_MspInit
 .text.NMI_Handler
                0x08002494        0x8 ./Core/Src/stm32f4xx_it.o
                0x08002494                NMI_Handler
 .text.HardFault_Handler
                0x0800249c        0x8 ./Core/Src/stm32f4xx_it.o
                0x0800249c                HardFault_Handler
 .text.MemManage_Handler
                0x080024a4        0x8 ./Core/Src/stm32f4xx_it.o
                0x080024a4                MemManage_Handler
 .text.BusFault_Handler
                0x080024ac        0x8 ./Core/Src/stm32f4xx_it.o
                0x080024ac                BusFault_Handler
 .text.UsageFault_Handler
                0x080024b4        0x8 ./Core/Src/stm32f4xx_it.o
                0x080024b4                UsageFault_Handler
 .text.SVC_Handler
                0x080024bc        0xe ./Core/Src/stm32f4xx_it.o
                0x080024bc                SVC_Handler
 .text.DebugMon_Handler
                0x080024ca        0xe ./Core/Src/stm32f4xx_it.o
                0x080024ca                DebugMon_Handler
 .text.PendSV_Handler
                0x080024d8        0xe ./Core/Src/stm32f4xx_it.o
                0x080024d8                PendSV_Handler
 .text.SysTick_Handler
                0x080024e6        0xc ./Core/Src/stm32f4xx_it.o
                0x080024e6                SysTick_Handler
 *fill*         0x080024f2        0x2 
 .text.__NVIC_EnableIRQ
                0x080024f4       0x3c ./Core/Src/stmpe811.o
 .text.STMPE811_Init
                0x08002530      0x18e ./Core/Src/stmpe811.o
                0x08002530                STMPE811_Init
 .text.STMPE811_Read
                0x080026be       0x22 ./Core/Src/stmpe811.o
                0x080026be                STMPE811_Read
 .text.STMPE811_Write
                0x080026e0       0x24 ./Core/Src/stmpe811.o
                0x080026e0                STMPE811_Write
 .text.STMPE811_DetermineTouchPosition
                0x08002704       0xee ./Core/Src/stmpe811.o
                0x08002704                STMPE811_DetermineTouchPosition
 *fill*         0x080027f2        0x2 
 .text.enableInterruptSupportForTouch
                0x080027f4       0x64 ./Core/Src/stmpe811.o
                0x080027f4                enableInterruptSupportForTouch
 .text.verifyHAL_I2C_IS_OKAY
                0x08002858       0x20 ./Core/Src/stmpe811.o
                0x08002858                verifyHAL_I2C_IS_OKAY
 .text.I2C3_Init
                0x08002878       0x7c ./Core/Src/stmpe811.o
 .text.I2C3_MspInit
                0x080028f4       0xa8 ./Core/Src/stmpe811.o
 .text.I2C3_Write
                0x0800299c       0x54 ./Core/Src/stmpe811.o
                0x0800299c                I2C3_Write
 .text.I2C3_Read
                0x080029f0       0x4c ./Core/Src/stmpe811.o
                0x080029f0                I2C3_Read
 .text.I2C3_MulitByteRead
                0x08002a3c       0x44 ./Core/Src/stmpe811.o
                0x08002a3c                I2C3_MulitByteRead
 .text.TM_STMPE811_ReadX
                0x08002a80       0xbc ./Core/Src/stmpe811.o
                0x08002a80                TM_STMPE811_ReadX
 .text.TM_STMPE811_ReadY
                0x08002b3c       0xa4 ./Core/Src/stmpe811.o
                0x08002b3c                TM_STMPE811_ReadY
 .text.initialise_monitor_handles
                0x08002be0        0xe ./Core/Src/syscalls.o
                0x08002be0                initialise_monitor_handles
 .text._read    0x08002bee       0x3a ./Core/Src/syscalls.o
                0x08002bee                _read
 .text._write   0x08002c28       0x38 ./Core/Src/syscalls.o
                0x08002c28                _write
 .text._close   0x08002c60       0x18 ./Core/Src/syscalls.o
                0x08002c60                _close
 .text._fstat   0x08002c78       0x20 ./Core/Src/syscalls.o
                0x08002c78                _fstat
 .text._isatty  0x08002c98       0x16 ./Core/Src/syscalls.o
                0x08002c98                _isatty
 .text._lseek   0x08002cae       0x1a ./Core/Src/syscalls.o
                0x08002cae                _lseek
 .text._sbrk    0x08002cc8       0x6c ./Core/Src/sysmem.o
                0x08002cc8                _sbrk
 .text.SystemInit
                0x08002d34       0x24 ./Core/Src/system_stm32f4xx.o
                0x08002d34                SystemInit
 .text.Reset_Handler
                0x08002d58       0x50 ./Core/Startup/startup_stm32f429zitx.o
                0x08002d58                Reset_Handler
 .text.Default_Handler
                0x08002da8        0x2 ./Core/Startup/startup_stm32f429zitx.o
                0x08002da8                RTC_Alarm_IRQHandler
                0x08002da8                HASH_RNG_IRQHandler
                0x08002da8                EXTI2_IRQHandler
                0x08002da8                TIM8_CC_IRQHandler
                0x08002da8                UART8_IRQHandler
                0x08002da8                SPI4_IRQHandler
                0x08002da8                TIM1_CC_IRQHandler
                0x08002da8                DMA2_Stream5_IRQHandler
                0x08002da8                DMA1_Stream5_IRQHandler
                0x08002da8                PVD_IRQHandler
                0x08002da8                SDIO_IRQHandler
                0x08002da8                TAMP_STAMP_IRQHandler
                0x08002da8                CAN2_RX1_IRQHandler
                0x08002da8                EXTI3_IRQHandler
                0x08002da8                TIM8_TRG_COM_TIM14_IRQHandler
                0x08002da8                TIM1_UP_TIM10_IRQHandler
                0x08002da8                TIM8_UP_TIM13_IRQHandler
                0x08002da8                I2C3_ER_IRQHandler
                0x08002da8                EXTI0_IRQHandler
                0x08002da8                I2C2_EV_IRQHandler
                0x08002da8                DMA1_Stream2_IRQHandler
                0x08002da8                CAN1_RX0_IRQHandler
                0x08002da8                FPU_IRQHandler
                0x08002da8                OTG_HS_WKUP_IRQHandler
                0x08002da8                LTDC_ER_IRQHandler
                0x08002da8                CAN2_SCE_IRQHandler
                0x08002da8                DMA2_Stream2_IRQHandler
                0x08002da8                SPI1_IRQHandler
                0x08002da8                TIM6_DAC_IRQHandler
                0x08002da8                TIM1_BRK_TIM9_IRQHandler
                0x08002da8                DCMI_IRQHandler
                0x08002da8                CAN2_RX0_IRQHandler
                0x08002da8                DMA2_Stream3_IRQHandler
                0x08002da8                USART6_IRQHandler
                0x08002da8                USART3_IRQHandler
                0x08002da8                CAN1_RX1_IRQHandler
                0x08002da8                UART5_IRQHandler
                0x08002da8                DMA2_Stream0_IRQHandler
                0x08002da8                TIM4_IRQHandler
                0x08002da8                I2C1_EV_IRQHandler
                0x08002da8                DMA1_Stream6_IRQHandler
                0x08002da8                DMA1_Stream1_IRQHandler
                0x08002da8                UART4_IRQHandler
                0x08002da8                TIM3_IRQHandler
                0x08002da8                RCC_IRQHandler
                0x08002da8                TIM8_BRK_TIM12_IRQHandler
                0x08002da8                Default_Handler
                0x08002da8                ADC_IRQHandler
                0x08002da8                DMA1_Stream7_IRQHandler
                0x08002da8                SPI5_IRQHandler
                0x08002da8                TIM7_IRQHandler
                0x08002da8                CAN2_TX_IRQHandler
                0x08002da8                TIM5_IRQHandler
                0x08002da8                DMA2_Stream7_IRQHandler
                0x08002da8                I2C3_EV_IRQHandler
                0x08002da8                EXTI9_5_IRQHandler
                0x08002da8                RTC_WKUP_IRQHandler
                0x08002da8                LTDC_IRQHandler
                0x08002da8                ETH_WKUP_IRQHandler
                0x08002da8                SPI2_IRQHandler
                0x08002da8                OTG_HS_EP1_IN_IRQHandler
                0x08002da8                DMA1_Stream0_IRQHandler
                0x08002da8                CAN1_TX_IRQHandler
                0x08002da8                EXTI4_IRQHandler
                0x08002da8                ETH_IRQHandler
                0x08002da8                OTG_HS_EP1_OUT_IRQHandler
                0x08002da8                WWDG_IRQHandler
                0x08002da8                SPI6_IRQHandler
                0x08002da8                TIM2_IRQHandler
                0x08002da8                OTG_FS_WKUP_IRQHandler
                0x08002da8                TIM1_TRG_COM_TIM11_IRQHandler
                0x08002da8                OTG_HS_IRQHandler
                0x08002da8                DMA2D_IRQHandler
                0x08002da8                EXTI1_IRQHandler
                0x08002da8                UART7_IRQHandler
                0x08002da8                USART2_IRQHandler
                0x08002da8                I2C2_ER_IRQHandler
                0x08002da8                DMA2_Stream1_IRQHandler
                0x08002da8                CAN1_SCE_IRQHandler
                0x08002da8                FLASH_IRQHandler
                0x08002da8                DMA2_Stream4_IRQHandler
                0x08002da8                USART1_IRQHandler
                0x08002da8                OTG_FS_IRQHandler
                0x08002da8                SPI3_IRQHandler
                0x08002da8                DMA1_Stream4_IRQHandler
                0x08002da8                I2C1_ER_IRQHandler
                0x08002da8                FMC_IRQHandler
                0x08002da8                DMA2_Stream6_IRQHandler
                0x08002da8                SAI1_IRQHandler
                0x08002da8                DMA1_Stream3_IRQHandler
 *fill*         0x08002daa        0x2 
 .text.HAL_Init
                0x08002dac       0x44 ./Drivers/STM32F4xx_HAL_Driver/Src/stm32f4xx_hal.o
                0x08002dac                HAL_Init
 .text.HAL_InitTick
                0x08002df0       0x60 ./Drivers/STM32F4xx_HAL_Driver/Src/stm32f4xx_hal.o
                0x08002df0                HAL_InitTick
 .text.HAL_IncTick
                0x08002e50       0x28 ./Drivers/STM32F4xx_HAL_Driver/Src/stm32f4xx_hal.o
                0x08002e50                HAL_IncTick
 .text.HAL_GetTick
                0x08002e78       0x18 ./Drivers/STM32F4xx_HAL_Driver/Src/stm32f4xx_hal.o
                0x08002e78                HAL_GetTick
 .text.HAL_Delay
                0x08002e90       0x48 ./Drivers/STM32F4xx_HAL_Driver/Src/stm32f4xx_hal.o
                0x08002e90                HAL_Delay
 .text.__NVIC_SetPriorityGrouping
                0x08002ed8       0x48 ./Drivers/STM32F4xx_HAL_Driver/Src/stm32f4xx_hal_cortex.o
 .text.__NVIC_GetPriorityGrouping
                0x08002f20       0x1c ./Drivers/STM32F4xx_HAL_Driver/Src/stm32f4xx_hal_cortex.o
 .text.__NVIC_EnableIRQ
                0x08002f3c       0x3c ./Drivers/STM32F4xx_HAL_Driver/Src/stm32f4xx_hal_cortex.o
 .text.__NVIC_DisableIRQ
                0x08002f78       0x48 ./Drivers/STM32F4xx_HAL_Driver/Src/stm32f4xx_hal_cortex.o
 .text.__NVIC_ClearPendingIRQ
                0x08002fc0       0x3c ./Drivers/STM32F4xx_HAL_Driver/Src/stm32f4xx_hal_cortex.o
 .text.__NVIC_SetPriority
                0x08002ffc       0x54 ./Drivers/STM32F4xx_HAL_Driver/Src/stm32f4xx_hal_cortex.o
 .text.NVIC_EncodePriority
                0x08003050       0x66 ./Drivers/STM32F4xx_HAL_Driver/Src/stm32f4xx_hal_cortex.o
 *fill*         0x080030b6        0x2 
 .text.SysTick_Config
                0x080030b8       0x44 ./Drivers/STM32F4xx_HAL_Driver/Src/stm32f4xx_hal_cortex.o
 .text.HAL_NVIC_SetPriorityGrouping
                0x080030fc       0x16 ./Drivers/STM32F4xx_HAL_Driver/Src/stm32f4xx_hal_cortex.o
                0x080030fc                HAL_NVIC_SetPriorityGrouping
 .text.HAL_NVIC_SetPriority
                0x08003112       0x38 ./Drivers/STM32F4xx_HAL_Driver/Src/stm32f4xx_hal_cortex.o
                0x08003112                HAL_NVIC_SetPriority
 .text.HAL_NVIC_EnableIRQ
                0x0800314a       0x1c ./Drivers/STM32F4xx_HAL_Driver/Src/stm32f4xx_hal_cortex.o
                0x0800314a                HAL_NVIC_EnableIRQ
 .text.HAL_NVIC_DisableIRQ
                0x08003166       0x1c ./Drivers/STM32F4xx_HAL_Driver/Src/stm32f4xx_hal_cortex.o
                0x08003166                HAL_NVIC_DisableIRQ
 .text.HAL_SYSTICK_Config
                0x08003182       0x18 ./Drivers/STM32F4xx_HAL_Driver/Src/stm32f4xx_hal_cortex.o
                0x08003182                HAL_SYSTICK_Config
 .text.HAL_NVIC_ClearPendingIRQ
                0x0800319a       0x1c ./Drivers/STM32F4xx_HAL_Driver/Src/stm32f4xx_hal_cortex.o
                0x0800319a                HAL_NVIC_ClearPendingIRQ
 *fill*         0x080031b6        0x2 
 .text.HAL_EXTI_ClearPending
                0x080031b8       0x30 ./Drivers/STM32F4xx_HAL_Driver/Src/stm32f4xx_hal_exti.o
                0x080031b8                HAL_EXTI_ClearPending
 .text.HAL_GPIO_Init
                0x080031e8      0x358 ./Drivers/STM32F4xx_HAL_Driver/Src/stm32f4xx_hal_gpio.o
                0x080031e8                HAL_GPIO_Init
 .text.HAL_GPIO_DeInit
                0x08003540      0x218 ./Drivers/STM32F4xx_HAL_Driver/Src/stm32f4xx_hal_gpio.o
                0x08003540                HAL_GPIO_DeInit
 .text.HAL_GPIO_WritePin
                0x08003758       0x32 ./Drivers/STM32F4xx_HAL_Driver/Src/stm32f4xx_hal_gpio.o
                0x08003758                HAL_GPIO_WritePin
 *fill*         0x0800378a        0x2 
 .text.HAL_I2C_Init
                0x0800378c      0x288 ./Drivers/STM32F4xx_HAL_Driver/Src/stm32f4xx_hal_i2c.o
                0x0800378c                HAL_I2C_Init
 .text.HAL_I2C_Mem_Write
                0x08003a14      0x1f4 ./Drivers/STM32F4xx_HAL_Driver/Src/stm32f4xx_hal_i2c.o
                0x08003a14                HAL_I2C_Mem_Write
 .text.HAL_I2C_Mem_Read
                0x08003c08      0x464 ./Drivers/STM32F4xx_HAL_Driver/Src/stm32f4xx_hal_i2c.o
                0x08003c08                HAL_I2C_Mem_Read
 .text.I2C_RequestMemoryWrite
                0x0800406c      0x12c ./Drivers/STM32F4xx_HAL_Driver/Src/stm32f4xx_hal_i2c.o
 .text.I2C_RequestMemoryRead
                0x08004198      0x1d0 ./Drivers/STM32F4xx_HAL_Driver/Src/stm32f4xx_hal_i2c.o
 .text.I2C_WaitOnFlagUntilTimeout
                0x08004368       0xf4 ./Drivers/STM32F4xx_HAL_Driver/Src/stm32f4xx_hal_i2c.o
 .text.I2C_WaitOnMasterAddressFlagUntilTimeout
                0x0800445c      0x140 ./Drivers/STM32F4xx_HAL_Driver/Src/stm32f4xx_hal_i2c.o
 .text.I2C_WaitOnTXEFlagUntilTimeout
                0x0800459c       0x90 ./Drivers/STM32F4xx_HAL_Driver/Src/stm32f4xx_hal_i2c.o
 .text.I2C_WaitOnBTFFlagUntilTimeout
                0x0800462c       0x90 ./Drivers/STM32F4xx_HAL_Driver/Src/stm32f4xx_hal_i2c.o
 .text.I2C_WaitOnRXNEFlagUntilTimeout
                0x080046bc       0xba ./Drivers/STM32F4xx_HAL_Driver/Src/stm32f4xx_hal_i2c.o
 .text.I2C_IsAcknowledgeFailed
                0x08004776       0x5e ./Drivers/STM32F4xx_HAL_Driver/Src/stm32f4xx_hal_i2c.o
 .text.HAL_I2CEx_ConfigAnalogFilter
                0x080047d4       0x78 ./Drivers/STM32F4xx_HAL_Driver/Src/stm32f4xx_hal_i2c_ex.o
                0x080047d4                HAL_I2CEx_ConfigAnalogFilter
 .text.HAL_I2CEx_ConfigDigitalFilter
                0x0800484c       0x7e ./Drivers/STM32F4xx_HAL_Driver/Src/stm32f4xx_hal_i2c_ex.o
                0x0800484c                HAL_I2CEx_ConfigDigitalFilter
 *fill*         0x080048ca        0x2 
 .text.HAL_LTDC_Init
                0x080048cc      0x1a0 ./Drivers/STM32F4xx_HAL_Driver/Src/stm32f4xx_hal_ltdc.o
                0x080048cc                HAL_LTDC_Init
 .text.HAL_LTDC_ConfigLayer
                0x08004a6c       0x7c ./Drivers/STM32F4xx_HAL_Driver/Src/stm32f4xx_hal_ltdc.o
                0x08004a6c                HAL_LTDC_ConfigLayer
 .text.LTDC_SetConfig
                0x08004ae8      0x32e ./Drivers/STM32F4xx_HAL_Driver/Src/stm32f4xx_hal_ltdc.o
 *fill*         0x08004e16        0x2 
 .text.HAL_RCC_OscConfig
                0x08004e18      0x4f0 ./Drivers/STM32F4xx_HAL_Driver/Src/stm32f4xx_hal_rcc.o
                0x08004e18                HAL_RCC_OscConfig
 .text.HAL_RCC_ClockConfig
                0x08005308      0x1cc ./Drivers/STM32F4xx_HAL_Driver/Src/stm32f4xx_hal_rcc.o
                0x08005308                HAL_RCC_ClockConfig
 .text.HAL_RCC_GetSysClockFreq
                0x080054d4      0x20c ./Drivers/STM32F4xx_HAL_Driver/Src/stm32f4xx_hal_rcc.o
                0x080054d4                HAL_RCC_GetSysClockFreq
 .text.HAL_RCC_GetHCLKFreq
                0x080056e0       0x18 ./Drivers/STM32F4xx_HAL_Driver/Src/stm32f4xx_hal_rcc.o
                0x080056e0                HAL_RCC_GetHCLKFreq
 .text.HAL_RCC_GetPCLK1Freq
                0x080056f8       0x28 ./Drivers/STM32F4xx_HAL_Driver/Src/stm32f4xx_hal_rcc.o
                0x080056f8                HAL_RCC_GetPCLK1Freq
 .text.HAL_RCCEx_PeriphCLKConfig
                0x08005720      0x380 ./Drivers/STM32F4xx_HAL_Driver/Src/stm32f4xx_hal_rcc_ex.o
                0x08005720                HAL_RCCEx_PeriphCLKConfig
 .text.HAL_RNG_Init
                0x08005aa0       0x54 ./Drivers/STM32F4xx_HAL_Driver/Src/stm32f4xx_hal_rng.o
                0x08005aa0                HAL_RNG_Init
 .text.HAL_RNG_GenerateRandomNumber
                0x08005af4       0xac ./Drivers/STM32F4xx_HAL_Driver/Src/stm32f4xx_hal_rng.o
                0x08005af4                HAL_RNG_GenerateRandomNumber
 .text.HAL_RNG_GetRandomNumber
                0x08005ba0       0x2a ./Drivers/STM32F4xx_HAL_Driver/Src/stm32f4xx_hal_rng.o
                0x08005ba0                HAL_RNG_GetRandomNumber
 .text.HAL_SPI_Init
                0x08005bca      0x112 ./Drivers/STM32F4xx_HAL_Driver/Src/stm32f4xx_hal_spi.o
                0x08005bca                HAL_SPI_Init
 .text.HAL_SPI_DeInit
                0x08005cdc       0x50 ./Drivers/STM32F4xx_HAL_Driver/Src/stm32f4xx_hal_spi.o
                0x08005cdc                HAL_SPI_DeInit
 .text.HAL_SPI_Transmit
                0x08005d2c      0x288 ./Drivers/STM32F4xx_HAL_Driver/Src/stm32f4xx_hal_spi.o
                0x08005d2c                HAL_SPI_Transmit
 .text.HAL_SPI_GetState
                0x08005fb4       0x1c ./Drivers/STM32F4xx_HAL_Driver/Src/stm32f4xx_hal_spi.o
                0x08005fb4                HAL_SPI_GetState
 .text.SPI_WaitFlagStateUntilTimeout
                0x08005fd0      0x110 ./Drivers/STM32F4xx_HAL_Driver/Src/stm32f4xx_hal_spi.o
 .text.SPI_EndRxTxTransaction
                0x080060e0       0xa8 ./Drivers/STM32F4xx_HAL_Driver/Src/stm32f4xx_hal_spi.o
 .text.HAL_TIM_Base_Init
                0x08006188       0x9e ./Drivers/STM32F4xx_HAL_Driver/Src/stm32f4xx_hal_tim.o
                0x08006188                HAL_TIM_Base_Init
 *fill*         0x08006226        0x2 
 .text.TIM_Base_SetConfig
                0x08006228      0x158 ./Drivers/STM32F4xx_HAL_Driver/Src/stm32f4xx_hal_tim.o
                0x08006228                TIM_Base_SetConfig
 .text.HAL_TIMEx_MasterConfigSynchronization
                0x08006380       0xf8 ./Drivers/STM32F4xx_HAL_Driver/Src/stm32f4xx_hal_tim_ex.o
                0x08006380                HAL_TIMEx_MasterConfigSynchronization
 .text.std      0x08006478       0x6c C:/ST/STM32CubeIDE_1.16.0/STM32CubeIDE/plugins/com.st.stm32cube.ide.mcu.externaltools.gnu-tools-for-stm32.12.3.rel1.win32_1.0.200.202406191623/tools/bin/../lib/gcc/arm-none-eabi/12.3.1/../../../../arm-none-eabi/lib/thumb/v7e-m+fp/hard\libc_nano.a(libc_a-findfp.o)
 .text.stdio_exit_handler
                0x080064e4       0x18 C:/ST/STM32CubeIDE_1.16.0/STM32CubeIDE/plugins/com.st.stm32cube.ide.mcu.externaltools.gnu-tools-for-stm32.12.3.rel1.win32_1.0.200.202406191623/tools/bin/../lib/gcc/arm-none-eabi/12.3.1/../../../../arm-none-eabi/lib/thumb/v7e-m+fp/hard\libc_nano.a(libc_a-findfp.o)
 .text.cleanup_stdio
                0x080064fc       0x40 C:/ST/STM32CubeIDE_1.16.0/STM32CubeIDE/plugins/com.st.stm32cube.ide.mcu.externaltools.gnu-tools-for-stm32.12.3.rel1.win32_1.0.200.202406191623/tools/bin/../lib/gcc/arm-none-eabi/12.3.1/../../../../arm-none-eabi/lib/thumb/v7e-m+fp/hard\libc_nano.a(libc_a-findfp.o)
 .text.global_stdio_init.part.0
                0x0800653c       0x3c C:/ST/STM32CubeIDE_1.16.0/STM32CubeIDE/plugins/com.st.stm32cube.ide.mcu.externaltools.gnu-tools-for-stm32.12.3.rel1.win32_1.0.200.202406191623/tools/bin/../lib/gcc/arm-none-eabi/12.3.1/../../../../arm-none-eabi/lib/thumb/v7e-m+fp/hard\libc_nano.a(libc_a-findfp.o)
 .text.__sfp_lock_acquire
                0x08006578        0xc C:/ST/STM32CubeIDE_1.16.0/STM32CubeIDE/plugins/com.st.stm32cube.ide.mcu.externaltools.gnu-tools-for-stm32.12.3.rel1.win32_1.0.200.202406191623/tools/bin/../lib/gcc/arm-none-eabi/12.3.1/../../../../arm-none-eabi/lib/thumb/v7e-m+fp/hard\libc_nano.a(libc_a-findfp.o)
                0x08006578                __sfp_lock_acquire
 .text.__sfp_lock_release
                0x08006584        0xc C:/ST/STM32CubeIDE_1.16.0/STM32CubeIDE/plugins/com.st.stm32cube.ide.mcu.externaltools.gnu-tools-for-stm32.12.3.rel1.win32_1.0.200.202406191623/tools/bin/../lib/gcc/arm-none-eabi/12.3.1/../../../../arm-none-eabi/lib/thumb/v7e-m+fp/hard\libc_nano.a(libc_a-findfp.o)
                0x08006584                __sfp_lock_release
 .text.__sinit  0x08006590       0x30 C:/ST/STM32CubeIDE_1.16.0/STM32CubeIDE/plugins/com.st.stm32cube.ide.mcu.externaltools.gnu-tools-for-stm32.12.3.rel1.win32_1.0.200.202406191623/tools/bin/../lib/gcc/arm-none-eabi/12.3.1/../../../../arm-none-eabi/lib/thumb/v7e-m+fp/hard\libc_nano.a(libc_a-findfp.o)
                0x08006590                __sinit
 .text._fwalk_sglue
                0x080065c0       0x3c C:/ST/STM32CubeIDE_1.16.0/STM32CubeIDE/plugins/com.st.stm32cube.ide.mcu.externaltools.gnu-tools-for-stm32.12.3.rel1.win32_1.0.200.202406191623/tools/bin/../lib/gcc/arm-none-eabi/12.3.1/../../../../arm-none-eabi/lib/thumb/v7e-m+fp/hard\libc_nano.a(libc_a-fwalk.o)
                0x080065c0                _fwalk_sglue
 .text.printf   0x080065fc       0x24 C:/ST/STM32CubeIDE_1.16.0/STM32CubeIDE/plugins/com.st.stm32cube.ide.mcu.externaltools.gnu-tools-for-stm32.12.3.rel1.win32_1.0.200.202406191623/tools/bin/../lib/gcc/arm-none-eabi/12.3.1/../../../../arm-none-eabi/lib/thumb/v7e-m+fp/hard\libc_nano.a(libc_a-printf.o)
                0x080065fc                iprintf
                0x080065fc                printf
 .text._puts_r  0x08006620       0xaa C:/ST/STM32CubeIDE_1.16.0/STM32CubeIDE/plugins/com.st.stm32cube.ide.mcu.externaltools.gnu-tools-for-stm32.12.3.rel1.win32_1.0.200.202406191623/tools/bin/../lib/gcc/arm-none-eabi/12.3.1/../../../../arm-none-eabi/lib/thumb/v7e-m+fp/hard\libc_nano.a(libc_a-puts.o)
                0x08006620                _puts_r
 *fill*         0x080066ca        0x2 
 .text.puts     0x080066cc       0x10 C:/ST/STM32CubeIDE_1.16.0/STM32CubeIDE/plugins/com.st.stm32cube.ide.mcu.externaltools.gnu-tools-for-stm32.12.3.rel1.win32_1.0.200.202406191623/tools/bin/../lib/gcc/arm-none-eabi/12.3.1/../../../../arm-none-eabi/lib/thumb/v7e-m+fp/hard\libc_nano.a(libc_a-puts.o)
                0x080066cc                puts
 .text.__sread  0x080066dc       0x22 C:/ST/STM32CubeIDE_1.16.0/STM32CubeIDE/plugins/com.st.stm32cube.ide.mcu.externaltools.gnu-tools-for-stm32.12.3.rel1.win32_1.0.200.202406191623/tools/bin/../lib/gcc/arm-none-eabi/12.3.1/../../../../arm-none-eabi/lib/thumb/v7e-m+fp/hard\libc_nano.a(libc_a-stdio.o)
                0x080066dc                __sread
 .text.__swrite
                0x080066fe       0x38 C:/ST/STM32CubeIDE_1.16.0/STM32CubeIDE/plugins/com.st.stm32cube.ide.mcu.externaltools.gnu-tools-for-stm32.12.3.rel1.win32_1.0.200.202406191623/tools/bin/../lib/gcc/arm-none-eabi/12.3.1/../../../../arm-none-eabi/lib/thumb/v7e-m+fp/hard\libc_nano.a(libc_a-stdio.o)
                0x080066fe                __swrite
 .text.__sseek  0x08006736       0x24 C:/ST/STM32CubeIDE_1.16.0/STM32CubeIDE/plugins/com.st.stm32cube.ide.mcu.externaltools.gnu-tools-for-stm32.12.3.rel1.win32_1.0.200.202406191623/tools/bin/../lib/gcc/arm-none-eabi/12.3.1/../../../../arm-none-eabi/lib/thumb/v7e-m+fp/hard\libc_nano.a(libc_a-stdio.o)
                0x08006736                __sseek
 .text.__sclose
                0x0800675a        0x8 C:/ST/STM32CubeIDE_1.16.0/STM32CubeIDE/plugins/com.st.stm32cube.ide.mcu.externaltools.gnu-tools-for-stm32.12.3.rel1.win32_1.0.200.202406191623/tools/bin/../lib/gcc/arm-none-eabi/12.3.1/../../../../arm-none-eabi/lib/thumb/v7e-m+fp/hard\libc_nano.a(libc_a-stdio.o)
                0x0800675a                __sclose
 .text.__swbuf_r
                0x08006762       0x7c C:/ST/STM32CubeIDE_1.16.0/STM32CubeIDE/plugins/com.st.stm32cube.ide.mcu.externaltools.gnu-tools-for-stm32.12.3.rel1.win32_1.0.200.202406191623/tools/bin/../lib/gcc/arm-none-eabi/12.3.1/../../../../arm-none-eabi/lib/thumb/v7e-m+fp/hard\libc_nano.a(libc_a-wbuf.o)
                0x08006762                __swbuf_r
 *fill*         0x080067de        0x2 
 .text.__swsetup_r
                0x080067e0       0xac C:/ST/STM32CubeIDE_1.16.0/STM32CubeIDE/plugins/com.st.stm32cube.ide.mcu.externaltools.gnu-tools-for-stm32.12.3.rel1.win32_1.0.200.202406191623/tools/bin/../lib/gcc/arm-none-eabi/12.3.1/../../../../arm-none-eabi/lib/thumb/v7e-m+fp/hard\libc_nano.a(libc_a-wsetup.o)
                0x080067e0                __swsetup_r
 .text.memset   0x0800688c       0x10 C:/ST/STM32CubeIDE_1.16.0/STM32CubeIDE/plugins/com.st.stm32cube.ide.mcu.externaltools.gnu-tools-for-stm32.12.3.rel1.win32_1.0.200.202406191623/tools/bin/../lib/gcc/arm-none-eabi/12.3.1/../../../../arm-none-eabi/lib/thumb/v7e-m+fp/hard\libc_nano.a(libc_a-memset.o)
                0x0800688c                memset
 .text._close_r
                0x0800689c       0x20 C:/ST/STM32CubeIDE_1.16.0/STM32CubeIDE/plugins/com.st.stm32cube.ide.mcu.externaltools.gnu-tools-for-stm32.12.3.rel1.win32_1.0.200.202406191623/tools/bin/../lib/gcc/arm-none-eabi/12.3.1/../../../../arm-none-eabi/lib/thumb/v7e-m+fp/hard\libc_nano.a(libc_a-closer.o)
                0x0800689c                _close_r
 .text._lseek_r
                0x080068bc       0x24 C:/ST/STM32CubeIDE_1.16.0/STM32CubeIDE/plugins/com.st.stm32cube.ide.mcu.externaltools.gnu-tools-for-stm32.12.3.rel1.win32_1.0.200.202406191623/tools/bin/../lib/gcc/arm-none-eabi/12.3.1/../../../../arm-none-eabi/lib/thumb/v7e-m+fp/hard\libc_nano.a(libc_a-lseekr.o)
                0x080068bc                _lseek_r
 .text._read_r  0x080068e0       0x24 C:/ST/STM32CubeIDE_1.16.0/STM32CubeIDE/plugins/com.st.stm32cube.ide.mcu.externaltools.gnu-tools-for-stm32.12.3.rel1.win32_1.0.200.202406191623/tools/bin/../lib/gcc/arm-none-eabi/12.3.1/../../../../arm-none-eabi/lib/thumb/v7e-m+fp/hard\libc_nano.a(libc_a-readr.o)
                0x080068e0                _read_r
 .text._write_r
                0x08006904       0x24 C:/ST/STM32CubeIDE_1.16.0/STM32CubeIDE/plugins/com.st.stm32cube.ide.mcu.externaltools.gnu-tools-for-stm32.12.3.rel1.win32_1.0.200.202406191623/tools/bin/../lib/gcc/arm-none-eabi/12.3.1/../../../../arm-none-eabi/lib/thumb/v7e-m+fp/hard\libc_nano.a(libc_a-writer.o)
                0x08006904                _write_r
 .text.__errno  0x08006928        0xc C:/ST/STM32CubeIDE_1.16.0/STM32CubeIDE/plugins/com.st.stm32cube.ide.mcu.externaltools.gnu-tools-for-stm32.12.3.rel1.win32_1.0.200.202406191623/tools/bin/../lib/gcc/arm-none-eabi/12.3.1/../../../../arm-none-eabi/lib/thumb/v7e-m+fp/hard\libc_nano.a(libc_a-errno.o)
                0x08006928                __errno
 .text.__libc_init_array
                0x08006934       0x48 C:/ST/STM32CubeIDE_1.16.0/STM32CubeIDE/plugins/com.st.stm32cube.ide.mcu.externaltools.gnu-tools-for-stm32.12.3.rel1.win32_1.0.200.202406191623/tools/bin/../lib/gcc/arm-none-eabi/12.3.1/../../../../arm-none-eabi/lib/thumb/v7e-m+fp/hard\libc_nano.a(libc_a-init.o)
                0x08006934                __libc_init_array
 .text.__retarget_lock_init_recursive
                0x0800697c        0x2 C:/ST/STM32CubeIDE_1.16.0/STM32CubeIDE/plugins/com.st.stm32cube.ide.mcu.externaltools.gnu-tools-for-stm32.12.3.rel1.win32_1.0.200.202406191623/tools/bin/../lib/gcc/arm-none-eabi/12.3.1/../../../../arm-none-eabi/lib/thumb/v7e-m+fp/hard\libc_nano.a(libc_a-lock.o)
                0x0800697c                __retarget_lock_init_recursive
 .text.__retarget_lock_acquire_recursive
                0x0800697e        0x2 C:/ST/STM32CubeIDE_1.16.0/STM32CubeIDE/plugins/com.st.stm32cube.ide.mcu.externaltools.gnu-tools-for-stm32.12.3.rel1.win32_1.0.200.202406191623/tools/bin/../lib/gcc/arm-none-eabi/12.3.1/../../../../arm-none-eabi/lib/thumb/v7e-m+fp/hard\libc_nano.a(libc_a-lock.o)
                0x0800697e                __retarget_lock_acquire_recursive
 .text.__retarget_lock_release_recursive
                0x08006980        0x2 C:/ST/STM32CubeIDE_1.16.0/STM32CubeIDE/plugins/com.st.stm32cube.ide.mcu.externaltools.gnu-tools-for-stm32.12.3.rel1.win32_1.0.200.202406191623/tools/bin/../lib/gcc/arm-none-eabi/12.3.1/../../../../arm-none-eabi/lib/thumb/v7e-m+fp/hard\libc_nano.a(libc_a-lock.o)
                0x08006980                __retarget_lock_release_recursive
 *fill*         0x08006982        0x2 
 .text._free_r  0x08006984       0x94 C:/ST/STM32CubeIDE_1.16.0/STM32CubeIDE/plugins/com.st.stm32cube.ide.mcu.externaltools.gnu-tools-for-stm32.12.3.rel1.win32_1.0.200.202406191623/tools/bin/../lib/gcc/arm-none-eabi/12.3.1/../../../../arm-none-eabi/lib/thumb/v7e-m+fp/hard\libc_nano.a(libc_a-freer.o)
                0x08006984                _free_r
 .text.sbrk_aligned
                0x08006a18       0x44 C:/ST/STM32CubeIDE_1.16.0/STM32CubeIDE/plugins/com.st.stm32cube.ide.mcu.externaltools.gnu-tools-for-stm32.12.3.rel1.win32_1.0.200.202406191623/tools/bin/../lib/gcc/arm-none-eabi/12.3.1/../../../../arm-none-eabi/lib/thumb/v7e-m+fp/hard\libc_nano.a(libc_a-mallocr.o)
 .text._malloc_r
                0x08006a5c      0x100 C:/ST/STM32CubeIDE_1.16.0/STM32CubeIDE/plugins/com.st.stm32cube.ide.mcu.externaltools.gnu-tools-for-stm32.12.3.rel1.win32_1.0.200.202406191623/tools/bin/../lib/gcc/arm-none-eabi/12.3.1/../../../../arm-none-eabi/lib/thumb/v7e-m+fp/hard\libc_nano.a(libc_a-mallocr.o)
                0x08006a5c                _malloc_r
 .text.__malloc_lock
                0x08006b5c        0xc C:/ST/STM32CubeIDE_1.16.0/STM32CubeIDE/plugins/com.st.stm32cube.ide.mcu.externaltools.gnu-tools-for-stm32.12.3.rel1.win32_1.0.200.202406191623/tools/bin/../lib/gcc/arm-none-eabi/12.3.1/../../../../arm-none-eabi/lib/thumb/v7e-m+fp/hard\libc_nano.a(libc_a-mlock.o)
                0x08006b5c                __malloc_lock
 .text.__malloc_unlock
                0x08006b68        0xc C:/ST/STM32CubeIDE_1.16.0/STM32CubeIDE/plugins/com.st.stm32cube.ide.mcu.externaltools.gnu-tools-for-stm32.12.3.rel1.win32_1.0.200.202406191623/tools/bin/../lib/gcc/arm-none-eabi/12.3.1/../../../../arm-none-eabi/lib/thumb/v7e-m+fp/hard\libc_nano.a(libc_a-mlock.o)
                0x08006b68                __malloc_unlock
 .text.__sfputc_r
                0x08006b74       0x2e C:/ST/STM32CubeIDE_1.16.0/STM32CubeIDE/plugins/com.st.stm32cube.ide.mcu.externaltools.gnu-tools-for-stm32.12.3.rel1.win32_1.0.200.202406191623/tools/bin/../lib/gcc/arm-none-eabi/12.3.1/../../../../arm-none-eabi/lib/thumb/v7e-m+fp/hard\libc_nano.a(libc_a-nano-vfprintf.o)
 .text.__sfputs_r
                0x08006ba2       0x24 C:/ST/STM32CubeIDE_1.16.0/STM32CubeIDE/plugins/com.st.stm32cube.ide.mcu.externaltools.gnu-tools-for-stm32.12.3.rel1.win32_1.0.200.202406191623/tools/bin/../lib/gcc/arm-none-eabi/12.3.1/../../../../arm-none-eabi/lib/thumb/v7e-m+fp/hard\libc_nano.a(libc_a-nano-vfprintf.o)
                0x08006ba2                __sfputs_r
 *fill*         0x08006bc6        0x2 
 .text._vfprintf_r
                0x08006bc8      0x230 C:/ST/STM32CubeIDE_1.16.0/STM32CubeIDE/plugins/com.st.stm32cube.ide.mcu.externaltools.gnu-tools-for-stm32.12.3.rel1.win32_1.0.200.202406191623/tools/bin/../lib/gcc/arm-none-eabi/12.3.1/../../../../arm-none-eabi/lib/thumb/v7e-m+fp/hard\libc_nano.a(libc_a-nano-vfprintf.o)
                0x08006bc8                _vfprintf_r
                0x08006bc8                _vfiprintf_r
 .text._printf_common
                0x08006df8       0xda C:/ST/STM32CubeIDE_1.16.0/STM32CubeIDE/plugins/com.st.stm32cube.ide.mcu.externaltools.gnu-tools-for-stm32.12.3.rel1.win32_1.0.200.202406191623/tools/bin/../lib/gcc/arm-none-eabi/12.3.1/../../../../arm-none-eabi/lib/thumb/v7e-m+fp/hard\libc_nano.a(libc_a-nano-vfprintf_i.o)
                0x08006df8                _printf_common
 *fill*         0x08006ed2        0x2 
 .text._printf_i
                0x08006ed4      0x240 C:/ST/STM32CubeIDE_1.16.0/STM32CubeIDE/plugins/com.st.stm32cube.ide.mcu.externaltools.gnu-tools-for-stm32.12.3.rel1.win32_1.0.200.202406191623/tools/bin/../lib/gcc/arm-none-eabi/12.3.1/../../../../arm-none-eabi/lib/thumb/v7e-m+fp/hard\libc_nano.a(libc_a-nano-vfprintf_i.o)
                0x08006ed4                _printf_i
 .text.__sflush_r
                0x08007114      0x108 C:/ST/STM32CubeIDE_1.16.0/STM32CubeIDE/plugins/com.st.stm32cube.ide.mcu.externaltools.gnu-tools-for-stm32.12.3.rel1.win32_1.0.200.202406191623/tools/bin/../lib/gcc/arm-none-eabi/12.3.1/../../../../arm-none-eabi/lib/thumb/v7e-m+fp/hard\libc_nano.a(libc_a-fflush.o)
                0x08007114                __sflush_r
 .text._fflush_r
                0x0800721c       0x50 C:/ST/STM32CubeIDE_1.16.0/STM32CubeIDE/plugins/com.st.stm32cube.ide.mcu.externaltools.gnu-tools-for-stm32.12.3.rel1.win32_1.0.200.202406191623/tools/bin/../lib/gcc/arm-none-eabi/12.3.1/../../../../arm-none-eabi/lib/thumb/v7e-m+fp/hard\libc_nano.a(libc_a-fflush.o)
                0x0800721c                _fflush_r
 .text.__swhatbuf_r
                0x0800726c       0x4c C:/ST/STM32CubeIDE_1.16.0/STM32CubeIDE/plugins/com.st.stm32cube.ide.mcu.externaltools.gnu-tools-for-stm32.12.3.rel1.win32_1.0.200.202406191623/tools/bin/../lib/gcc/arm-none-eabi/12.3.1/../../../../arm-none-eabi/lib/thumb/v7e-m+fp/hard\libc_nano.a(libc_a-makebuf.o)
                0x0800726c                __swhatbuf_r
 .text.__smakebuf_r
                0x080072b8       0x78 C:/ST/STM32CubeIDE_1.16.0/STM32CubeIDE/plugins/com.st.stm32cube.ide.mcu.externaltools.gnu-tools-for-stm32.12.3.rel1.win32_1.0.200.202406191623/tools/bin/../lib/gcc/arm-none-eabi/12.3.1/../../../../arm-none-eabi/lib/thumb/v7e-m+fp/hard\libc_nano.a(libc_a-makebuf.o)
                0x080072b8                __smakebuf_r
 .text._fstat_r
                0x08007330       0x24 C:/ST/STM32CubeIDE_1.16.0/STM32CubeIDE/plugins/com.st.stm32cube.ide.mcu.externaltools.gnu-tools-for-stm32.12.3.rel1.win32_1.0.200.202406191623/tools/bin/../lib/gcc/arm-none-eabi/12.3.1/../../../../arm-none-eabi/lib/thumb/v7e-m+fp/hard\libc_nano.a(libc_a-fstatr.o)
                0x08007330                _fstat_r
 .text._isatty_r
                0x08007354       0x20 C:/ST/STM32CubeIDE_1.16.0/STM32CubeIDE/plugins/com.st.stm32cube.ide.mcu.externaltools.gnu-tools-for-stm32.12.3.rel1.win32_1.0.200.202406191623/tools/bin/../lib/gcc/arm-none-eabi/12.3.1/../../../../arm-none-eabi/lib/thumb/v7e-m+fp/hard\libc_nano.a(libc_a-isattyr.o)
                0x08007354                _isatty_r
 .text._sbrk_r  0x08007374       0x20 C:/ST/STM32CubeIDE_1.16.0/STM32CubeIDE/plugins/com.st.stm32cube.ide.mcu.externaltools.gnu-tools-for-stm32.12.3.rel1.win32_1.0.200.202406191623/tools/bin/../lib/gcc/arm-none-eabi/12.3.1/../../../../arm-none-eabi/lib/thumb/v7e-m+fp/hard\libc_nano.a(libc_a-sbrkr.o)
                0x08007374                _sbrk_r
 *(.glue_7)
 .glue_7        0x08007394        0x0 linker stubs
 *(.glue_7t)
 .glue_7t       0x08007394        0x0 linker stubs
 *(.eh_frame)
 .eh_frame      0x08007394        0x0 C:/ST/STM32CubeIDE_1.16.0/STM32CubeIDE/plugins/com.st.stm32cube.ide.mcu.externaltools.gnu-tools-for-stm32.12.3.rel1.win32_1.0.200.202406191623/tools/bin/../lib/gcc/arm-none-eabi/12.3.1/thumb/v7e-m+fp/hard/crtbegin.o
 *(.init)
 .init          0x08007394        0x4 C:/ST/STM32CubeIDE_1.16.0/STM32CubeIDE/plugins/com.st.stm32cube.ide.mcu.externaltools.gnu-tools-for-stm32.12.3.rel1.win32_1.0.200.202406191623/tools/bin/../lib/gcc/arm-none-eabi/12.3.1/thumb/v7e-m+fp/hard/crti.o
                0x08007394                _init
 .init          0x08007398        0x8 C:/ST/STM32CubeIDE_1.16.0/STM32CubeIDE/plugins/com.st.stm32cube.ide.mcu.externaltools.gnu-tools-for-stm32.12.3.rel1.win32_1.0.200.202406191623/tools/bin/../lib/gcc/arm-none-eabi/12.3.1/thumb/v7e-m+fp/hard/crtn.o
 *(.fini)
 .fini          0x080073a0        0x4 C:/ST/STM32CubeIDE_1.16.0/STM32CubeIDE/plugins/com.st.stm32cube.ide.mcu.externaltools.gnu-tools-for-stm32.12.3.rel1.win32_1.0.200.202406191623/tools/bin/../lib/gcc/arm-none-eabi/12.3.1/thumb/v7e-m+fp/hard/crti.o
                0x080073a0                _fini
 .fini          0x080073a4        0x8 C:/ST/STM32CubeIDE_1.16.0/STM32CubeIDE/plugins/com.st.stm32cube.ide.mcu.externaltools.gnu-tools-for-stm32.12.3.rel1.win32_1.0.200.202406191623/tools/bin/../lib/gcc/arm-none-eabi/12.3.1/thumb/v7e-m+fp/hard/crtn.o
                0x080073ac                        . = ALIGN (0x4)
                0x080073ac                        _etext = .

.vfp11_veneer   0x080073ac        0x0
 .vfp11_veneer  0x080073ac        0x0 linker stubs

.v4_bx          0x080073ac        0x0
 .v4_bx         0x080073ac        0x0 linker stubs

.iplt           0x080073ac        0x0
 .iplt          0x080073ac        0x0 C:/ST/STM32CubeIDE_1.16.0/STM32CubeIDE/plugins/com.st.stm32cube.ide.mcu.externaltools.gnu-tools-for-stm32.12.3.rel1.win32_1.0.200.202406191623/tools/bin/../lib/gcc/arm-none-eabi/12.3.1/thumb/v7e-m+fp/hard/crtbegin.o

.rodata         0x080073ac     0x1270
                0x080073ac                        . = ALIGN (0x4)
 *(.rodata)
 .rodata        0x080073ac       0x52 ./Core/Src/ApplicationCode.o
 *(.rodata*)
 *fill*         0x080073fe        0x2 
 .rodata.ASCII16x24_Table
                0x08007400     0x11d0 ./Core/Src/fonts.o
                0x08007400                ASCII16x24_Table
 .rodata.AHBPrescTable
                0x080085d0       0x10 ./Core/Src/system_stm32f4xx.o
                0x080085d0                AHBPrescTable
 .rodata.APBPrescTable
                0x080085e0        0x8 ./Core/Src/system_stm32f4xx.o
                0x080085e0                APBPrescTable
 .rodata._vfprintf_r.str1.1
                0x080085e8       0x11 C:/ST/STM32CubeIDE_1.16.0/STM32CubeIDE/plugins/com.st.stm32cube.ide.mcu.externaltools.gnu-tools-for-stm32.12.3.rel1.win32_1.0.200.202406191623/tools/bin/../lib/gcc/arm-none-eabi/12.3.1/../../../../arm-none-eabi/lib/thumb/v7e-m+fp/hard\libc_nano.a(libc_a-nano-vfprintf.o)
 .rodata._printf_i.str1.1
                0x080085f9       0x22 C:/ST/STM32CubeIDE_1.16.0/STM32CubeIDE/plugins/com.st.stm32cube.ide.mcu.externaltools.gnu-tools-for-stm32.12.3.rel1.win32_1.0.200.202406191623/tools/bin/../lib/gcc/arm-none-eabi/12.3.1/../../../../arm-none-eabi/lib/thumb/v7e-m+fp/hard\libc_nano.a(libc_a-nano-vfprintf_i.o)
                0x0800861c                        . = ALIGN (0x4)
 *fill*         0x0800861b        0x1 

.ARM.extab      0x0800861c        0x0
                0x0800861c                        . = ALIGN (0x4)
 *(.ARM.extab* .gnu.linkonce.armextab.*)
                0x0800861c                        . = ALIGN (0x4)

.ARM            0x0800861c        0x8
                0x0800861c                        . = ALIGN (0x4)
                0x0800861c                        __exidx_start = .
 *(.ARM.exidx*)
 .ARM.exidx     0x0800861c        0x8 C:/ST/STM32CubeIDE_1.16.0/STM32CubeIDE/plugins/com.st.stm32cube.ide.mcu.externaltools.gnu-tools-for-stm32.12.3.rel1.win32_1.0.200.202406191623/tools/bin/../lib/gcc/arm-none-eabi/12.3.1/../../../../arm-none-eabi/lib/thumb/v7e-m+fp/hard\libc_nano.a(libc_a-memchr.o)
 .ARM.exidx     0x08008624        0x0 C:/ST/STM32CubeIDE_1.16.0/STM32CubeIDE/plugins/com.st.stm32cube.ide.mcu.externaltools.gnu-tools-for-stm32.12.3.rel1.win32_1.0.200.202406191623/tools/bin/../lib/gcc/arm-none-eabi/12.3.1/thumb/v7e-m+fp/hard\libgcc.a(_udivmoddi4.o)
                                  0x8 (size before relaxing)
                0x08008624                        __exidx_end = .
                0x08008624                        . = ALIGN (0x4)

.preinit_array  0x08008624        0x0
                0x08008624                        . = ALIGN (0x4)
                0x08008624                        PROVIDE (__preinit_array_start = .)
 *(.preinit_array*)
                0x08008624                        PROVIDE (__preinit_array_end = .)
                0x08008624                        . = ALIGN (0x4)

.init_array     0x08008624        0x4
                0x08008624                        . = ALIGN (0x4)
                0x08008624                        PROVIDE (__init_array_start = .)
 *(SORT_BY_NAME(.init_array.*))
 *(.init_array*)
 .init_array    0x08008624        0x4 C:/ST/STM32CubeIDE_1.16.0/STM32CubeIDE/plugins/com.st.stm32cube.ide.mcu.externaltools.gnu-tools-for-stm32.12.3.rel1.win32_1.0.200.202406191623/tools/bin/../lib/gcc/arm-none-eabi/12.3.1/thumb/v7e-m+fp/hard/crtbegin.o
                0x08008628                        PROVIDE (__init_array_end = .)
                0x08008628                        . = ALIGN (0x4)

.fini_array     0x08008628        0x4
                0x08008628                        . = ALIGN (0x4)
                [!provide]                        PROVIDE (__fini_array_start = .)
 *(SORT_BY_NAME(.fini_array.*))
 *(.fini_array*)
 .fini_array    0x08008628        0x4 C:/ST/STM32CubeIDE_1.16.0/STM32CubeIDE/plugins/com.st.stm32cube.ide.mcu.externaltools.gnu-tools-for-stm32.12.3.rel1.win32_1.0.200.202406191623/tools/bin/../lib/gcc/arm-none-eabi/12.3.1/thumb/v7e-m+fp/hard/crtbegin.o
                [!provide]                        PROVIDE (__fini_array_end = .)
                0x0800862c                        . = ALIGN (0x4)
                0x0800862c                        _sidata = LOADADDR (.data)

.rel.dyn        0x0800862c        0x0
 .rel.iplt      0x0800862c        0x0 C:/ST/STM32CubeIDE_1.16.0/STM32CubeIDE/plugins/com.st.stm32cube.ide.mcu.externaltools.gnu-tools-for-stm32.12.3.rel1.win32_1.0.200.202406191623/tools/bin/../lib/gcc/arm-none-eabi/12.3.1/thumb/v7e-m+fp/hard/crtbegin.o

.data           0x20000000       0x80 load address 0x0800862c
                0x20000000                        . = ALIGN (0x4)
                0x20000000                        _sdata = .
 *(.data)
 *(.data*)
 .data.blockNums
                0x20000000        0xa ./Core/Src/ApplicationCode.o
 .data.CurrentTextColor
                0x2000000a        0x2 ./Core/Src/LCD_Driver.o
 .data.Font16x24
                0x2000000c        0x8 ./Core/Src/fonts.o
                0x2000000c                Font16x24
 .data.SpiTimeout
                0x20000014        0x4 ./Core/Src/ili9341.o
                0x20000014                SpiTimeout
 .data.SystemCoreClock
                0x20000018        0x4 ./Core/Src/system_stm32f4xx.o
                0x20000018                SystemCoreClock
 .data.uwTickPrio
                0x2000001c        0x4 ./Drivers/STM32F4xx_HAL_Driver/Src/stm32f4xx_hal.o
                0x2000001c                uwTickPrio
 .data.uwTickFreq
                0x20000020        0x1 ./Drivers/STM32F4xx_HAL_Driver/Src/stm32f4xx_hal.o
                0x20000020                uwTickFreq
 *fill*         0x20000021        0x3 
 .data.__sglue  0x20000024        0xc C:/ST/STM32CubeIDE_1.16.0/STM32CubeIDE/plugins/com.st.stm32cube.ide.mcu.externaltools.gnu-tools-for-stm32.12.3.rel1.win32_1.0.200.202406191623/tools/bin/../lib/gcc/arm-none-eabi/12.3.1/../../../../arm-none-eabi/lib/thumb/v7e-m+fp/hard\libc_nano.a(libc_a-findfp.o)
                0x20000024                __sglue
 .data._impure_ptr
                0x20000030        0x4 C:/ST/STM32CubeIDE_1.16.0/STM32CubeIDE/plugins/com.st.stm32cube.ide.mcu.externaltools.gnu-tools-for-stm32.12.3.rel1.win32_1.0.200.202406191623/tools/bin/../lib/gcc/arm-none-eabi/12.3.1/../../../../arm-none-eabi/lib/thumb/v7e-m+fp/hard\libc_nano.a(libc_a-impure.o)
                0x20000030                _impure_ptr
 .data._impure_data
                0x20000034       0x4c C:/ST/STM32CubeIDE_1.16.0/STM32CubeIDE/plugins/com.st.stm32cube.ide.mcu.externaltools.gnu-tools-for-stm32.12.3.rel1.win32_1.0.200.202406191623/tools/bin/../lib/gcc/arm-none-eabi/12.3.1/../../../../arm-none-eabi/lib/thumb/v7e-m+fp/hard\libc_nano.a(libc_a-impure.o)
                0x20000034                _impure_data
 *(.RamFunc)
 *(.RamFunc*)
                0x20000080                        . = ALIGN (0x4)
                0x20000080                        _edata = .
                0x080086ac                        _siccmram = LOADADDR (.ccmram)

.igot.plt       0x20000080        0x0 load address 0x080086ac
 .igot.plt      0x20000080        0x0 C:/ST/STM32CubeIDE_1.16.0/STM32CubeIDE/plugins/com.st.stm32cube.ide.mcu.externaltools.gnu-tools-for-stm32.12.3.rel1.win32_1.0.200.202406191623/tools/bin/../lib/gcc/arm-none-eabi/12.3.1/thumb/v7e-m+fp/hard/crtbegin.o

.ccmram         0x10000000        0x0 load address 0x080086ac
                0x10000000                        . = ALIGN (0x4)
                0x10000000                        _sccmram = .
 *(.ccmram)
 *(.ccmram*)
                0x10000000                        . = ALIGN (0x4)
                0x10000000                        _eccmram = .
                0x10000000                        . = ALIGN (0x4)

.bss            0x20000080    0x25d8c
                0x20000080                        _sbss = .
                0x20000080                        __bss_start__ = _sbss
 *(.bss)
 .bss           0x20000080       0x1c C:/ST/STM32CubeIDE_1.16.0/STM32CubeIDE/plugins/com.st.stm32cube.ide.mcu.externaltools.gnu-tools-for-stm32.12.3.rel1.win32_1.0.200.202406191623/tools/bin/../lib/gcc/arm-none-eabi/12.3.1/thumb/v7e-m+fp/hard/crtbegin.o
 *(.bss*)
 .bss.correctCenterx
                0x2000009c        0x2 ./Core/Src/ApplicationCode.o
 .bss.correctCentery
                0x2000009e        0x2 ./Core/Src/ApplicationCode.o
 .bss.touchNum  0x200000a0        0x2 ./Core/Src/ApplicationCode.o
 *fill*         0x200000a2        0x2 
 .bss.gameGrid  0x200000a4       0x18 ./Core/Src/ApplicationCode.o
 .bss.randomNumberx
                0x200000bc       0x30 ./Core/Src/ApplicationCode.o
 .bss.randomNumbery
                0x200000ec       0x30 ./Core/Src/ApplicationCode.o
 .bss.StaticTouchData
                0x2000011c        0x8 ./Core/Src/ApplicationCode.o
 .bss.LCDTouchIRQ
                0x20000124        0x8 ./Core/Src/ApplicationCode.o
 .bss.statusFlag
                0x2000012c        0x1 ./Core/Src/ApplicationCode.o
 *fill*         0x2000012d        0x3 
 .bss.count.0   0x20000130        0x4 ./Core/Src/ApplicationCode.o
 .bss.hltdc     0x20000134       0xa8 ./Core/Src/LCD_Driver.o
 .bss.PeriphClkInitStruct
                0x200001dc       0x30 ./Core/Src/LCD_Driver.o
 .bss.LCD_Currentfonts
                0x2000020c        0x4 ./Core/Src/LCD_Driver.o
 .bss.frameBuffer
                0x20000210    0x25800 ./Core/Src/LCD_Driver.o
                0x20000210                frameBuffer
 .bss.SpiHandle
                0x20025a10       0x58 ./Core/Src/ili9341.o
 .bss.Is_LCD_IO_Initialized
                0x20025a68        0x1 ./Core/Src/ili9341.o
 *fill*         0x20025a69        0x3 
 .bss.hi2c3     0x20025a6c       0x54 ./Core/Src/main.o
                0x20025a6c                hi2c3
 .bss.hltdc     0x20025ac0       0xa8 ./Core/Src/main.o
                0x20025ac0                hltdc
 .bss.hrng      0x20025b68       0x10 ./Core/Src/main.o
                0x20025b68                hrng
 .bss.hspi5     0x20025b78       0x58 ./Core/Src/main.o
                0x20025b78                hspi5
 .bss.htim6     0x20025bd0       0x48 ./Core/Src/main.o
                0x20025bd0                htim6
 .bss.htim7     0x20025c18       0x48 ./Core/Src/main.o
                0x20025c18                htim7
 .bss.hI2C3     0x20025c60       0x54 ./Core/Src/stmpe811.o
 .bss.HAL_status
                0x20025cb4        0x1 ./Core/Src/stmpe811.o
 *fill*         0x20025cb5        0x3 
 .bss.__sbrk_heap_end
                0x20025cb8        0x4 ./Core/Src/sysmem.o
 .bss.uwTick    0x20025cbc        0x4 ./Drivers/STM32F4xx_HAL_Driver/Src/stm32f4xx_hal.o
                0x20025cbc                uwTick
 .bss.__sf      0x20025cc0      0x138 C:/ST/STM32CubeIDE_1.16.0/STM32CubeIDE/plugins/com.st.stm32cube.ide.mcu.externaltools.gnu-tools-for-stm32.12.3.rel1.win32_1.0.200.202406191623/tools/bin/../lib/gcc/arm-none-eabi/12.3.1/../../../../arm-none-eabi/lib/thumb/v7e-m+fp/hard\libc_nano.a(libc_a-findfp.o)
                0x20025cc0                __sf
 .bss.__stdio_exit_handler
                0x20025df8        0x4 C:/ST/STM32CubeIDE_1.16.0/STM32CubeIDE/plugins/com.st.stm32cube.ide.mcu.externaltools.gnu-tools-for-stm32.12.3.rel1.win32_1.0.200.202406191623/tools/bin/../lib/gcc/arm-none-eabi/12.3.1/../../../../arm-none-eabi/lib/thumb/v7e-m+fp/hard\libc_nano.a(libc_a-findfp.o)
                0x20025df8                __stdio_exit_handler
 .bss.errno     0x20025dfc        0x4 C:/ST/STM32CubeIDE_1.16.0/STM32CubeIDE/plugins/com.st.stm32cube.ide.mcu.externaltools.gnu-tools-for-stm32.12.3.rel1.win32_1.0.200.202406191623/tools/bin/../lib/gcc/arm-none-eabi/12.3.1/../../../../arm-none-eabi/lib/thumb/v7e-m+fp/hard\libc_nano.a(libc_a-reent.o)
                0x20025dfc                errno
 .bss.__lock___malloc_recursive_mutex
                0x20025e00        0x1 C:/ST/STM32CubeIDE_1.16.0/STM32CubeIDE/plugins/com.st.stm32cube.ide.mcu.externaltools.gnu-tools-for-stm32.12.3.rel1.win32_1.0.200.202406191623/tools/bin/../lib/gcc/arm-none-eabi/12.3.1/../../../../arm-none-eabi/lib/thumb/v7e-m+fp/hard\libc_nano.a(libc_a-lock.o)
                0x20025e00                __lock___malloc_recursive_mutex
 .bss.__lock___sfp_recursive_mutex
                0x20025e01        0x1 C:/ST/STM32CubeIDE_1.16.0/STM32CubeIDE/plugins/com.st.stm32cube.ide.mcu.externaltools.gnu-tools-for-stm32.12.3.rel1.win32_1.0.200.202406191623/tools/bin/../lib/gcc/arm-none-eabi/12.3.1/../../../../arm-none-eabi/lib/thumb/v7e-m+fp/hard\libc_nano.a(libc_a-lock.o)
                0x20025e01                __lock___sfp_recursive_mutex
 *fill*         0x20025e02        0x2 
 .bss.__malloc_sbrk_start
                0x20025e04        0x4 C:/ST/STM32CubeIDE_1.16.0/STM32CubeIDE/plugins/com.st.stm32cube.ide.mcu.externaltools.gnu-tools-for-stm32.12.3.rel1.win32_1.0.200.202406191623/tools/bin/../lib/gcc/arm-none-eabi/12.3.1/../../../../arm-none-eabi/lib/thumb/v7e-m+fp/hard\libc_nano.a(libc_a-mallocr.o)
                0x20025e04                __malloc_sbrk_start
 .bss.__malloc_free_list
                0x20025e08        0x4 C:/ST/STM32CubeIDE_1.16.0/STM32CubeIDE/plugins/com.st.stm32cube.ide.mcu.externaltools.gnu-tools-for-stm32.12.3.rel1.win32_1.0.200.202406191623/tools/bin/../lib/gcc/arm-none-eabi/12.3.1/../../../../arm-none-eabi/lib/thumb/v7e-m+fp/hard\libc_nano.a(libc_a-mallocr.o)
                0x20025e08                __malloc_free_list
 *(COMMON)
                0x20025e0c                        . = ALIGN (0x4)
                0x20025e0c                        _ebss = .
                0x20025e0c                        __bss_end__ = _ebss

._user_heap_stack
                0x20025e0c      0x604
                0x20025e10                        . = ALIGN (0x8)
 *fill*         0x20025e0c        0x4 
                [!provide]                        PROVIDE (end = .)
                0x20025e10                        PROVIDE (_end = .)
                0x20026010                        . = (. + _Min_Heap_Size)
 *fill*         0x20025e10      0x200 
                0x20026410                        . = (. + _Min_Stack_Size)
 *fill*         0x20026010      0x400 
                0x20026410                        . = ALIGN (0x8)

/DISCARD/
 libc.a(*)
 libm.a(*)
 libgcc.a(*)

.ARM.attributes
                0x00000000       0x30
 *(.ARM.attributes)
 .ARM.attributes
                0x00000000       0x22 C:/ST/STM32CubeIDE_1.16.0/STM32CubeIDE/plugins/com.st.stm32cube.ide.mcu.externaltools.gnu-tools-for-stm32.12.3.rel1.win32_1.0.200.202406191623/tools/bin/../lib/gcc/arm-none-eabi/12.3.1/thumb/v7e-m+fp/hard/crti.o
 .ARM.attributes
                0x00000022       0x34 C:/ST/STM32CubeIDE_1.16.0/STM32CubeIDE/plugins/com.st.stm32cube.ide.mcu.externaltools.gnu-tools-for-stm32.12.3.rel1.win32_1.0.200.202406191623/tools/bin/../lib/gcc/arm-none-eabi/12.3.1/thumb/v7e-m+fp/hard/crtbegin.o
 .ARM.attributes
                0x00000056       0x34 ./Core/Src/ApplicationCode.o
 .ARM.attributes
                0x0000008a       0x34 ./Core/Src/LCD_Driver.o
 .ARM.attributes
                0x000000be       0x34 ./Core/Src/fonts.o
 .ARM.attributes
                0x000000f2       0x34 ./Core/Src/ili9341.o
 .ARM.attributes
                0x00000126       0x34 ./Core/Src/main.o
 .ARM.attributes
                0x0000015a       0x34 ./Core/Src/stm32f4xx_hal_msp.o
 .ARM.attributes
                0x0000018e       0x34 ./Core/Src/stm32f4xx_it.o
 .ARM.attributes
                0x000001c2       0x34 ./Core/Src/stmpe811.o
 .ARM.attributes
                0x000001f6       0x34 ./Core/Src/syscalls.o
 .ARM.attributes
                0x0000022a       0x34 ./Core/Src/sysmem.o
 .ARM.attributes
                0x0000025e       0x34 ./Core/Src/system_stm32f4xx.o
 .ARM.attributes
                0x00000292       0x21 ./Core/Startup/startup_stm32f429zitx.o
 .ARM.attributes
                0x000002b3       0x34 ./Drivers/STM32F4xx_HAL_Driver/Src/stm32f4xx_hal.o
 .ARM.attributes
                0x000002e7       0x34 ./Drivers/STM32F4xx_HAL_Driver/Src/stm32f4xx_hal_cortex.o
 .ARM.attributes
                0x0000031b       0x34 ./Drivers/STM32F4xx_HAL_Driver/Src/stm32f4xx_hal_exti.o
 .ARM.attributes
                0x0000034f       0x34 ./Drivers/STM32F4xx_HAL_Driver/Src/stm32f4xx_hal_gpio.o
 .ARM.attributes
                0x00000383       0x34 ./Drivers/STM32F4xx_HAL_Driver/Src/stm32f4xx_hal_i2c.o
 .ARM.attributes
                0x000003b7       0x34 ./Drivers/STM32F4xx_HAL_Driver/Src/stm32f4xx_hal_i2c_ex.o
 .ARM.attributes
                0x000003eb       0x34 ./Drivers/STM32F4xx_HAL_Driver/Src/stm32f4xx_hal_ltdc.o
 .ARM.attributes
                0x0000041f       0x34 ./Drivers/STM32F4xx_HAL_Driver/Src/stm32f4xx_hal_rcc.o
 .ARM.attributes
                0x00000453       0x34 ./Drivers/STM32F4xx_HAL_Driver/Src/stm32f4xx_hal_rcc_ex.o
 .ARM.attributes
                0x00000487       0x34 ./Drivers/STM32F4xx_HAL_Driver/Src/stm32f4xx_hal_rng.o
 .ARM.attributes
                0x000004bb       0x34 ./Drivers/STM32F4xx_HAL_Driver/Src/stm32f4xx_hal_spi.o
 .ARM.attributes
                0x000004ef       0x34 ./Drivers/STM32F4xx_HAL_Driver/Src/stm32f4xx_hal_tim.o
 .ARM.attributes
                0x00000523       0x34 ./Drivers/STM32F4xx_HAL_Driver/Src/stm32f4xx_hal_tim_ex.o
 .ARM.attributes
                0x00000557       0x34 C:/ST/STM32CubeIDE_1.16.0/STM32CubeIDE/plugins/com.st.stm32cube.ide.mcu.externaltools.gnu-tools-for-stm32.12.3.rel1.win32_1.0.200.202406191623/tools/bin/../lib/gcc/arm-none-eabi/12.3.1/../../../../arm-none-eabi/lib/thumb/v7e-m+fp/hard\libc_nano.a(libc_a-findfp.o)
 .ARM.attributes
                0x0000058b       0x34 C:/ST/STM32CubeIDE_1.16.0/STM32CubeIDE/plugins/com.st.stm32cube.ide.mcu.externaltools.gnu-tools-for-stm32.12.3.rel1.win32_1.0.200.202406191623/tools/bin/../lib/gcc/arm-none-eabi/12.3.1/../../../../arm-none-eabi/lib/thumb/v7e-m+fp/hard\libc_nano.a(libc_a-fwalk.o)
 .ARM.attributes
                0x000005bf       0x34 C:/ST/STM32CubeIDE_1.16.0/STM32CubeIDE/plugins/com.st.stm32cube.ide.mcu.externaltools.gnu-tools-for-stm32.12.3.rel1.win32_1.0.200.202406191623/tools/bin/../lib/gcc/arm-none-eabi/12.3.1/../../../../arm-none-eabi/lib/thumb/v7e-m+fp/hard\libc_nano.a(libc_a-printf.o)
 .ARM.attributes
                0x000005f3       0x34 C:/ST/STM32CubeIDE_1.16.0/STM32CubeIDE/plugins/com.st.stm32cube.ide.mcu.externaltools.gnu-tools-for-stm32.12.3.rel1.win32_1.0.200.202406191623/tools/bin/../lib/gcc/arm-none-eabi/12.3.1/../../../../arm-none-eabi/lib/thumb/v7e-m+fp/hard\libc_nano.a(libc_a-puts.o)
 .ARM.attributes
                0x00000627       0x34 C:/ST/STM32CubeIDE_1.16.0/STM32CubeIDE/plugins/com.st.stm32cube.ide.mcu.externaltools.gnu-tools-for-stm32.12.3.rel1.win32_1.0.200.202406191623/tools/bin/../lib/gcc/arm-none-eabi/12.3.1/../../../../arm-none-eabi/lib/thumb/v7e-m+fp/hard\libc_nano.a(libc_a-stdio.o)
 .ARM.attributes
                0x0000065b       0x34 C:/ST/STM32CubeIDE_1.16.0/STM32CubeIDE/plugins/com.st.stm32cube.ide.mcu.externaltools.gnu-tools-for-stm32.12.3.rel1.win32_1.0.200.202406191623/tools/bin/../lib/gcc/arm-none-eabi/12.3.1/../../../../arm-none-eabi/lib/thumb/v7e-m+fp/hard\libc_nano.a(libc_a-wbuf.o)
 .ARM.attributes
                0x0000068f       0x34 C:/ST/STM32CubeIDE_1.16.0/STM32CubeIDE/plugins/com.st.stm32cube.ide.mcu.externaltools.gnu-tools-for-stm32.12.3.rel1.win32_1.0.200.202406191623/tools/bin/../lib/gcc/arm-none-eabi/12.3.1/../../../../arm-none-eabi/lib/thumb/v7e-m+fp/hard\libc_nano.a(libc_a-wsetup.o)
 .ARM.attributes
                0x000006c3       0x34 C:/ST/STM32CubeIDE_1.16.0/STM32CubeIDE/plugins/com.st.stm32cube.ide.mcu.externaltools.gnu-tools-for-stm32.12.3.rel1.win32_1.0.200.202406191623/tools/bin/../lib/gcc/arm-none-eabi/12.3.1/../../../../arm-none-eabi/lib/thumb/v7e-m+fp/hard\libc_nano.a(libc_a-memset.o)
 .ARM.attributes
                0x000006f7       0x34 C:/ST/STM32CubeIDE_1.16.0/STM32CubeIDE/plugins/com.st.stm32cube.ide.mcu.externaltools.gnu-tools-for-stm32.12.3.rel1.win32_1.0.200.202406191623/tools/bin/../lib/gcc/arm-none-eabi/12.3.1/../../../../arm-none-eabi/lib/thumb/v7e-m+fp/hard\libc_nano.a(libc_a-closer.o)
 .ARM.attributes
                0x0000072b       0x34 C:/ST/STM32CubeIDE_1.16.0/STM32CubeIDE/plugins/com.st.stm32cube.ide.mcu.externaltools.gnu-tools-for-stm32.12.3.rel1.win32_1.0.200.202406191623/tools/bin/../lib/gcc/arm-none-eabi/12.3.1/../../../../arm-none-eabi/lib/thumb/v7e-m+fp/hard\libc_nano.a(libc_a-reent.o)
 .ARM.attributes
                0x0000075f       0x34 C:/ST/STM32CubeIDE_1.16.0/STM32CubeIDE/plugins/com.st.stm32cube.ide.mcu.externaltools.gnu-tools-for-stm32.12.3.rel1.win32_1.0.200.202406191623/tools/bin/../lib/gcc/arm-none-eabi/12.3.1/../../../../arm-none-eabi/lib/thumb/v7e-m+fp/hard\libc_nano.a(libc_a-impure.o)
 .ARM.attributes
                0x00000793       0x34 C:/ST/STM32CubeIDE_1.16.0/STM32CubeIDE/plugins/com.st.stm32cube.ide.mcu.externaltools.gnu-tools-for-stm32.12.3.rel1.win32_1.0.200.202406191623/tools/bin/../lib/gcc/arm-none-eabi/12.3.1/../../../../arm-none-eabi/lib/thumb/v7e-m+fp/hard\libc_nano.a(libc_a-lseekr.o)
 .ARM.attributes
                0x000007c7       0x34 C:/ST/STM32CubeIDE_1.16.0/STM32CubeIDE/plugins/com.st.stm32cube.ide.mcu.externaltools.gnu-tools-for-stm32.12.3.rel1.win32_1.0.200.202406191623/tools/bin/../lib/gcc/arm-none-eabi/12.3.1/../../../../arm-none-eabi/lib/thumb/v7e-m+fp/hard\libc_nano.a(libc_a-readr.o)
 .ARM.attributes
                0x000007fb       0x34 C:/ST/STM32CubeIDE_1.16.0/STM32CubeIDE/plugins/com.st.stm32cube.ide.mcu.externaltools.gnu-tools-for-stm32.12.3.rel1.win32_1.0.200.202406191623/tools/bin/../lib/gcc/arm-none-eabi/12.3.1/../../../../arm-none-eabi/lib/thumb/v7e-m+fp/hard\libc_nano.a(libc_a-writer.o)
 .ARM.attributes
                0x0000082f       0x34 C:/ST/STM32CubeIDE_1.16.0/STM32CubeIDE/plugins/com.st.stm32cube.ide.mcu.externaltools.gnu-tools-for-stm32.12.3.rel1.win32_1.0.200.202406191623/tools/bin/../lib/gcc/arm-none-eabi/12.3.1/../../../../arm-none-eabi/lib/thumb/v7e-m+fp/hard\libc_nano.a(libc_a-errno.o)
 .ARM.attributes
                0x00000863       0x34 C:/ST/STM32CubeIDE_1.16.0/STM32CubeIDE/plugins/com.st.stm32cube.ide.mcu.externaltools.gnu-tools-for-stm32.12.3.rel1.win32_1.0.200.202406191623/tools/bin/../lib/gcc/arm-none-eabi/12.3.1/../../../../arm-none-eabi/lib/thumb/v7e-m+fp/hard\libc_nano.a(libc_a-init.o)
 .ARM.attributes
                0x00000897       0x34 C:/ST/STM32CubeIDE_1.16.0/STM32CubeIDE/plugins/com.st.stm32cube.ide.mcu.externaltools.gnu-tools-for-stm32.12.3.rel1.win32_1.0.200.202406191623/tools/bin/../lib/gcc/arm-none-eabi/12.3.1/../../../../arm-none-eabi/lib/thumb/v7e-m+fp/hard\libc_nano.a(libc_a-lock.o)
 .ARM.attributes
                0x000008cb       0x34 C:/ST/STM32CubeIDE_1.16.0/STM32CubeIDE/plugins/com.st.stm32cube.ide.mcu.externaltools.gnu-tools-for-stm32.12.3.rel1.win32_1.0.200.202406191623/tools/bin/../lib/gcc/arm-none-eabi/12.3.1/../../../../arm-none-eabi/lib/thumb/v7e-m+fp/hard\libc_nano.a(libc_a-freer.o)
 .ARM.attributes
                0x000008ff       0x34 C:/ST/STM32CubeIDE_1.16.0/STM32CubeIDE/plugins/com.st.stm32cube.ide.mcu.externaltools.gnu-tools-for-stm32.12.3.rel1.win32_1.0.200.202406191623/tools/bin/../lib/gcc/arm-none-eabi/12.3.1/../../../../arm-none-eabi/lib/thumb/v7e-m+fp/hard\libc_nano.a(libc_a-mallocr.o)
 .ARM.attributes
                0x00000933       0x34 C:/ST/STM32CubeIDE_1.16.0/STM32CubeIDE/plugins/com.st.stm32cube.ide.mcu.externaltools.gnu-tools-for-stm32.12.3.rel1.win32_1.0.200.202406191623/tools/bin/../lib/gcc/arm-none-eabi/12.3.1/../../../../arm-none-eabi/lib/thumb/v7e-m+fp/hard\libc_nano.a(libc_a-mlock.o)
 .ARM.attributes
                0x00000967       0x34 C:/ST/STM32CubeIDE_1.16.0/STM32CubeIDE/plugins/com.st.stm32cube.ide.mcu.externaltools.gnu-tools-for-stm32.12.3.rel1.win32_1.0.200.202406191623/tools/bin/../lib/gcc/arm-none-eabi/12.3.1/../../../../arm-none-eabi/lib/thumb/v7e-m+fp/hard\libc_nano.a(libc_a-nano-vfprintf.o)
 .ARM.attributes
                0x0000099b       0x34 C:/ST/STM32CubeIDE_1.16.0/STM32CubeIDE/plugins/com.st.stm32cube.ide.mcu.externaltools.gnu-tools-for-stm32.12.3.rel1.win32_1.0.200.202406191623/tools/bin/../lib/gcc/arm-none-eabi/12.3.1/../../../../arm-none-eabi/lib/thumb/v7e-m+fp/hard\libc_nano.a(libc_a-nano-vfprintf_i.o)
 .ARM.attributes
                0x000009cf       0x34 C:/ST/STM32CubeIDE_1.16.0/STM32CubeIDE/plugins/com.st.stm32cube.ide.mcu.externaltools.gnu-tools-for-stm32.12.3.rel1.win32_1.0.200.202406191623/tools/bin/../lib/gcc/arm-none-eabi/12.3.1/../../../../arm-none-eabi/lib/thumb/v7e-m+fp/hard\libc_nano.a(libc_a-fflush.o)
 .ARM.attributes
                0x00000a03       0x34 C:/ST/STM32CubeIDE_1.16.0/STM32CubeIDE/plugins/com.st.stm32cube.ide.mcu.externaltools.gnu-tools-for-stm32.12.3.rel1.win32_1.0.200.202406191623/tools/bin/../lib/gcc/arm-none-eabi/12.3.1/../../../../arm-none-eabi/lib/thumb/v7e-m+fp/hard\libc_nano.a(libc_a-makebuf.o)
 .ARM.attributes
                0x00000a37       0x34 C:/ST/STM32CubeIDE_1.16.0/STM32CubeIDE/plugins/com.st.stm32cube.ide.mcu.externaltools.gnu-tools-for-stm32.12.3.rel1.win32_1.0.200.202406191623/tools/bin/../lib/gcc/arm-none-eabi/12.3.1/../../../../arm-none-eabi/lib/thumb/v7e-m+fp/hard\libc_nano.a(libc_a-fstatr.o)
 .ARM.attributes
                0x00000a6b       0x34 C:/ST/STM32CubeIDE_1.16.0/STM32CubeIDE/plugins/com.st.stm32cube.ide.mcu.externaltools.gnu-tools-for-stm32.12.3.rel1.win32_1.0.200.202406191623/tools/bin/../lib/gcc/arm-none-eabi/12.3.1/../../../../arm-none-eabi/lib/thumb/v7e-m+fp/hard\libc_nano.a(libc_a-isattyr.o)
 .ARM.attributes
                0x00000a9f       0x34 C:/ST/STM32CubeIDE_1.16.0/STM32CubeIDE/plugins/com.st.stm32cube.ide.mcu.externaltools.gnu-tools-for-stm32.12.3.rel1.win32_1.0.200.202406191623/tools/bin/../lib/gcc/arm-none-eabi/12.3.1/../../../../arm-none-eabi/lib/thumb/v7e-m+fp/hard\libc_nano.a(libc_a-sbrkr.o)
 .ARM.attributes
                0x00000ad3       0x1c C:/ST/STM32CubeIDE_1.16.0/STM32CubeIDE/plugins/com.st.stm32cube.ide.mcu.externaltools.gnu-tools-for-stm32.12.3.rel1.win32_1.0.200.202406191623/tools/bin/../lib/gcc/arm-none-eabi/12.3.1/../../../../arm-none-eabi/lib/thumb/v7e-m+fp/hard\libc_nano.a(libc_a-memchr.o)
 .ARM.attributes
                0x00000aef       0x22 C:/ST/STM32CubeIDE_1.16.0/STM32CubeIDE/plugins/com.st.stm32cube.ide.mcu.externaltools.gnu-tools-for-stm32.12.3.rel1.win32_1.0.200.202406191623/tools/bin/../lib/gcc/arm-none-eabi/12.3.1/thumb/v7e-m+fp/hard\libgcc.a(_aeabi_uldivmod.o)
 .ARM.attributes
                0x00000b11       0x34 C:/ST/STM32CubeIDE_1.16.0/STM32CubeIDE/plugins/com.st.stm32cube.ide.mcu.externaltools.gnu-tools-for-stm32.12.3.rel1.win32_1.0.200.202406191623/tools/bin/../lib/gcc/arm-none-eabi/12.3.1/thumb/v7e-m+fp/hard\libgcc.a(_udivmoddi4.o)
 .ARM.attributes
                0x00000b45       0x22 C:/ST/STM32CubeIDE_1.16.0/STM32CubeIDE/plugins/com.st.stm32cube.ide.mcu.externaltools.gnu-tools-for-stm32.12.3.rel1.win32_1.0.200.202406191623/tools/bin/../lib/gcc/arm-none-eabi/12.3.1/thumb/v7e-m+fp/hard\libgcc.a(_dvmd_tls.o)
 .ARM.attributes
                0x00000b67       0x22 C:/ST/STM32CubeIDE_1.16.0/STM32CubeIDE/plugins/com.st.stm32cube.ide.mcu.externaltools.gnu-tools-for-stm32.12.3.rel1.win32_1.0.200.202406191623/tools/bin/../lib/gcc/arm-none-eabi/12.3.1/thumb/v7e-m+fp/hard/crtn.o
OUTPUT(Finalv2.elf elf32-littlearm)
LOAD linker stubs
LOAD C:/ST/STM32CubeIDE_1.16.0/STM32CubeIDE/plugins/com.st.stm32cube.ide.mcu.externaltools.gnu-tools-for-stm32.12.3.rel1.win32_1.0.200.202406191623/tools/bin/../lib/gcc/arm-none-eabi/12.3.1/../../../../arm-none-eabi/lib/thumb/v7e-m+fp/hard\libc.a
LOAD C:/ST/STM32CubeIDE_1.16.0/STM32CubeIDE/plugins/com.st.stm32cube.ide.mcu.externaltools.gnu-tools-for-stm32.12.3.rel1.win32_1.0.200.202406191623/tools/bin/../lib/gcc/arm-none-eabi/12.3.1/../../../../arm-none-eabi/lib/thumb/v7e-m+fp/hard\libm.a
LOAD C:/ST/STM32CubeIDE_1.16.0/STM32CubeIDE/plugins/com.st.stm32cube.ide.mcu.externaltools.gnu-tools-for-stm32.12.3.rel1.win32_1.0.200.202406191623/tools/bin/../lib/gcc/arm-none-eabi/12.3.1/thumb/v7e-m+fp/hard\libgcc.a

.debug_info     0x00000000    0x145fc
 .debug_info    0x00000000      0xd96 ./Core/Src/ApplicationCode.o
 .debug_info    0x00000d96     0x1099 ./Core/Src/LCD_Driver.o
 .debug_info    0x00001e2f      0x145 ./Core/Src/fonts.o
 .debug_info    0x00001f74      0xc85 ./Core/Src/ili9341.o
 .debug_info    0x00002bf9     0x1a75 ./Core/Src/main.o
 .debug_info    0x0000466e     0x189d ./Core/Src/stm32f4xx_hal_msp.o
 .debug_info    0x00005f0b      0x1f6 ./Core/Src/stm32f4xx_it.o
 .debug_info    0x00006101     0x124f ./Core/Src/stmpe811.o
 .debug_info    0x00007350      0x6a3 ./Core/Src/syscalls.o
 .debug_info    0x000079f3      0x168 ./Core/Src/sysmem.o
 .debug_info    0x00007b5b      0x52e ./Core/Src/system_stm32f4xx.o
 .debug_info    0x00008089       0x30 ./Core/Startup/startup_stm32f429zitx.o
 .debug_info    0x000080b9      0x9ba ./Drivers/STM32F4xx_HAL_Driver/Src/stm32f4xx_hal.o
 .debug_info    0x00008a73      0xdc2 ./Drivers/STM32F4xx_HAL_Driver/Src/stm32f4xx_hal_cortex.o
 .debug_info    0x00009835      0x4f4 ./Drivers/STM32F4xx_HAL_Driver/Src/stm32f4xx_hal_exti.o
 .debug_info    0x00009d29      0x6db ./Drivers/STM32F4xx_HAL_Driver/Src/stm32f4xx_hal_gpio.o
 .debug_info    0x0000a404     0x2421 ./Drivers/STM32F4xx_HAL_Driver/Src/stm32f4xx_hal_i2c.o
 .debug_info    0x0000c825      0x672 ./Drivers/STM32F4xx_HAL_Driver/Src/stm32f4xx_hal_i2c_ex.o
 .debug_info    0x0000ce97     0x1022 ./Drivers/STM32F4xx_HAL_Driver/Src/stm32f4xx_hal_ltdc.o
 .debug_info    0x0000deb9      0x8c7 ./Drivers/STM32F4xx_HAL_Driver/Src/stm32f4xx_hal_rcc.o
 .debug_info    0x0000e780      0x64c ./Drivers/STM32F4xx_HAL_Driver/Src/stm32f4xx_hal_rcc_ex.o
 .debug_info    0x0000edcc      0x493 ./Drivers/STM32F4xx_HAL_Driver/Src/stm32f4xx_hal_rng.o
 .debug_info    0x0000f25f     0x1525 ./Drivers/STM32F4xx_HAL_Driver/Src/stm32f4xx_hal_spi.o
 .debug_info    0x00010784     0x299d ./Drivers/STM32F4xx_HAL_Driver/Src/stm32f4xx_hal_tim.o
 .debug_info    0x00013121     0x14db ./Drivers/STM32F4xx_HAL_Driver/Src/stm32f4xx_hal_tim_ex.o

.debug_abbrev   0x00000000     0x32dc
 .debug_abbrev  0x00000000      0x27d ./Core/Src/ApplicationCode.o
 .debug_abbrev  0x0000027d      0x342 ./Core/Src/LCD_Driver.o
 .debug_abbrev  0x000005bf       0xc6 ./Core/Src/fonts.o
 .debug_abbrev  0x00000685      0x2c9 ./Core/Src/ili9341.o
 .debug_abbrev  0x0000094e      0x338 ./Core/Src/main.o
 .debug_abbrev  0x00000c86      0x25b ./Core/Src/stm32f4xx_hal_msp.o
 .debug_abbrev  0x00000ee1       0xa6 ./Core/Src/stm32f4xx_it.o
 .debug_abbrev  0x00000f87      0x303 ./Core/Src/stmpe811.o
 .debug_abbrev  0x0000128a      0x1b6 ./Core/Src/syscalls.o
 .debug_abbrev  0x00001440       0xbc ./Core/Src/sysmem.o
 .debug_abbrev  0x000014fc      0x11a ./Core/Src/system_stm32f4xx.o
 .debug_abbrev  0x00001616       0x24 ./Core/Startup/startup_stm32f429zitx.o
 .debug_abbrev  0x0000163a      0x214 ./Drivers/STM32F4xx_HAL_Driver/Src/stm32f4xx_hal.o
 .debug_abbrev  0x0000184e      0x31d ./Drivers/STM32F4xx_HAL_Driver/Src/stm32f4xx_hal_cortex.o
 .debug_abbrev  0x00001b6b      0x1c6 ./Drivers/STM32F4xx_HAL_Driver/Src/stm32f4xx_hal_exti.o
 .debug_abbrev  0x00001d31      0x1d4 ./Drivers/STM32F4xx_HAL_Driver/Src/stm32f4xx_hal_gpio.o
 .debug_abbrev  0x00001f05      0x2ad ./Drivers/STM32F4xx_HAL_Driver/Src/stm32f4xx_hal_i2c.o
 .debug_abbrev  0x000021b2      0x157 ./Drivers/STM32F4xx_HAL_Driver/Src/stm32f4xx_hal_i2c_ex.o
 .debug_abbrev  0x00002309      0x233 ./Drivers/STM32F4xx_HAL_Driver/Src/stm32f4xx_hal_ltdc.o
 .debug_abbrev  0x0000253c      0x2b7 ./Drivers/STM32F4xx_HAL_Driver/Src/stm32f4xx_hal_rcc.o
 .debug_abbrev  0x000027f3      0x1b0 ./Drivers/STM32F4xx_HAL_Driver/Src/stm32f4xx_hal_rcc_ex.o
 .debug_abbrev  0x000029a3      0x1c4 ./Drivers/STM32F4xx_HAL_Driver/Src/stm32f4xx_hal_rng.o
 .debug_abbrev  0x00002b67      0x27a ./Drivers/STM32F4xx_HAL_Driver/Src/stm32f4xx_hal_spi.o
 .debug_abbrev  0x00002de1      0x278 ./Drivers/STM32F4xx_HAL_Driver/Src/stm32f4xx_hal_tim.o
 .debug_abbrev  0x00003059      0x283 ./Drivers/STM32F4xx_HAL_Driver/Src/stm32f4xx_hal_tim_ex.o

.debug_aranges  0x00000000     0x1450
 .debug_aranges
                0x00000000       0x70 ./Core/Src/ApplicationCode.o
 .debug_aranges
                0x00000070       0xc0 ./Core/Src/LCD_Driver.o
 .debug_aranges
                0x00000130       0x18 ./Core/Src/fonts.o
 .debug_aranges
                0x00000148       0x98 ./Core/Src/ili9341.o
 .debug_aranges
                0x000001e0       0x70 ./Core/Src/main.o
 .debug_aranges
                0x00000250       0x70 ./Core/Src/stm32f4xx_hal_msp.o
 .debug_aranges
                0x000002c0       0x60 ./Core/Src/stm32f4xx_it.o
 .debug_aranges
                0x00000320       0x98 ./Core/Src/stmpe811.o
 .debug_aranges
                0x000003b8       0xa8 ./Core/Src/syscalls.o
 .debug_aranges
                0x00000460       0x20 ./Core/Src/sysmem.o
 .debug_aranges
                0x00000480       0x28 ./Core/Src/system_stm32f4xx.o
 .debug_aranges
                0x000004a8       0x28 ./Core/Startup/startup_stm32f429zitx.o
 .debug_aranges
                0x000004d0      0x100 ./Drivers/STM32F4xx_HAL_Driver/Src/stm32f4xx_hal.o
 .debug_aranges
                0x000005d0      0x130 ./Drivers/STM32F4xx_HAL_Driver/Src/stm32f4xx_hal_cortex.o
 .debug_aranges
                0x00000700       0x60 ./Drivers/STM32F4xx_HAL_Driver/Src/stm32f4xx_hal_exti.o
 .debug_aranges
                0x00000760       0x58 ./Drivers/STM32F4xx_HAL_Driver/Src/stm32f4xx_hal_gpio.o
 .debug_aranges
                0x000007b8      0x2a8 ./Drivers/STM32F4xx_HAL_Driver/Src/stm32f4xx_hal_i2c.o
 .debug_aranges
                0x00000a60       0x28 ./Drivers/STM32F4xx_HAL_Driver/Src/stm32f4xx_hal_i2c_ex.o
 .debug_aranges
                0x00000a88      0x158 ./Drivers/STM32F4xx_HAL_Driver/Src/stm32f4xx_hal_ltdc.o
 .debug_aranges
                0x00000be0       0x88 ./Drivers/STM32F4xx_HAL_Driver/Src/stm32f4xx_hal_rcc.o
 .debug_aranges
                0x00000c68       0x58 ./Drivers/STM32F4xx_HAL_Driver/Src/stm32f4xx_hal_rcc_ex.o
 .debug_aranges
                0x00000cc0       0x88 ./Drivers/STM32F4xx_HAL_Driver/Src/stm32f4xx_hal_rng.o
 .debug_aranges
                0x00000d48      0x1d0 ./Drivers/STM32F4xx_HAL_Driver/Src/stm32f4xx_hal_spi.o
 .debug_aranges
                0x00000f18      0x3d0 ./Drivers/STM32F4xx_HAL_Driver/Src/stm32f4xx_hal_tim.o
 .debug_aranges
                0x000012e8      0x168 ./Drivers/STM32F4xx_HAL_Driver/Src/stm32f4xx_hal_tim_ex.o

.debug_rnglists
                0x00000000      0xfa9
 .debug_rnglists
                0x00000000       0x52 ./Core/Src/ApplicationCode.o
 .debug_rnglists
                0x00000052       0x92 ./Core/Src/LCD_Driver.o
 .debug_rnglists
                0x000000e4       0x6f ./Core/Src/ili9341.o
 .debug_rnglists
                0x00000153       0x55 ./Core/Src/main.o
 .debug_rnglists
                0x000001a8       0x53 ./Core/Src/stm32f4xx_hal_msp.o
 .debug_rnglists
                0x000001fb       0x43 ./Core/Src/stm32f4xx_it.o
 .debug_rnglists
                0x0000023e       0x73 ./Core/Src/stmpe811.o
 .debug_rnglists
                0x000002b1       0x79 ./Core/Src/syscalls.o
 .debug_rnglists
                0x0000032a       0x13 ./Core/Src/sysmem.o
 .debug_rnglists
                0x0000033d       0x1a ./Core/Src/system_stm32f4xx.o
 .debug_rnglists
                0x00000357       0x19 ./Core/Startup/startup_stm32f429zitx.o
 .debug_rnglists
                0x00000370       0xbb ./Drivers/STM32F4xx_HAL_Driver/Src/stm32f4xx_hal.o
 .debug_rnglists
                0x0000042b       0xe0 ./Drivers/STM32F4xx_HAL_Driver/Src/stm32f4xx_hal_cortex.o
 .debug_rnglists
                0x0000050b       0x46 ./Drivers/STM32F4xx_HAL_Driver/Src/stm32f4xx_hal_exti.o
 .debug_rnglists
                0x00000551       0x3f ./Drivers/STM32F4xx_HAL_Driver/Src/stm32f4xx_hal_gpio.o
 .debug_rnglists
                0x00000590      0x23c ./Drivers/STM32F4xx_HAL_Driver/Src/stm32f4xx_hal_i2c.o
 .debug_rnglists
                0x000007cc       0x19 ./Drivers/STM32F4xx_HAL_Driver/Src/stm32f4xx_hal_i2c_ex.o
 .debug_rnglists
                0x000007e5      0x10a ./Drivers/STM32F4xx_HAL_Driver/Src/stm32f4xx_hal_ltdc.o
 .debug_rnglists
                0x000008ef       0x66 ./Drivers/STM32F4xx_HAL_Driver/Src/stm32f4xx_hal_rcc.o
 .debug_rnglists
                0x00000955       0x43 ./Drivers/STM32F4xx_HAL_Driver/Src/stm32f4xx_hal_rcc_ex.o
 .debug_rnglists
                0x00000998       0x63 ./Drivers/STM32F4xx_HAL_Driver/Src/stm32f4xx_hal_rng.o
 .debug_rnglists
                0x000009fb      0x16f ./Drivers/STM32F4xx_HAL_Driver/Src/stm32f4xx_hal_spi.o
 .debug_rnglists
                0x00000b6a      0x31a ./Drivers/STM32F4xx_HAL_Driver/Src/stm32f4xx_hal_tim.o
 .debug_rnglists
                0x00000e84      0x125 ./Drivers/STM32F4xx_HAL_Driver/Src/stm32f4xx_hal_tim_ex.o

.debug_macro    0x00000000    0x27062
 .debug_macro   0x00000000      0x32d ./Core/Src/ApplicationCode.o
 .debug_macro   0x0000032d      0xab4 ./Core/Src/ApplicationCode.o
 .debug_macro   0x00000de1      0x2ad ./Core/Src/ApplicationCode.o
 .debug_macro   0x0000108e       0x2e ./Core/Src/ApplicationCode.o
 .debug_macro   0x000010bc       0x28 ./Core/Src/ApplicationCode.o
 .debug_macro   0x000010e4       0x22 ./Core/Src/ApplicationCode.o
 .debug_macro   0x00001106       0x8e ./Core/Src/ApplicationCode.o
 .debug_macro   0x00001194       0x51 ./Core/Src/ApplicationCode.o
 .debug_macro   0x000011e5      0x103 ./Core/Src/ApplicationCode.o
 .debug_macro   0x000012e8       0x6a ./Core/Src/ApplicationCode.o
 .debug_macro   0x00001352      0x1df ./Core/Src/ApplicationCode.o
 .debug_macro   0x00001531       0x1c ./Core/Src/ApplicationCode.o
 .debug_macro   0x0000154d       0x22 ./Core/Src/ApplicationCode.o
 .debug_macro   0x0000156f       0xfb ./Core/Src/ApplicationCode.o
 .debug_macro   0x0000166a     0x1011 ./Core/Src/ApplicationCode.o
 .debug_macro   0x0000267b      0x11f ./Core/Src/ApplicationCode.o
 .debug_macro   0x0000279a    0x17fd8 ./Core/Src/ApplicationCode.o
 .debug_macro   0x0001a772       0x6d ./Core/Src/ApplicationCode.o
 .debug_macro   0x0001a7df     0x3711 ./Core/Src/ApplicationCode.o
 .debug_macro   0x0001def0      0x189 ./Core/Src/ApplicationCode.o
 .debug_macro   0x0001e079       0x5c ./Core/Src/ApplicationCode.o
 .debug_macro   0x0001e0d5      0xcba ./Core/Src/ApplicationCode.o
 .debug_macro   0x0001ed8f      0x9e9 ./Core/Src/ApplicationCode.o
 .debug_macro   0x0001f778      0x115 ./Core/Src/ApplicationCode.o
 .debug_macro   0x0001f88d      0x156 ./Core/Src/ApplicationCode.o
 .debug_macro   0x0001f9e3       0xa5 ./Core/Src/ApplicationCode.o
 .debug_macro   0x0001fa88      0x182 ./Core/Src/ApplicationCode.o
 .debug_macro   0x0001fc0a      0x287 ./Core/Src/ApplicationCode.o
 .debug_macro   0x0001fe91       0x5f ./Core/Src/ApplicationCode.o
 .debug_macro   0x0001fef0      0x236 ./Core/Src/ApplicationCode.o
 .debug_macro   0x00020126      0x132 ./Core/Src/ApplicationCode.o
 .debug_macro   0x00020258      0x41d ./Core/Src/ApplicationCode.o
 .debug_macro   0x00020675       0x2e ./Core/Src/ApplicationCode.o
 .debug_macro   0x000206a3      0x1b5 ./Core/Src/ApplicationCode.o
 .debug_macro   0x00020858       0x22 ./Core/Src/ApplicationCode.o
 .debug_macro   0x0002087a       0xd6 ./Core/Src/ApplicationCode.o
 .debug_macro   0x00020950      0x198 ./Core/Src/ApplicationCode.o
 .debug_macro   0x00020ae8       0xd6 ./Core/Src/ApplicationCode.o
 .debug_macro   0x00020bbe      0x127 ./Core/Src/ApplicationCode.o
 .debug_macro   0x00020ce5       0xe2 ./Core/Src/ApplicationCode.o
 .debug_macro   0x00020dc7       0x89 ./Core/Src/ApplicationCode.o
 .debug_macro   0x00020e50       0xa4 ./Core/Src/ApplicationCode.o
 .debug_macro   0x00020ef4      0x225 ./Core/Src/ApplicationCode.o
 .debug_macro   0x00021119      0x8ed ./Core/Src/ApplicationCode.o
 .debug_macro   0x00021a06       0x4d ./Core/Src/ApplicationCode.o
 .debug_macro   0x00021a53      0x134 ./Core/Src/ApplicationCode.o
 .debug_macro   0x00021b87      0x332 ./Core/Src/ApplicationCode.o
 .debug_macro   0x00021eb9       0x22 ./Core/Src/ApplicationCode.o
 .debug_macro   0x00021edb      0x179 ./Core/Src/ApplicationCode.o
 .debug_macro   0x00022054       0x8e ./Core/Src/ApplicationCode.o
 .debug_macro   0x000220e2       0x61 ./Core/Src/ApplicationCode.o
 .debug_macro   0x00022143       0x2a ./Core/Src/ApplicationCode.o
 .debug_macro   0x0002216d       0x43 ./Core/Src/ApplicationCode.o
 .debug_macro   0x000221b0       0x34 ./Core/Src/ApplicationCode.o
 .debug_macro   0x000221e4       0x16 ./Core/Src/ApplicationCode.o
 .debug_macro   0x000221fa       0x35 ./Core/Src/ApplicationCode.o
 .debug_macro   0x0002222f      0x369 ./Core/Src/ApplicationCode.o
 .debug_macro   0x00022598       0x10 ./Core/Src/ApplicationCode.o
 .debug_macro   0x000225a8       0x16 ./Core/Src/ApplicationCode.o
 .debug_macro   0x000225be       0x43 ./Core/Src/ApplicationCode.o
 .debug_macro   0x00022601       0x34 ./Core/Src/ApplicationCode.o
 .debug_macro   0x00022635       0x10 ./Core/Src/ApplicationCode.o
 .debug_macro   0x00022645       0x58 ./Core/Src/ApplicationCode.o
 .debug_macro   0x0002269d       0x8e ./Core/Src/ApplicationCode.o
 .debug_macro   0x0002272b       0x1c ./Core/Src/ApplicationCode.o
 .debug_macro   0x00022747      0x177 ./Core/Src/ApplicationCode.o
 .debug_macro   0x000228be       0x16 ./Core/Src/ApplicationCode.o
 .debug_macro   0x000228d4       0x16 ./Core/Src/ApplicationCode.o
 .debug_macro   0x000228ea      0x146 ./Core/Src/ApplicationCode.o
 .debug_macro   0x00022a30       0x10 ./Core/Src/ApplicationCode.o
 .debug_macro   0x00022a40      0x245 ./Core/Src/LCD_Driver.o