../Core/Src/ApplicationCode.c:23:6:ApplicationInit	8	static
../Core/Src/ApplicationCode.c:44:6:LCD_Visual_Demo	8	static
../Core/Src/ApplicationCode.c:49:6:gameGrid_reset	16	static
../Core/Src/ApplicationCode.c:57:6:check_grid_empty	16	static
../Core/Src/ApplicationCode.c:67:6:homescreen	8	static
../Core/Src/ApplicationCode.c:105:6:endscreen	8	static
../Core/Src/ApplicationCode.c:127:6:random_block	24	static
../Core/Src/ApplicationCode.c:152:6:hide_numbers	16	static
../Core/Src/ApplicationCode.c:159:6:generate_block	24	static
../Core/Src/ApplicationCode.c:178:6:remove_block	16	static
../Core/Src/ApplicationCode.c:185:6:LCD_Touch_Polling_Demo	8	static
../Core/Src/ApplicationCode.c:206:6:LCDTouchScreenInterruptGPIOInit	32	static
../Core/Src/ApplicationCode.c:227:6:makeLevel	40	static
../Core/Src/ApplicationCode.c:245:6:EXTI15_10_IRQHandler	16	static
