../Core/Src/ApplicationCode.c:23:6:ApplicationInit	8	static
../Core/Src/ApplicationCode.c:44:6:LCD_Visual_Demo	8	static
../Core/Src/ApplicationCode.c:49:6:gameGrid_reset	16	static
../Core/Src/ApplicationCode.c:57:6:check_grid_empty	16	static
../Core/Src/ApplicationCode.c:67:6:homescreen	8	static
../Core/Src/ApplicationCode.c:105:6:endscreen	8	static
../Core/Src/ApplicationCode.c:138:6:random_block	24	static
../Core/Src/ApplicationCode.c:163:6:hide_numbers	16	static
../Core/Src/ApplicationCode.c:170:6:generate_block	24	static
../Core/Src/ApplicationCode.c:189:6:remove_block	16	static
../Core/Src/ApplicationCode.c:196:6:LCD_Touch_Polling_Demo	8	static
../Core/Src/ApplicationCode.c:213:6:printTime	24	static
../Core/Src/ApplicationCode.c:229:6:LCDTouchScreenInterruptGPIOInit	32	static
../Core/Src/ApplicationCode.c:250:6:makeLevel	40	static
../Core/Src/ApplicationCode.c:272:6:EXTI15_10_IRQHandler	16	static
../Core/Src/ApplicationCode.c:369:6:TIM7_IRQHandler	4	static
