../Core/Src/LCD_Driver.c:33:6:LCD_GPIO_Init	56	static
../Core/Src/LCD_Driver.c:116:6:LTCD_Layer_Init	72	static
../Core/Src/LCD_Driver.c:143:6:clearScreen	8	static
../Core/Src/LCD_Driver.c:148:6:LTCD__Init	8	static
../Core/Src/LCD_Driver.c:207:6:LCD_Draw_Pixel	16	static
../Core/Src/LCD_Driver.c:217:6:LCD_Draw_Circle_Fill	32	static
../Core/Src/LCD_Driver.c:231:6:LCD_Draw_Square_Fill	32	static
../Core/Src/LCD_Driver.c:241:6:LCD_Draw_Vertical_Line	32	static
../Core/Src/LCD_Driver.c:249:6:LCD_Clear	24	static
../Core/Src/LCD_Driver.c:260:6:LCD_SetTextColor	16	static
../Core/Src/LCD_Driver.c:266:6:LCD_SetFont	16	static
../Core/Src/LCD_Driver.c:272:6:LCD_Draw_Char	24	static
../Core/Src/LCD_Driver.c:292:6:LCD_DisplayChar	16	static
../Core/Src/LCD_Driver.c:298:6:visualDemo	16	static
../Core/Src/LCD_Driver.c:348:6:LCD_Error_Handler	4	static,ignoring_inline_asm
