../Core/Src/LCD_Driver.c:33:6:LCD_GPIO_Init	56	static
../Core/Src/LCD_Driver.c:116:6:LTCD_Layer_Init	72	static
../Core/Src/LCD_Driver.c:143:6:clearScreen	8	static
../Core/Src/LCD_Driver.c:148:6:LCD_Draw_Square_Fill	32	static
../Core/Src/LCD_Driver.c:159:6:LTCD__Init	8	static
../Core/Src/LCD_Driver.c:218:6:LCD_Draw_Pixel	16	static
../Core/Src/LCD_Driver.c:228:6:LCD_Draw_Circle_Fill	32	static
../Core/Src/LCD_Driver.c:242:6:LCD_Draw_Vertical_Line	32	static
../Core/Src/LCD_Driver.c:250:6:LCD_Clear	24	static
../Core/Src/LCD_Driver.c:261:6:LCD_SetTextColor	16	static
../Core/Src/LCD_Driver.c:267:6:LCD_SetFont	16	static
../Core/Src/LCD_Driver.c:273:6:LCD_Draw_Char	24	static
../Core/Src/LCD_Driver.c:292:6:LCD_DrawMonkey	24	static
../Core/Src/LCD_Driver.c:317:6:LCD_DisplayChar	16	static
../Core/Src/LCD_Driver.c:323:6:visualDemo	16	static
../Core/Src/LCD_Driver.c:373:6:LCD_Error_Handler	4	static,ignoring_inline_asm
../Core/Src/LCD_Driver.c:388:6:InitializeLCDTouch	8	static
../Core/Src/LCD_Driver.c:396:18:returnTouchStateAndLocation	16	static
../Core/Src/LCD_Driver.c:401:6:DetermineTouchPosition	16	static
../Core/Src/LCD_Driver.c:406:9:ReadRegisterFromTouchModule	16	static
../Core/Src/LCD_Driver.c:411:6:WriteDataToTouchModule	16	static
