../Core/Src/main.c:80:5:main	24	static
../Core/Src/main.c:144:6:SystemClock_Config	88	static
../Core/Src/main.c:191:13:MX_I2C3_Init	8	static
../Core/Src/main.c:239:13:MX_LTDC_Init	112	static
../Core/Src/main.c:321:13:MX_RNG_Init	8	static
../Core/Src/main.c:347:13:MX_SPI5_Init	8	static
../Core/Src/main.c:380:6:SystemClockOverride	80	static
../Core/Src/main.c:414:13:MX_TIM6_Init	16	static
../Core/Src/main.c:452:13:MX_TIM7_Init	16	static
../Core/Src/main.c:490:13:MX_GPIO_Init	64	static
../Core/Src/main.c:664:6:Error_Handler	4	static,ignoring_inline_asm
