../Core/Src/main.c:80:5:main	16	static
../Core/Src/main.c:155:6:SystemClock_Config	88	static
../Core/Src/main.c:202:13:MX_I2C3_Init	8	static
../Core/Src/main.c:250:13:MX_LTDC_Init	112	static
../Core/Src/main.c:332:13:MX_RNG_Init	8	static
../Core/Src/main.c:358:13:MX_SPI5_Init	8	static
../Core/Src/main.c:391:6:SystemClockOverride	80	static
../Core/Src/main.c:425:13:MX_TIM6_Init	16	static
../Core/Src/main.c:463:13:MX_TIM7_Init	16	static
../Core/Src/main.c:507:13:MX_GPIO_Init	64	static
../Core/Src/main.c:681:6:Error_Handler	4	static,ignoring_inline_asm
